******************************************************************************
                  TI ARM Linker PC v16.9.4                     
******************************************************************************
>> Linked Wed Nov 08 12:40:32 2017

OUTPUT FILE NAME:   <PWMRhem.out>
ENTRY POINT SYMBOL: "_c_int00"  address: 00004569


MEMORY CONFIGURATION

         name            origin    length      used     unused   attr    fill
----------------------  --------  ---------  --------  --------  ----  --------
  FLASH                 00000000   00040000  0000811e  00037ee2  R  X
  SRAM                  20000000   00008000  00001676  0000698a  RW X


SEGMENT ALLOCATION MAP

run origin  load origin   length   init length attrs members
----------  ----------- ---------- ----------- ----- -------
00000000    00000000    00008128   00008128    r-x
  00000000    00000000    0000003c   0000003c    r-- .resetVecs
  00000040    00000040    00005ec2   00005ec2    r-x .text
  00005f08    00005f08    00002010   00002010    r-- .const
  00007f18    00007f18    00000210   00000210    r-- .cinit
20000000    20000000    00001678   00000000    rw-
  20000000    20000000    00000360   00000000    rw- .vecs
  20000360    20000360    00000bd0   00000000    rw- .bss
  20000f30    20000f30    00000446   00000000    rw- .data
  20001378    20001378    00000300   00000000    rw- .stack


SECTION ALLOCATION MAP

 output                                  attributes/
section   page    origin      length       input sections
--------  ----  ----------  ----------   ----------------
.text      0    00000040    00005ec2     
                  00000040    00000430     sysbios.aem4f : BIOS.obj (.text:ti_sysbios_family_arm_m3_Hwi_excDumpRegs__I)
                  00000470    0000034c     ti.targets.arm.rtsarm.aem4f : System.oem4f (.text:xdc_runtime_System_doPrint__I)
                  000007bc    00000330     main.obj (.text:uart1int)
                  00000aec    00000004     driverlib.lib : uart.obj (.text:UARTIntClear)
                  00000af0    000002c8     sysbios.aem4f : BIOS.obj (.text:ti_sysbios_knl_Semaphore_pend__E)
                  00000db8    00000274     main.obj (.text:PID_start)
                  0000102c    00000004     empty_pem4f.oem4f (.text:ti_sysbios_BIOS_RtsGateProxy_enter__E)
                  00001030    00000258     sysbios.aem4f : BIOS.obj (.text:ti_sysbios_heaps_HeapMem_free__E)
                  00001288    00000248                   : BIOS.obj (.text:ti_sysbios_heaps_HeapMem_alloc__E)
                  000014d0    0000023c     rtsv7M4_T_le_v4SPD16_eabi.lib : strtod.obj (.text)
                  0000170c    00000004     empty_pem4f.oem4f (.text:ti_sysbios_BIOS_RtsGateProxy_leave__E)
                  00001710    000001fc     sysbios.aem4f : BIOS.obj (.text:ti_sysbios_family_arm_m3_Hwi_excHandlerMax__I)
                  0000190c    000001b6     rtsv7M4_T_le_v4SPD16_eabi.lib : fd_add_t2.obj (.text)
                  00001ac2    00000006     driverlib.lib : gpio.obj (.text:GPIOPinWrite)
                  00001ac8    00000174     sysbios.aem4f : BIOS.obj (.text:ti_sysbios_family_arm_m3_Hwi_excBusFault__I)
                  00001c3c    00000004                   : BIOS.obj (.text:ti_sysbios_family_arm_lm4_Timer_masterEnable__I)
                  00001c40    00000164                   : BIOS.obj (.text:ti_sysbios_family_arm_m3_Hwi_excUsageFault__I)
                  00001da4    00000148     main.obj (.text:hard_initB)
                  00001eec    00000004     empty_pem4f.oem4f (.text:ti_sysbios_family_arm_m3_TaskSupport_Module__startupDone__S)
                  00001ef0    00000148     sysbios.aem4f : BIOS.obj (.text:ti_sysbios_family_arm_m3_Hwi_excMemFault__I)
                  00002038    0000013c                   : BIOS.obj (.text:ti_sysbios_heaps_HeapMem_Instance_init__E)
                  00002174    00000136     rtsv7M4_T_le_v4SPD16_eabi.lib : fd_div_t2.obj (.text)
                  000022aa    00000006     driverlib.lib : sysctl.obj (.text:SysCtlDelay)
                  000022b0    00000134     sysbios.aem4f : BIOS.obj (.text:ti_sysbios_family_arm_lm4_Timer_start__E)
                  000023e4    00000130     driverlib.lib : gpio.obj (.text:GPIOPadConfigSet)
                  00002514    00000118     ti.targets.arm.rtsarm.aem4f : Error.oem4f (.text:xdc_runtime_Error_policyDefault__E)
                  0000262c    0000010c     driverlib.lib : sysctl.obj (.text:SysCtlClockGet)
                  00002738    00000100     Boot.aem4f : Boot_sysctl.oem4f (.text:ti_catalog_arm_cortexm4_tiva_ce_Boot_sysCtlClockSetI__I)
                  00002838    00000100     ti.targets.arm.rtsarm.aem4f : Core-mem.oem4f (.text:xdc_runtime_Core_createObject__I)
                  00002938    000000fc     rtsv7M4_T_le_v4SPD16_eabi.lib : fd_mul_t2.obj (.text)
                  00002a34    000000f8     ti.targets.arm.rtsarm.aem4f : Startup.oem4f (.text:xdc_runtime_Startup_startMods__I)
                  00002b2c    000000f8     empty_pem4f.oem4f (.text:xdc_runtime_System_printfExtend__I)
                  00002c24    000000f4     sysbios.aem4f : m3_Hwi_asm.obj (.text:ti_sysbios_family_arm_m3_Hwi_dispatch__I)
                  00002d18    000000f0     driverlib.lib : sysctl.obj (.text:SysCtlClockSet)
                  00002e08    000000ec     sysbios.aem4f : BIOS.obj (.text:ti_sysbios_knl_Semaphore_post__E)
                  00002ef4    000000cc     ti.targets.arm.rtsarm.aem4f : Core-smem.oem4f (.text:xdc_runtime_Core_constructObject__I)
                  00002fc0    000000bc     sysbios.aem4f : BIOS.obj (.text:ti_sysbios_family_arm_m3_Hwi_excDebugMon__I)
                  0000307c    00000004     empty_pem4f.oem4f (.text:ti_sysbios_heaps_HeapMem_Module_GateProxy_enter__E)
                  00003080    000000bc     sysbios.aem4f : BIOS.obj (.text:ti_sysbios_family_arm_m3_Hwi_excHardFault__I)
                  0000313c    00000004     empty_pem4f.oem4f (.text:ti_sysbios_heaps_HeapMem_Module_GateProxy_leave__E)
                  00003140    000000b4     sysbios.aem4f : BIOS.obj (.text:ti_sysbios_gates_GateMutex_enter__E)
                  000031f4    00000004     empty_pem4f.oem4f (.text:ti_sysbios_knl_Clock_TimerProxy_getMaxTicks__E)
                  000031f8    000000b4     sysbios.aem4f : BIOS.obj (.text:ti_sysbios_knl_Task_checkStacks__E)
                  000032ac    00000004     empty_pem4f.oem4f (.text:ti_sysbios_knl_Queue_destruct)
                  000032b0    000000ac     sysbios.aem4f : BIOS.obj (.text:ti_sysbios_family_arm_lm4_Timer_enableTiva__I)
                  0000335c    00000004     empty_pem4f.oem4f (.text:ti_sysbios_knl_Semaphore_destruct)
                  00003360    000000a8     sysbios.aem4f : BIOS.obj (.text:ti_sysbios_family_arm_lm4_Timer_enableTimers__I)
                  00003408    000000a8                   : BIOS.obj (.text:ti_sysbios_knl_Task_postInit__I)
                  000034b0    000000a0     auto_init.aem4f : auto_init.oem4f (.text)
                  00003550    000000a0     ti.targets.arm.rtsarm.aem4f : Text.oem4f (.text:xdc_runtime_Text_putMod__E)
                  000035f0    0000009c     rtsv7M4_T_le_v4SPD16_eabi.lib : memcpy_t2.obj (.text)
                  0000368c    00000004     ti.targets.arm.rtsarm.aem4f : Error.oem4f (.text:xdc_runtime_Error_getSite__E)
                  00003690    0000009c     sysbios.aem4f : BIOS.obj (.text:ti_sysbios_knl_Semaphore_Instance_init__E)
                  0000372c    0000009a     ti.targets.arm.rtsarm.aem4f : Text.oem4f (.text:xdc_runtime_Text_putSite__E)
                  000037c6    00000002     rtsv7M4_T_le_v4SPD16_eabi.lib : i_div0.obj (.text)
                  000037c8    00000098     Boot.aem4f : Boot.oem4f (.text:ti_catalog_arm_cortexm4_tiva_ce_Boot_sysCtlClockSet__E)
                  00003860    00000094     sysbios.aem4f : BIOS.obj (.text:ti_sysbios_family_arm_m3_Hwi_initNVIC__E)
                  000038f4    00000090     main.obj (.text:adc_init)
                  00003984    0000008c     sysbios.aem4f : m3_TaskSupport_asm.obj (.text:ti_sysbios_family_arm_m3_TaskSupport_buildTaskStack)
                  00003a10    00000086     rtsv7M4_T_le_v4SPD16_eabi.lib : fd_cmp_t2.obj (.text:__aeabi_cdcmple)
                  00003a96    00000002     empty_pem4f.oem4f (.text:ti_sysbios_BIOS_nullFunc__I)
                  00003a98    00000084     main.obj (.text:motorMove)
                  00003b1c    00000004     empty_pem4f.oem4f (.text:xdc_runtime_System_Module_GateProxy_enter__E)
                  00003b20    00000084     sysbios.aem4f : BIOS.obj (.text:ti_sysbios_family_arm_m3_Hwi_postInit__I)
                  00003ba4    0000007a     driverlib.lib : adc.obj (.text:ADCSequenceStepConfigure)
                  00003c1e    0000007a     rtsv7M4_T_le_v4SPD16_eabi.lib : memset_t2.obj (.text)
                  00003c98    00000070     sysbios.aem4f : BIOS.obj (.text:ti_sysbios_knl_Task_exit__E)
                  00003d08    0000006e     rtsv7M4_T_le_v4SPD16_eabi.lib : fd_tos_t2.obj (.text)
                  00003d76    00000002     empty_pem4f.oem4f (.text:xdc_runtime_Startup_reset__I)
                  00003d78    0000006d     ti.targets.arm.rtsarm.aem4f : System.oem4f (.text:xdc_runtime_System_formatNum__I)
                  00003de5    00000003     --HOLE-- [fill = 0]
                  00003de8    0000006c     sysbios.aem4f : BIOS.obj (.text:ti_sysbios_knl_Clock_workFunc__E)
                  00003e54    00000004     empty_pem4f.oem4f (.text:xdc_runtime_System_Module_GateProxy_leave__E)
                  00003e58    0000006c     sysbios.aem4f : BIOS.obj (.text:ti_sysbios_knl_Swi_restoreHwi__E)
                  00003ec4    0000006c     ti.targets.arm.rtsarm.aem4f : Error.oem4f (.text:xdc_runtime_Error_print__E)
                  00003f30    0000006c                                 : Memory.oem4f (.text:xdc_runtime_Memory_alloc__E)
                  00003f9c    00000068     driverlib.lib : interrupt.obj (.text:IntEnable)
                  00004004    00000068     rtsv7M4_T_le_v4SPD16_eabi.lib : copy_decompress_lzss.obj (.text:decompress:lzss)
                  0000406c    00000068                                   : trgmsg.obj (.text)
                  000040d4    00000066     ti.targets.arm.rtsarm.aem4f : Core-mem.oem4f (.text:xdc_runtime_Core_deleteObject__I)
                  0000413a    00000002     --HOLE-- [fill = 0]
                  0000413c    00000064     main.obj (.text:ledToggle)
                  000041a0    00000064     sysbios.aem4f : BIOS.obj (.text:ti_sysbios_family_arm_lm4_Timer_Module_startup__E)
                  00004204    00000004     ti.targets.arm.rtsarm.aem4f : System.oem4f (.text:xdc_runtime_System_aprintf_va__F)
                  00004208    00000064     sysbios.aem4f : BIOS.obj (.text:ti_sysbios_family_arm_m3_Hwi_dispatchC__I)
                  0000426c    00000060     driverlib.lib : timer.obj (.text:TimerConfigure)
                  000042cc    00000004     ti.targets.arm.rtsarm.aem4f : System.oem4f (.text:xdc_runtime_System_printf_va__F)
                  000042d0    00000060     sysbios.aem4f : BIOS.obj (.text:ti_sysbios_family_arm_lm4_Timer_isrStub__E)
                  00004330    00000060                   : BIOS.obj (.text:ti_sysbios_knl_Task_schedule__I)
                  00004390    0000005c                   : BIOS.obj (.text:ti_sysbios_knl_Swi_run__I)
                  000043ec    00000004     --HOLE-- [fill = 0]
                  000043f0    0000005c                   : BIOS.obj (.text:ti_sysbios_knl_Swi_schedule__I)
                  0000444c    00000004     --HOLE-- [fill = 0]
                  00004450    0000005c                   : BIOS.obj (.text:ti_sysbios_knl_Task_Module_startup__E)
                  000044ac    00000004     --HOLE-- [fill = 0]
                  000044b0    0000005c                   : BIOS.obj (.text:ti_sysbios_knl_Task_startCore__E)
                  0000450c    0000005b     ti.targets.arm.rtsarm.aem4f : Text.oem4f (.text:xdc_runtime_Text_putLab__E)
                  00004567    00000001     --HOLE-- [fill = 0]
                  00004568    00000058     boot.aem4f : boot.oem4f (.text)
                  000045c0    00000058     rtsv7M4_T_le_v4SPD16_eabi.lib : hostwrite.obj (.text)
                  00004618    00000058     sysbios.aem4f : m3_Hwi_asm_switch.obj (.text:ti_sysbios_family_arm_m3_Hwi_initStacks__E)
                  00004670    00000054     main.obj (.text:main)
                  000046c4    00000054     rtsv7M4_T_le_v4SPD16_eabi.lib : exit.obj (.text)
                  00004718    00000054     ti.targets.arm.rtsarm.aem4f : Assert.oem4f (.text:xdc_runtime_Assert_raise__I)
                  0000476c    00000004     --HOLE-- [fill = 0]
                  00004770    00000050     sysbios.aem4f : BIOS.obj (.text:ti_sysbios_family_arm_m3_Hwi_Module_startup__E)
                  000047c0    00000050     ti.targets.arm.rtsarm.aem4f : Startup.oem4f (.text:xdc_runtime_Startup_exec__E)
                  00004810    00000050                                 : Text.oem4f (.text:xdc_runtime_Text_visitRope2__I)
                  00004860    0000004c     rtsv7M4_T_le_v4SPD16_eabi.lib : cpy_tbl.obj (.text)
                  000048ac    00000004     --HOLE-- [fill = 0]
                  000048b0    0000004c     sysbios.aem4f : BIOS.obj (.text:ti_sysbios_heaps_HeapMem_getStats__E)
                  000048fc    00000004     --HOLE-- [fill = 0]
                  00004900    0000004c                   : BIOS.obj (.text:ti_sysbios_knl_Swi_runLoop__I)
                  0000494c    00000004     --HOLE-- [fill = 0]
                  00004950    0000004c                   : BIOS.obj (.text:ti_sysbios_knl_Task_allBlockedFunction__I)
                  0000499c    00000048     driverlib.lib : gpio.obj (.text:GPIOPinConfigure)
                  000049e4    00000004     --HOLE-- [fill = 0]
                  000049e8    00000048     sysbios.aem4f : BIOS.obj (.text:ti_sysbios_family_arm_m3_Hwi_disableInterrupt__E)
                  00004a30    00000048                   : BIOS.obj (.text:ti_sysbios_family_arm_m3_Hwi_enableInterrupt__E)
                  00004a78    00000048                   : BIOS.obj (.text:ti_sysbios_family_arm_m3_Hwi_excReserved__I)
                  00004ac0    00000046     ti.targets.arm.rtsarm.aem4f : Core-params.oem4f (.text:xdc_runtime_Core_assignParams__I)
                  00004b06    00000002     --HOLE-- [fill = 0]
                  00004b08    00000044     sysbios.aem4f : BIOS.obj (.text:ti_sysbios_family_arm_m3_Hwi_getStackInfo__E)
                  00004b4c    00000004     --HOLE-- [fill = 0]
                  00004b50    00000044                   : BIOS.obj (.text:ti_sysbios_knl_Swi_post__E)
                  00004b94    00000044     ti.targets.arm.rtsarm.aem4f : Error.oem4f (.text:xdc_runtime_Error_setX__E)
                  00004bd8    00000044                                 : SysMin.oem4f (.text:xdc_runtime_SysMin_flush__E)
                  00004c1c    00000044                                 : Text.oem4f (.text:xdc_runtime_Text_xprintf__I)
                  00004c60    00000042     driverlib.lib : uart.obj (.text:UARTConfigSetExpClk)
                  00004ca2    00000002     --HOLE-- [fill = 0]
                  00004ca4    00000040     main.obj (.text:distFront)
                  00004ce4    00000040     main.obj (.text:distRight)
                  00004d24    00000040     rtsv7M4_T_le_v4SPD16_eabi.lib : u_divt2.obj (.text)
                  00004d64    00000004     --HOLE-- [fill = 0]
                  00004d68    00000040     sysbios.aem4f : BIOS.obj (.text:ti_sysbios_family_arm_lm4_Timer_startup__E)
                  00004da8    0000003e     driverlib.lib : adc.obj (.text:ADCSequenceConfigure)
                  00004de6    00000002     --HOLE-- [fill = 0]
                  00004de8    0000003c     sysbios.aem4f : BIOS.obj (.text:ti_sysbios_family_arm_m3_Hwi_excSvCall__I)
                  00004e24    00000004     --HOLE-- [fill = 0]
                  00004e28    0000003c                   : BIOS.obj (.text:ti_sysbios_heaps_HeapMem_init__I)
                  00004e64    00000004     --HOLE-- [fill = 0]
                  00004e68    0000003c                   : BIOS.obj (.text:ti_sysbios_knl_Swi_restore__E)
                  00004ea4    00000038     rtsv7M4_T_le_v4SPD16_eabi.lib : fs_tod_t2.obj (.text)
                  00004edc    00000004     --HOLE-- [fill = 0]
                  00004ee0    00000038     sysbios.aem4f : BIOS.obj (.text:ti_sysbios_family_arm_m3_Hwi_excNoIsr__I)
                  00004f18    00000038                   : BIOS.obj (.text:ti_sysbios_knl_Task_processVitalTaskFlag__I)
                  00004f50    00000038     ti.targets.arm.rtsarm.aem4f : SysMin.oem4f (.text:xdc_runtime_SysMin_putch__E)
                  00004f88    00000038                                 : System.oem4f (.text:xdc_runtime_System_atexit__E)
                  00004fc0    00000034     driverlib.lib : sysctl.obj (.text:SysCtlPeripheralDisable)
                  00004ff4    00000034                   : sysctl.obj (.text:SysCtlPeripheralEnable)
                  00005028    00000034     sysbios.aem4f : BIOS.obj (.text:ti_sysbios_family_arm_m3_Hwi_excNmi__I)
                  0000505c    00000004     --HOLE-- [fill = 0]
                  00005060    00000034                   : BIOS.obj (.text:ti_sysbios_hal_Hwi_checkStack)
                  00005094    00000034     ti.targets.arm.rtsarm.aem4f : Core-label.oem4f (.text:xdc_runtime_Core_assignLabel__I)
                  000050c8    00000033                                 : Text.oem4f (.text:xdc_runtime_Text_printVisFxn__I)
                  000050fb    00000005     --HOLE-- [fill = 0]
                  00005100    00000032     sysbios.aem4f : BIOS.obj (.text:ti_sysbios_hal_Hwi_initStack)
                  00005132    00000002     --HOLE-- [fill = 0]
                  00005134    00000030     empty_pem4f.oem4f (.text:ti_sysbios_BIOS_atExitFunc__I)
                  00005164    00000004     --HOLE-- [fill = 0]
                  00005168    00000030     sysbios.aem4f : BIOS.obj (.text:ti_sysbios_family_arm_lm4_Timer_stop__E)
                  00005198    00000030                   : BIOS.obj (.text:ti_sysbios_family_arm_m3_TaskSupport_start__E)
                  000051c8    00000030     empty_pem4f.oem4f (.text:ti_sysbios_gates_GateHwi_Object__create__S)
                  000051f8    00000030     empty_pem4f.oem4f (.text:ti_sysbios_gates_GateMutex_Object__create__S)
                  00005228    00000030     empty_pem4f.oem4f (.text:ti_sysbios_heaps_HeapMem_Object__create__S)
                  00005258    00000030     empty_pem4f.oem4f (.text:ti_sysbios_knl_Semaphore_construct)
                  00005288    00000030     sysbios.aem4f : BIOS.obj (.text:ti_sysbios_knl_Semaphore_pendTimeout__I)
                  000052b8    00000030                   : BIOS.obj (.text:ti_sysbios_knl_Task_unblockI__E)
                  000052e8    00000030     main.obj (.text:writeStringToUart1)
                  00005318    00000030     ti.targets.arm.rtsarm.aem4f : SysMin.oem4f (.text:xdc_runtime_SysMin_abort__E)
                  00005348    00000030                                 : System.oem4f (.text:xdc_runtime_System_processAtExit__E)
                  00005378    0000002e     driverlib.lib : adc.obj (.text:ADCIntStatus)
                  000053a6    00000002     --HOLE-- [fill = 0]
                  000053a8    0000002c     empty_pem4f.oem4f (.text:ti_sysbios_knl_Clock_doTick__I)
                  000053d4    0000002c     empty_pem4f.oem4f (.text:ti_sysbios_knl_Queue_construct)
                  00005400    0000002c     sysbios.aem4f : BIOS.obj (.text:ti_sysbios_knl_Task_restore__E)
                  0000542c    0000002c     ti.targets.arm.rtsarm.aem4f : Text.oem4f (.text:xdc_runtime_Text_cordText__E)
                  00005458    0000002a     driverlib.lib : gpio.obj (.text:GPIODirModeSet)
                  00005482    0000002a     ti.targets.arm.rtsarm.aem4f : System.oem4f (.text:xdc_runtime_System_putchar__I)
                  000054ac    00000004     --HOLE-- [fill = 0]
                  000054b0    00000028     sysbios.aem4f : BIOS.obj (.text:ti_sysbios_knl_Swi_Module_startup__E)
                  000054d8    00000026                   : m3_Hwi_asm.obj (.text:ti_sysbios_family_arm_m3_Hwi_pendSV__I)
                  000054fe    00000026     ti.targets.arm.rtsarm.aem4f : System.oem4f (.text:xdc_runtime_System_avprintf__E)
                  00005524    00000024     empty_pem4f.oem4f (.text:ti_sysbios_BIOS_errorRaiseHook__I)
                  00005548    00000024     empty_pem4f.oem4f (.text:ti_sysbios_BIOS_registerRTSLock__I)
                  0000556c    00000024     empty_pem4f.oem4f (.text:ti_sysbios_BIOS_removeRTSLock__I)
                  00005590    00000024     empty_pem4f.oem4f (.text:ti_sysbios_BIOS_startFunc__I)
                  000055b4    00000024     empty_pem4f.oem4f (.text:ti_sysbios_gates_GateMutex_Object__delete__S)
                  000055d8    00000024     sysbios.aem4f : BIOS.obj (.text:ti_sysbios_knl_Clock_Module_startup__E)
                  000055fc    00000004     --HOLE-- [fill = 0]
                  00005600    00000024                   : BIOS.obj (.text:ti_sysbios_knl_Task_restoreHwi__E)
                  00005624    00000024     ti.targets.arm.rtsarm.aem4f : System.oem4f (.text:xdc_runtime_System_vprintf__E)
                  00005648    00000022     driverlib.lib : pwm.obj (.text:PWMGenConfigure)
                  0000566a    00000006     Boot.aem4f : Boot_sysctl.oem4f (.text:ti_catalog_arm_cortexm4_tiva_ce_Boot_sysCtlDelayI__I)
                  00005670    00000022     sysbios.aem4f : BIOS.obj (.text:ti_sysbios_family_arm_lm4_Timer_write__I)
                  00005692    00000022     empty_pem4f.oem4f (.text:xdc_runtime_SysMin_output__I)
                  000056b4    00000020     empty_pem4f.oem4f (.text:ti_sysbios_BIOS_rtsLock__I)
                  000056d4    00000020     sysbios.aem4f : m3_Hwi_asm.obj (.text:ti_sysbios_family_arm_m3_Hwi_excHandlerAsm__I)
                  000056f4    00000004     --HOLE-- [fill = 0]
                  000056f8    00000020                   : BIOS.obj (.text:ti_sysbios_family_arm_m3_Hwi_excHandler__I)
                  00005718    00000020     empty_pem4f.oem4f (.text:ti_sysbios_gates_GateHwi_Object__delete__S)
                  00005738    00000020     empty_pem4f.oem4f (.text:ti_sysbios_heaps_HeapMem_Object__delete__S)
                  00005758    00000020     sysbios.aem4f : BIOS.obj (.text:ti_sysbios_knl_Idle_run__E)
                  00005778    00000020     empty_pem4f.oem4f (.text:ti_sysbios_knl_Semaphore_Object__destruct__S)
                  00005798    00000020     ti.targets.arm.rtsarm.aem4f : Registry.oem4f (.text:xdc_runtime_Registry_findById__E)
                  000057b8    00000020                                 : SysMin.oem4f (.text:xdc_runtime_SysMin_Module_startup__E)
                  000057d8    0000001e     driverlib.lib : adc.obj (.text:ADCSequenceDataGet)
                  000057f6    0000001e                   : pwm.obj (.text:PWMPulseWidthSet)
                  00005814    0000001e     sysbios.aem4f : m3_Hwi_asm_switch.obj (.text:ti_sysbios_family_xxx_Hwi_switchAndRunFunc)
                  00005832    00000002     --HOLE-- [fill = 0]
                  00005834    0000001c     driverlib.lib : uart.obj (.text:UARTDisable)
                  00005850    0000001c     sysbios.aem4f : BIOS.obj (.text:ti_sysbios_gates_GateMutex_Instance_init__E)
                  0000586c    0000001c     empty_pem4f.oem4f (.text:ti_sysbios_knl_Queue_Object__destruct__S)
                  00005888    0000001c     sysbios.aem4f : BIOS.obj (.text:ti_sysbios_knl_Task_enter__I)
                  000058a4    0000001c     ti.targets.arm.rtsarm.aem4f : Error.oem4f (.text:xdc_runtime_Error_raiseX__E)
                  000058c0    0000001c                                 : Memory.oem4f (.text:xdc_runtime_Memory_valloc__E)
                  000058dc    0000001c                                 : SysMin.oem4f (.text:xdc_runtime_SysMin_exit__E)
                  000058f8    0000001c                                 : System.oem4f (.text:xdc_runtime_System_abort__E)
                  00005914    0000001a     empty_pem4f.oem4f (.text:ti_sysbios_family_arm_m3_Hwi_Handle__label__S)
                  0000592e    0000001a     empty_pem4f.oem4f (.text:ti_sysbios_gates_GateHwi_Handle__label__S)
                  00005948    0000001a     empty_pem4f.oem4f (.text:ti_sysbios_gates_GateMutex_Handle__label__S)
                  00005962    0000001a     empty_pem4f.oem4f (.text:ti_sysbios_heaps_HeapMem_Handle__label__S)
                  0000597c    0000001a     empty_pem4f.oem4f (.text:ti_sysbios_knl_Swi_Handle__label__S)
                  00005996    0000001a     empty_pem4f.oem4f (.text:ti_sysbios_knl_Task_Handle__label__S)
                  000059b0    0000001a     empty_pem4f.oem4f (.text:xdc_runtime_System_aprintf__E)
                  000059ca    0000001a     empty_pem4f.oem4f (.text:xdc_runtime_System_printf__E)
                  000059e4    00000018     driverlib.lib : adc.obj (.text:ADCProcessorTrigger)
                  000059fc    00000018                   : gpio.obj (.text:GPIOPinTypeGPIOOutput)
                  00005a14    00000018     rtsv7M4_T_le_v4SPD16_eabi.lib : args_main.obj (.text)
                  00005a2c    00000018     empty_pem4f.oem4f (.text:ti_sysbios_BIOS_rtsUnlock__I)
                  00005a44    00000018     empty_pem4f.oem4f (.text:ti_sysbios_family_arm_lm4_Timer_Module__startupDone__F)
                  00005a5c    00000018     empty_pem4f.oem4f (.text:ti_sysbios_family_arm_m3_Hwi_Module__startupDone__F)
                  00005a74    00000018     sysbios.aem4f : m3_TaskSupport_asm.obj (.text:ti_sysbios_family_arm_m3_TaskSupport_swap__E)
                  00005a8c    00000004     --HOLE-- [fill = 0]
                  00005a90    00000018                   : BIOS.obj (.text:ti_sysbios_gates_GateMutex_leave__E)
                  00005aa8    00000018     ti.targets.arm.rtsarm.aem4f : Error.oem4f (.text:xdc_runtime_Error_check__E)
                  00005ac0    00000018                                 : System.oem4f (.text:xdc_runtime_System_exit__E)
                  00005ad8    00000018                                 : Text.oem4f (.text:xdc_runtime_Text_ropeText__E)
                  00005af0    00000016     empty_pem4f.oem4f (.text:ti_sysbios_BIOS_exitFunc__I)
                  00005b06    00000002     --HOLE-- [fill = 0]
                  00005b08    00000014     driverlib.lib : sysctl.obj (.text:SysCtlPWMClockSet)
                  00005b1c    00000014                   : uart.obj (.text:UARTEnable)
                  00005b30    00000014     main.obj (.text:motorStop)
                  00005b44    00000014     rtsv7M4_T_le_v4SPD16_eabi.lib : _lock.obj (.text)
                  00005b58    00000014                                   : strlen.obj (.text)
                  00005b6c    00000014     empty_pem4f.oem4f (.text:ti_sysbios_family_arm_m3_Hwi_Object__get__S)
                  00005b80    00000014     sysbios.aem4f : BIOS.obj (.text:ti_sysbios_family_arm_m3_Hwi_switchFromBootStack__E)
                  00005b94    00000014     empty_pem4f.oem4f (.text:ti_sysbios_heaps_HeapMem_Object__get__S)
                  00005ba8    00000014     empty_pem4f.oem4f (.text:ti_sysbios_knl_Swi_Object__get__S)
                  00005bbc    00000012     driverlib.lib : gpio.obj (.text:GPIOPinTypeADC)
                  00005bce    00000012                   : gpio.obj (.text:GPIOPinTypePWM)
                  00005be0    00000012                   : gpio.obj (.text:GPIOPinTypeUART)
                  00005bf2    00000012                   : pwm.obj (.text:PWMOutputState)
                  00005c04    00000012                   : timer.obj (.text:TimerLoadSet)
                  00005c16    00000012     rtsv7M4_T_le_v4SPD16_eabi.lib : atof.obj (.text)
                  00005c28    00000012     sysbios.aem4f : BIOS.obj (.text:ti_sysbios_hal_Hwi_Module_startup__E)
                  00005c3a    00000012     empty_pem4f.oem4f (.text:xdc_runtime_Startup_exec__I)
                  00005c4c    00000010     driverlib.lib : interrupt.obj (.text:IntMasterEnable)
                  00005c5c    00000010                   : pwm.obj (.text:PWMGenPeriodSet)
                  00005c6c    00000004     --HOLE-- [fill = 0]
                  00005c70    00000010     sysbios.aem4f : BIOS.obj (.text:ti_sysbios_BIOS_setThreadType__E)
                  00005c80    00000010                   : BIOS.obj (.text:ti_sysbios_BIOS_start__E)
                  00005c90    00000010                   : m3_TaskSupport_asm.obj (.text:ti_sysbios_family_arm_m3_TaskSupport_glue)
                  00005ca0    00000010                   : BIOS.obj (.text:ti_sysbios_gates_GateMutex_Instance_finalize__E)
                  00005cb0    00000010                   : BIOS.obj (.text:ti_sysbios_knl_Semaphore_Instance_finalize__E)
                  00005cc0    00000010                   : BIOS.obj (.text:ti_sysbios_knl_Swi_disable__E)
                  00005cd0    00000010     empty_pem4f.oem4f (.text:ti_sysbios_knl_Task_Object__get__S)
                  00005ce0    00000010     sysbios.aem4f : BIOS.obj (.text:ti_sysbios_knl_Task_disable__E)
                  00005cf0    00000010     ti.targets.arm.rtsarm.aem4f : Gate.oem4f (.text:xdc_runtime_Gate_leaveSystem__E)
                  00005d00    00000010                                 : Memory.oem4f (.text:xdc_runtime_Memory_free__E)
                  00005d10    00000010                                 : SysMin.oem4f (.text:xdc_runtime_SysMin_ready__E)
                  00005d20    00000010                                 : System.oem4f (.text:xdc_runtime_System_vsnprintf__E)
                  00005d30    00000010     empty_pem4f.oem4f (.text:xdc_runtime_Text_visitRope__I)
                  00005d40    0000000e     driverlib.lib : adc.obj (.text:ADCSequenceDisable)
                  00005d4e    0000000e                   : adc.obj (.text:ADCSequenceEnable)
                  00005d5c    0000000e                   : timer.obj (.text:TimerEnable)
                  00005d6a    0000000e                   : uart.obj (.text:UARTCharGetNonBlocking)
                  00005d78    0000000e                   : uart.obj (.text:UARTCharPutNonBlocking)
                  00005d86    0000000e     rtsv7M4_T_le_v4SPD16_eabi.lib : copy_decompress_none.obj (.text:decompress:none)
                  00005d94    00000004     --HOLE-- [fill = 0]
                  00005d98    0000000e     sysbios.aem4f : BIOS.obj (.text:ti_sysbios_knl_Idle_loop__E)
                  00005da6    00000002     --HOLE-- [fill = 0]
                  00005da8    0000000e                   : BIOS.obj (.text:ti_sysbios_knl_Queue_empty__E)
                  00005db6    00000002     --HOLE-- [fill = 0]
                  00005db8    0000000c     empty_pem4f.oem4f (.text:.bootCodeSection:ti_catalog_arm_cortexm4_tiva_ce_Boot_init__I)
                  00005dc4    0000000c     driverlib.lib : cpu.obj (.text:CPUcpsie)
                  00005dd0    0000000c                   : pwm.obj (.text:PWMGenEnable)
                  00005ddc    0000000c                   : uart.obj (.text:UARTCharsAvail)
                  00005de8    0000000c     rtsv7M4_T_le_v4SPD16_eabi.lib : copy_zero_init.obj (.text:decompress:ZI)
                  00005df4    00000004     --HOLE-- [fill = 0]
                  00005df8    0000000c     sysbios.aem4f : BIOS.obj (.text:ti_sysbios_family_arm_lm4_Timer_getMaxTicks__E)
                  00005e04    00000004     --HOLE-- [fill = 0]
                  00005e08    0000000c                   : BIOS.obj (.text:ti_sysbios_family_arm_m3_TaskSupport_checkStack__E)
                  00005e14    00000004     --HOLE-- [fill = 0]
                  00005e18    0000000c                   : BIOS.obj (.text:ti_sysbios_gates_GateHwi_enter__E)
                  00005e24    0000000c     empty_pem4f.oem4f (.text:ti_sysbios_knl_Queue_Object__get__S)
                  00005e30    0000000c     ti.targets.arm.rtsarm.aem4f : Error.oem4f (.text:xdc_runtime_Error_init__E)
                  00005e3c    0000000c                                 : Gate.oem4f (.text:xdc_runtime_Gate_enterSystem__E)
                  00005e48    0000000c                                 : Memory.oem4f (.text:xdc_runtime_Memory_calloc__E)
                  00005e54    0000000c                                 : Memory.oem4f (.text:xdc_runtime_Memory_getMaxDefaultTypeAlign__E)
                  00005e60    0000000a     driverlib.lib : adc.obj (.text:ADCIntClear)
                  00005e6a    0000000a                   : uart.obj (.text:UARTIntStatus)
                  00005e74    0000000a     empty_pem4f.oem4f (.text:xdc_runtime_IHeap_alloc)
                  00005e7e    0000000a     empty_pem4f.oem4f (.text:xdc_runtime_IHeap_free)
                  00005e88    00000008     driverlib.lib : timer.obj (.text:TimerIntEnable)
                  00005e90    00000008                   : uart.obj (.text:UARTIntEnable)
                  00005e98    00000008     sysbios.aem4f : BIOS.obj (.text:ti_sysbios_family_arm_lm4_Timer_masterDisable__I)
                  00005ea0    00000008                   : BIOS.obj (.text:ti_sysbios_family_arm_m3_Hwi_doSwiRestore__I)
                  00005ea8    00000008                   : BIOS.obj (.text:ti_sysbios_family_arm_m3_Hwi_startup__E)
                  00005eb0    00000006                   : BIOS.obj (.text:ti_sysbios_family_arm_m3_Hwi_doTaskRestore__I)
                  00005eb6    00000002     --HOLE-- [fill = 0]
                  00005eb8    00000006                   : BIOS.obj (.text:ti_sysbios_gates_GateHwi_leave__E)
                  00005ebe    00000002     --HOLE-- [fill = 0]
                  00005ec0    00000006                   : BIOS.obj (.text:ti_sysbios_heaps_HeapMem_isBlocking__E)
                  00005ec6    00000002     --HOLE-- [fill = 0]
                  00005ec8    00000006                   : BIOS.obj (.text:ti_sysbios_knl_Queue_Instance_init__E)
                  00005ece    00000002     --HOLE-- [fill = 0]
                  00005ed0    00000006                   : BIOS.obj (.text:ti_sysbios_knl_Swi_startup__E)
                  00005ed6    00000006     ti.targets.arm.rtsarm.aem4f : System.oem4f (.text:xdc_runtime_System_Module_startup__E)
                  00005edc    00000004     --HOLE-- [fill = 0]
                  00005ee0    00000004     sysbios.aem4f : BIOS.obj (.text:ti_sysbios_gates_GateHwi_query__E)
                  00005ee4    00000004     --HOLE-- [fill = 0]
                  00005ee8    00000004                   : BIOS.obj (.text:ti_sysbios_gates_GateMutex_query__E)
                  00005eec    00000004     --HOLE-- [fill = 0]
                  00005ef0    00000004                   : BIOS.obj (.text:ti_sysbios_knl_Task_startup__E)
                  00005ef4    00000004     --HOLE-- [fill = 0]
                  00005ef8    00000002                   : BIOS.obj (.text:ti_sysbios_gates_GateHwi_Instance_init__E)
                  00005efa    00000006     --HOLE-- [fill = 0]
                  00005f00    00000002                   : BIOS.obj (.text:ti_sysbios_knl_Clock_logTick__E)

.const     0    00005f08    00002010     
                  00005f08    00001872     empty_pem4f.oem4f (.const:xdc_runtime_Text_charTab__A)
                  0000777a    00000101     rtsv7M4_T_le_v4SPD16_eabi.lib : ctype.obj (.const:.string:_ctypes_)
                  0000787b    00000001     empty_pem4f.oem4f (.const:xdc_runtime_Error_policy__C)
                  0000787c    000000bc     empty_pem4f.oem4f (.const:xdc_runtime_Text_nodeTab__A)
                  00007938    00000098     rtsv7M4_T_le_v4SPD16_eabi.lib : strtod.obj (.const:$O1$$)
                  000079d0    00000090     driverlib.lib : gpio.obj (.const:g_pui32GPIOBaseAddrs)
                  00007a60    00000070                   : interrupt.obj (.const)
                  00007ad0    0000006c                   : sysctl.obj (.const:g_pui32Xtals)
                  00007b3c    00000048     empty_pem4f.oem4f (.const:.string)
                  00007b84    00000028     empty_pem4f.oem4f (.const:ti_sysbios_heaps_HeapMem_Module__FXNS__C)
                  00007bac    00000024     empty_pem4f.oem4f (.const:ti_sysbios_gates_GateHwi_Module__FXNS__C)
                  00007bd0    00000024     empty_pem4f.oem4f (.const:ti_sysbios_gates_GateMutex_Module__FXNS__C)
                  00007bf4    00000024     empty_pem4f.oem4f (.const:ti_sysbios_heaps_HeapMem_Object__PARAMS__C)
                  00007c18    00000024     empty_pem4f.oem4f (.const:ti_sysbios_knl_Semaphore_Object__PARAMS__C)
                  00007c3c    00000020     empty_pem4f.oem4f (.const:ti_sysbios_gates_GateHwi_Object__DESC__C)
                  00007c5c    00000020     empty_pem4f.oem4f (.const:ti_sysbios_gates_GateMutex_Object__DESC__C)
                  00007c7c    00000020     empty_pem4f.oem4f (.const:ti_sysbios_heaps_HeapMem_Object__DESC__C)
                  00007c9c    00000020     empty_pem4f.oem4f (.const:ti_sysbios_knl_Queue_Object__DESC__C)
                  00007cbc    00000020     empty_pem4f.oem4f (.const:ti_sysbios_knl_Semaphore_Object__DESC__C)
                  00007cdc    00000020     empty_pem4f.oem4f (.const:xdc_runtime_Startup_sfxnTab__A)
                  00007cfc    00000018     empty_pem4f.oem4f (.const:ti_sysbios_gates_GateHwi_Object__PARAMS__C)
                  00007d14    00000018     empty_pem4f.oem4f (.const:ti_sysbios_gates_GateMutex_Object__PARAMS__C)
                  00007d2c    00000018     empty_pem4f.oem4f (.const:ti_sysbios_knl_Queue_Object__PARAMS__C)
                  00007d44    00000014     empty_pem4f.oem4f (.const:xdc_runtime_Startup_firstFxns__A)
                  00007d58    00000010     empty_pem4f.oem4f (.const:xdc_runtime_Startup_sfxnRts__A)
                  00007d68    00000008     empty_pem4f.oem4f (.const:ti_sysbios_family_arm_m3_Hwi_excHookFuncs__A)
                  00007d70    00000008     empty_pem4f.oem4f (.const:ti_sysbios_knl_Idle_funcList__C)
                  00007d78    00000008     empty_pem4f.oem4f (.const:xdc_runtime_Startup_firstFxns__C)
                  00007d80    00000008     empty_pem4f.oem4f (.const:xdc_runtime_Startup_lastFxns__C)
                  00007d88    00000004     empty_pem4f.oem4f (.const:ti_catalog_arm_cortexm4_tiva_ce_Boot_A_mustUseEnhancedClockMode__C)
                  00007d8c    00000004     empty_pem4f.oem4f (.const:ti_catalog_arm_cortexm4_tiva_ce_Boot_Module__diagsEnabled__C)
                  00007d90    00000004     empty_pem4f.oem4f (.const:ti_catalog_arm_cortexm4_tiva_ce_Boot_Module__diagsIncluded__C)
                  00007d94    00000004     empty_pem4f.oem4f (.const:ti_catalog_arm_cortexm4_tiva_ce_Boot_Module__diagsMask__C)
                  00007d98    00000004     empty_pem4f.oem4f (.const:ti_sysbios_family_arm_lm4_Timer_enableFunc__C)
                  00007d9c    00000004     empty_pem4f.oem4f (.const:ti_sysbios_family_arm_lm4_Timer_numTimerDevices__C)
                  00007da0    00000004     empty_pem4f.oem4f (.const:ti_sysbios_family_arm_lm4_Timer_startupNeeded__C)
                  00007da4    00000004     empty_pem4f.oem4f (.const:ti_sysbios_family_arm_m3_Hwi_E_NMI__C)
                  00007da8    00000004     empty_pem4f.oem4f (.const:ti_sysbios_family_arm_m3_Hwi_E_busFault__C)
                  00007dac    00000004     empty_pem4f.oem4f (.const:ti_sysbios_family_arm_m3_Hwi_E_debugMon__C)
                  00007db0    00000004     empty_pem4f.oem4f (.const:ti_sysbios_family_arm_m3_Hwi_E_hardFault__C)
                  00007db4    00000004     empty_pem4f.oem4f (.const:ti_sysbios_family_arm_m3_Hwi_E_memFault__C)
                  00007db8    00000004     empty_pem4f.oem4f (.const:ti_sysbios_family_arm_m3_Hwi_E_noIsr__C)
                  00007dbc    00000004     empty_pem4f.oem4f (.const:ti_sysbios_family_arm_m3_Hwi_E_reserved__C)
                  00007dc0    00000004     empty_pem4f.oem4f (.const:ti_sysbios_family_arm_m3_Hwi_E_svCall__C)
                  00007dc4    00000004     empty_pem4f.oem4f (.const:ti_sysbios_family_arm_m3_Hwi_E_usageFault__C)
                  00007dc8    00000004     empty_pem4f.oem4f (.const:ti_sysbios_family_arm_m3_Hwi_NUM_INTERRUPTS__C)
                  00007dcc    00000004     empty_pem4f.oem4f (.const:ti_sysbios_family_arm_m3_Hwi_Object__count__C)
                  00007dd0    00000004     empty_pem4f.oem4f (.const:ti_sysbios_family_arm_m3_Hwi_ccr__C)
                  00007dd4    00000004     empty_pem4f.oem4f (.const:ti_sysbios_family_arm_m3_Hwi_excHandlerFunc__C)
                  00007dd8    00000004     empty_pem4f.oem4f (.const:ti_sysbios_family_arm_m3_Hwi_excHookFuncs__C)
                  00007ddc    00000004     empty_pem4f.oem4f (.const:ti_sysbios_family_arm_m3_Hwi_nullIsrFunc__C)
                  00007de0    00000004     empty_pem4f.oem4f (.const:ti_sysbios_family_arm_m3_Hwi_priGroup__C)
                  00007de4    00000004     empty_pem4f.oem4f (.const:ti_sysbios_gates_GateMutex_A_badContext__C)
                  00007de8    00000004     empty_pem4f.oem4f (.const:ti_sysbios_gates_GateMutex_Instance_State_sem__O)
                  00007dec    00000004     empty_pem4f.oem4f (.const:ti_sysbios_gates_GateMutex_Module__diagsEnabled__C)
                  00007df0    00000004     empty_pem4f.oem4f (.const:ti_sysbios_gates_GateMutex_Module__diagsIncluded__C)
                  00007df4    00000004     empty_pem4f.oem4f (.const:ti_sysbios_gates_GateMutex_Module__diagsMask__C)
                  00007df8    00000004     empty_pem4f.oem4f (.const:ti_sysbios_hal_Hwi_E_stackOverflow__C)
                  00007dfc    00000004     empty_pem4f.oem4f (.const:ti_sysbios_heaps_HeapMem_A_align__C)
                  00007e00    00000004     empty_pem4f.oem4f (.const:ti_sysbios_heaps_HeapMem_A_heapSize__C)
                  00007e04    00000004     empty_pem4f.oem4f (.const:ti_sysbios_heaps_HeapMem_A_invalidFree__C)
                  00007e08    00000004     empty_pem4f.oem4f (.const:ti_sysbios_heaps_HeapMem_A_zeroBlock__C)
                  00007e0c    00000004     empty_pem4f.oem4f (.const:ti_sysbios_heaps_HeapMem_E_memory__C)
                  00007e10    00000004     empty_pem4f.oem4f (.const:ti_sysbios_heaps_HeapMem_Module__diagsEnabled__C)
                  00007e14    00000004     empty_pem4f.oem4f (.const:ti_sysbios_heaps_HeapMem_Module__diagsIncluded__C)
                  00007e18    00000004     empty_pem4f.oem4f (.const:ti_sysbios_heaps_HeapMem_Module__diagsMask__C)
                  00007e1c    00000004     empty_pem4f.oem4f (.const:ti_sysbios_heaps_HeapMem_Module__gateObj__C)
                  00007e20    00000004     empty_pem4f.oem4f (.const:ti_sysbios_heaps_HeapMem_Object__count__C)
                  00007e24    00000004     empty_pem4f.oem4f (.const:ti_sysbios_heaps_HeapMem_reqAlign__C)
                  00007e28    00000004     empty_pem4f.oem4f (.const:ti_sysbios_knl_Clock_Module_State_clockQ__O)
                  00007e2c    00000004     empty_pem4f.oem4f (.const:ti_sysbios_knl_Idle_funcList__A)
                  00007e30    00000004     empty_pem4f.oem4f (.const:ti_sysbios_knl_Semaphore_A_badContext__C)
                  00007e34    00000004     empty_pem4f.oem4f (.const:ti_sysbios_knl_Semaphore_A_noEvents__C)
                  00007e38    00000004     empty_pem4f.oem4f (.const:ti_sysbios_knl_Semaphore_A_overflow__C)
                  00007e3c    00000004     empty_pem4f.oem4f (.const:ti_sysbios_knl_Semaphore_A_pendTaskDisabled__C)
                  00007e40    00000004     empty_pem4f.oem4f (.const:ti_sysbios_knl_Semaphore_Instance_State_pendQ__O)
                  00007e44    00000004     empty_pem4f.oem4f (.const:ti_sysbios_knl_Semaphore_Module__diagsEnabled__C)
                  00007e48    00000004     empty_pem4f.oem4f (.const:ti_sysbios_knl_Semaphore_Module__diagsIncluded__C)
                  00007e4c    00000004     empty_pem4f.oem4f (.const:ti_sysbios_knl_Semaphore_Module__diagsMask__C)
                  00007e50    00000004     empty_pem4f.oem4f (.const:ti_sysbios_knl_Swi_Object__count__C)
                  00007e54    00000004     empty_pem4f.oem4f (.const:ti_sysbios_knl_Task_E_spOutOfBounds__C)
                  00007e58    00000004     empty_pem4f.oem4f (.const:ti_sysbios_knl_Task_E_stackOverflow__C)
                  00007e5c    00000004     empty_pem4f.oem4f (.const:ti_sysbios_knl_Task_Module_State_inactiveQ__O)
                  00007e60    00000004     empty_pem4f.oem4f (.const:ti_sysbios_knl_Task_Object__count__C)
                  00007e64    00000004     empty_pem4f.oem4f (.const:ti_sysbios_knl_Task_allBlockedFunc__C)
                  00007e68    00000004     empty_pem4f.oem4f (.const:ti_sysbios_knl_Task_numConstructedTasks__C)
                  00007e6c    00000004     empty_pem4f.oem4f (.const:xdc_runtime_Assert_E_assertFailed__C)
                  00007e70    00000004     empty_pem4f.oem4f (.const:xdc_runtime_Core_A_initializedParams__C)
                  00007e74    00000004     empty_pem4f.oem4f (.const:xdc_runtime_Core_Module__diagsEnabled__C)
                  00007e78    00000004     empty_pem4f.oem4f (.const:xdc_runtime_Core_Module__diagsIncluded__C)
                  00007e7c    00000004     empty_pem4f.oem4f (.const:xdc_runtime_Core_Module__diagsMask__C)
                  00007e80    00000004     empty_pem4f.oem4f (.const:xdc_runtime_Error_E_memory__C)
                  00007e84    00000004     empty_pem4f.oem4f (.const:xdc_runtime_Error_Module__diagsEnabled__C)
                  00007e88    00000004     empty_pem4f.oem4f (.const:xdc_runtime_Error_Module__diagsIncluded__C)
                  00007e8c    00000004     empty_pem4f.oem4f (.const:xdc_runtime_Error_Module__diagsMask__C)
                  00007e90    00000004     empty_pem4f.oem4f (.const:xdc_runtime_Error_Module__loggerFxn8__C)
                  00007e94    00000004     empty_pem4f.oem4f (.const:xdc_runtime_Error_Module__loggerObj__C)
                  00007e98    00000004     empty_pem4f.oem4f (.const:xdc_runtime_Error_policyFxn__C)
                  00007e9c    00000004     empty_pem4f.oem4f (.const:xdc_runtime_Error_raiseHook__C)
                  00007ea0    00000004     empty_pem4f.oem4f (.const:xdc_runtime_IGateProvider_Interface__BASE__C)
                  00007ea4    00000004     empty_pem4f.oem4f (.const:xdc_runtime_IHeap_Interface__BASE__C)
                  00007ea8    00000004     empty_pem4f.oem4f (.const:xdc_runtime_IModule_Interface__BASE__C)
                  00007eac    00000004     empty_pem4f.oem4f (.const:xdc_runtime_Log_L_error__C)
                  00007eb0    00000004     empty_pem4f.oem4f (.const:xdc_runtime_Memory_defaultHeapInstance__C)
                  00007eb4    00000004     empty_pem4f.oem4f (.const:xdc_runtime_Startup_execImpl__C)
                  00007eb8    00000004     empty_pem4f.oem4f (.const:xdc_runtime_Startup_maxPasses__C)
                  00007ebc    00000004     empty_pem4f.oem4f (.const:xdc_runtime_Startup_sfxnRts__C)
                  00007ec0    00000004     empty_pem4f.oem4f (.const:xdc_runtime_Startup_sfxnTab__C)
                  00007ec4    00000004     empty_pem4f.oem4f (.const:xdc_runtime_SysMin_bufSize__C)
                  00007ec8    00000004     empty_pem4f.oem4f (.const:xdc_runtime_SysMin_outputFunc__C)
                  00007ecc    00000004     empty_pem4f.oem4f (.const:xdc_runtime_System_Module__gateObj__C)
                  00007ed0    00000004     empty_pem4f.oem4f (.const:xdc_runtime_System_abortFxn__C)
                  00007ed4    00000004     empty_pem4f.oem4f (.const:xdc_runtime_System_exitFxn__C)
                  00007ed8    00000004     empty_pem4f.oem4f (.const:xdc_runtime_System_extendFxn__C)
                  00007edc    00000004     empty_pem4f.oem4f (.const:xdc_runtime_System_maxAtexitHandlers__C)
                  00007ee0    00000004     empty_pem4f.oem4f (.const:xdc_runtime_Text_charTab__C)
                  00007ee4    00000004     empty_pem4f.oem4f (.const:xdc_runtime_Text_nameEmpty__C)
                  00007ee8    00000004     empty_pem4f.oem4f (.const:xdc_runtime_Text_nameStatic__C)
                  00007eec    00000004     empty_pem4f.oem4f (.const:xdc_runtime_Text_nameUnknown__C)
                  00007ef0    00000004     empty_pem4f.oem4f (.const:xdc_runtime_Text_nodeTab__C)
                  00007ef4    00000004     empty_pem4f.oem4f (.const:xdc_runtime_Text_visitRopeFxn__C)
                  00007ef8    00000002     empty_pem4f.oem4f (.const:ti_catalog_arm_cortexm4_tiva_ce_Boot_Module__id__C)
                  00007efa    00000002     empty_pem4f.oem4f (.const:ti_sysbios_family_arm_m3_Hwi_Module__id__C)
                  00007efc    00000002     empty_pem4f.oem4f (.const:ti_sysbios_gates_GateMutex_Module__id__C)
                  00007efe    00000002     empty_pem4f.oem4f (.const:ti_sysbios_hal_Hwi_Module__id__C)
                  00007f00    00000002     empty_pem4f.oem4f (.const:ti_sysbios_heaps_HeapMem_Module__id__C)
                  00007f02    00000002     empty_pem4f.oem4f (.const:ti_sysbios_knl_Semaphore_Module__id__C)
                  00007f04    00000002     empty_pem4f.oem4f (.const:ti_sysbios_knl_Task_Module__id__C)
                  00007f06    00000002     empty_pem4f.oem4f (.const:xdc_runtime_Core_Module__id__C)
                  00007f08    00000002     empty_pem4f.oem4f (.const:xdc_runtime_Error_Module__loggerDefined__C)
                  00007f0a    00000002     empty_pem4f.oem4f (.const:xdc_runtime_Error_maxDepth__C)
                  00007f0c    00000002     empty_pem4f.oem4f (.const:xdc_runtime_Memory_Module__id__C)
                  00007f0e    00000002     empty_pem4f.oem4f (.const:xdc_runtime_SysMin_flushAtExit__C)
                  00007f10    00000002     empty_pem4f.oem4f (.const:xdc_runtime_Text_charCnt__C)
                  00007f12    00000002     empty_pem4f.oem4f (.const:xdc_runtime_Text_isLoaded__C)
                  00007f14    00000002     empty_pem4f.oem4f (.const:xdc_runtime_Text_registryModsLastId__C)
                  00007f16    00000002     empty_pem4f.oem4f (.const:xdc_runtime_Text_unnamedModsLastId__C)

.cinit     0    00007f18    00000210     
                  00007f18    000001d8     (.cinit..data.load) [load image, compression = lzss]
                  000080f0    0000000c     (__TI_handler_table)
                  000080fc    00000004     --HOLE-- [fill = 0]
                  00008100    00000008     (.cinit..bss.load) [load image, compression = zero_init]
                  00008108    00000008     (.cinit..vecs.load) [load image, compression = zero_init]
                  00008110    00000018     (__TI_cinit_table)

.init_array 
*          0    00000000    00000000     UNINITIALIZED

.resetVecs 
*          0    00000000    0000003c     
                  00000000    0000003c     empty_pem4f.oem4f (.resetVecs)

.vecs      0    20000000    00000360     UNINITIALIZED
                  20000000    00000360     empty_pem4f.oem4f (.vecs)

.bss       0    20000360    00000bd0     UNINITIALIZED
                  20000360    00000400     (.common:ti_sysbios_heaps_HeapMem_Instance_State_0_buf__A)
                  20000760    00000360     (.common:ti_sysbios_family_arm_m3_Hwi_dispatchTable)
                  20000ac0    00000200     empty_pem4f.oem4f (.bss:taskStackSection)
                  20000cc0    00000120     rtsv7M4_T_le_v4SPD16_eabi.lib : trgmsg.obj (.bss:_CIOBUF_)
                  20000de0    000000c8     (.common:comms)
                  20000ea8    00000080     (.common:xdc_runtime_SysMin_Module_State_0_outbuf__A)
                  20000f28    00000008     (.common:parmbuf)

.data      0    20000f30    00000446     UNINITIALIZED
                  20000f30    00000080     empty_pem4f.oem4f (.data:ti_sysbios_knl_Swi_Module_State_0_readyQ__A)
                  20000fb0    00000080     empty_pem4f.oem4f (.data:ti_sysbios_knl_Task_Module_State_0_readyQ__A)
                  20001030    0000004c     empty_pem4f.oem4f (.data:ti_sysbios_knl_Task_Object__table__V)
                  2000107c    00000048     empty_pem4f.oem4f (.data:ti_sysbios_family_arm_m3_Hwi_Object__table__V)
                  200010c4    00000044     empty_pem4f.oem4f (.data:ti_sysbios_knl_Task_Module__state__V)
                  20001108    00000040     empty_pem4f.oem4f (.data:ti_sysbios_family_arm_lm4_Timer_Object__table__V)
                  20001148    00000038     empty_pem4f.oem4f (.data:ti_sysbios_gates_GateMutex_Object__table__V)
                  20001180    00000034     empty_pem4f.oem4f (.data:ti_sysbios_family_arm_m3_Hwi_Module__state__V)
                  200011b4    00000031     main.obj (.data)
                  200011e5    00000001     --HOLE--
                  200011e6    00000002     empty_pem4f.oem4f (.data:ti_sysbios_family_arm_m3_Hwi_Module_State_0_excActive__A)
                  200011e8    00000030     empty_pem4f.oem4f (.data:ti_sysbios_family_arm_lm4_Timer_Module_State_0_device__A)
                  20001218    00000030     empty_pem4f.oem4f (.data:ti_sysbios_knl_Swi_Object__table__V)
                  20001248    0000002c     empty_pem4f.oem4f (.data:ti_sysbios_knl_Clock_Module__state__V)
                  20001274    00000024     empty_pem4f.oem4f (.data:ti_sysbios_BIOS_Module__state__V)
                  20001298    0000001c     empty_pem4f.oem4f (.data:ti_sysbios_knl_Swi_Module__state__V)
                  200012b4    00000018     empty_pem4f.oem4f (.data:ti_sysbios_family_arm_lm4_Timer_Module_State_0_handles__A)
                  200012cc    00000018     empty_pem4f.oem4f (.data:ti_sysbios_heaps_HeapMem_Object__table__V)
                  200012e4    0000000c     rtsv7M4_T_le_v4SPD16_eabi.lib : exit.obj (.data:$O1$$)
                  200012f0    0000000c     empty_pem4f.oem4f (.data:ti_sysbios_family_arm_lm4_Timer_Module__state__V)
                  200012fc    0000000c     empty_pem4f.oem4f (.data:xdc_runtime_SysMin_Module__state__V)
                  20001308    00000008     rtsv7M4_T_le_v4SPD16_eabi.lib : _lock.obj (.data:$O1$$)
                  20001310    00000008     empty_pem4f.oem4f (.data:ti_sysbios_gates_GateHwi_Module__root__V)
                  20001318    00000008     empty_pem4f.oem4f (.data:ti_sysbios_gates_GateMutex_Module__root__V)
                  20001320    00000008     empty_pem4f.oem4f (.data:ti_sysbios_heaps_HeapMem_Module__root__V)
                  20001328    00000008     empty_pem4f.oem4f (.data:ti_sysbios_knl_Queue_Module__root__V)
                  20001330    00000008     empty_pem4f.oem4f (.data:ti_sysbios_knl_Semaphore_Module__root__V)
                  20001338    00000008     empty_pem4f.oem4f (.data:xdc_runtime_Registry_Module__state__V)
                  20001340    00000008     empty_pem4f.oem4f (.data:xdc_runtime_Startup_Module__state__V)
                  20001348    00000008     empty_pem4f.oem4f (.data:xdc_runtime_System_Module_State_0_atexitHandlers__A)
                  20001350    00000008     empty_pem4f.oem4f (.data:xdc_runtime_System_Module__state__V)
                  20001358    00000004     rtsv7M4_T_le_v4SPD16_eabi.lib : errno.obj (.data)
                  2000135c    00000004                                   : stkdepth_vars.obj (.data)
                  20001360    00000004     empty_pem4f.oem4f (.data:ti_sysbios_family_arm_m3_Hwi_Module_State_0_excContext__A)
                  20001364    00000004     empty_pem4f.oem4f (.data:ti_sysbios_family_arm_m3_Hwi_Module_State_0_excStack__A)
                  20001368    00000004     empty_pem4f.oem4f (.data:ti_sysbios_gates_GateHwi_Object__table__V)
                  2000136c    00000004     empty_pem4f.oem4f (.data:ti_sysbios_knl_Task_Module_State_0_idleTask__A)
                  20001370    00000004     empty_pem4f.oem4f (.data:xdc_runtime_Memory_Module__state__V)
                  20001374    00000002     empty_pem4f.oem4f (.data:xdc_runtime_Error_Module__state__V)

.stack     0    20001378    00000300     UNINITIALIZED
                  20001378    00000300     --HOLE--

.bootVecs 
*          0    00000000    00000008     DSECT
                  00000000    00000008     boot.aem4f : boot.oem4f (.bootVecs)

xdc.meta   0    00000000    000000d5     COPY SECTION
                  00000000    000000d5     empty_pem4f.oem4f (xdc.meta)

MODULE SUMMARY

       Module                     code    ro data   rw data
       ------                     ----    -------   -------
    .\
       main.obj                   2428    0         249    
    +--+--------------------------+-------+---------+---------+
       Total:                     2428    0         249    
                                                           
    C:\TI_RTOS\Workspace\PWMRhem\Debug\configPkg\package\cfg\
       empty_pem4f.oem4f          1446    7495      4408   
    +--+--------------------------+-------+---------+---------+
       Total:                     1446    7495      4408   
                                                           
    C:/ti/tirtos_tivac_2_16_01_14/products/TivaWare_C_Series-2.1.1.71b/driverlib/ccs/Debug/driverlib.lib
       sysctl.obj                 638     108       0      
       gpio.obj                   502     144       0      
       adc.obj                    322     0         0      
       interrupt.obj              120     112       0      
       uart.obj                   176     0         0      
       timer.obj                  136     0         0      
       pwm.obj                    110     0         0      
       cpu.obj                    12      0         0      
    +--+--------------------------+-------+---------+---------+
       Total:                     2016    364       0      
                                                           
    C:\TI_RTOS\Workspace\PWMRhem\src\sysbios\sysbios.aem4f
       BIOS.obj                   10128   0         0      
       m3_Hwi_asm.obj             314     0         0      
       m3_TaskSupport_asm.obj     180     0         0      
       m3_Hwi_asm_switch.obj      118     0         0      
    +--+--------------------------+-------+---------+---------+
       Total:                     10740   0         0      
                                                           
    C:\ti\ccsv7\tools\compiler\ti-cgt-arm_16.9.4.LTS\lib\rtsv7M4_T_le_v4SPD16_eabi.lib
       strtod.obj                 572     152       0      
       fd_add_t2.obj              438     0         0      
       trgmsg.obj                 104     0         288    
       fd_div_t2.obj              310     0         0      
       ctype.obj                  0       257       0      
       fd_mul_t2.obj              252     0         0      
       memcpy_t2.obj              156     0         0      
       fd_cmp_t2.obj              134     0         0      
       memset_t2.obj              122     0         0      
       fd_tos_t2.obj              110     0         0      
       copy_decompress_lzss.obj   104     0         0      
       exit.obj                   84      0         12     
       hostwrite.obj              88      0         0      
       cpy_tbl.obj                76      0         0      
       u_divt2.obj                64      0         0      
       fs_tod_t2.obj              56      0         0      
       _lock.obj                  20      0         8      
       args_main.obj              24      0         0      
       strlen.obj                 20      0         0      
       atof.obj                   18      0         0      
       copy_decompress_none.obj   14      0         0      
       copy_zero_init.obj         12      0         0      
       hostopen.obj               0       0         8      
       errno.obj                  0       0         4      
       stkdepth_vars.obj          0       0         4      
       i_div0.obj                 2       0         0      
    +--+--------------------------+-------+---------+---------+
       Total:                     2780    409       324    
                                                           
    C:\ti\tirtos_tivac_2_16_01_14\products\bios_6_45_02_31\packages\ti\catalog\arm\cortexm4\tiva\ce\lib\Boot.aem4f
       Boot_sysctl.oem4f          262     0         0      
       Boot.oem4f                 152     0         0      
    +--+--------------------------+-------+---------+---------+
       Total:                     414     0         0      
                                                           
    C:\ti\tirtos_tivac_2_16_01_14\products\bios_6_45_02_31\packages\ti\targets\arm\rtsarm\lib\auto_init.aem4f
       auto_init.oem4f            160     0         0      
    +--+--------------------------+-------+---------+---------+
       Total:                     160     0         0      
                                                           
    C:\ti\tirtos_tivac_2_16_01_14\products\bios_6_45_02_31\packages\ti\targets\arm\rtsarm\lib\boot.aem4f
       boot.oem4f                 88      0         0      
    +--+--------------------------+-------+---------+---------+
       Total:                     88      0         0      
                                                           
    C:\ti\tirtos_tivac_2_16_01_14\products\bios_6_45_02_31\packages\ti\targets\arm\rtsarm\lib\ti.targets.arm.rtsarm.aem4f
       System.oem4f               1255    0         0      
       Text.oem4f                 672     0         0      
       Error.oem4f                524     0         0      
       Core-mem.oem4f             358     0         0      
       Startup.oem4f              328     0         0      
       SysMin.oem4f               248     0         0      
       Core-smem.oem4f            204     0         0      
       Memory.oem4f               176     0         0      
       Assert.oem4f               84      0         0      
       Core-params.oem4f          70      0         0      
       Core-label.oem4f           52      0         0      
       Registry.oem4f             32      0         0      
       Gate.oem4f                 28      0         0      
    +--+--------------------------+-------+---------+---------+
       Total:                     4031    0         0      
                                                           
       Stack:                     0       0         768    
       Linker Generated:          0       524       0      
    +--+--------------------------+-------+---------+---------+
       Grand Total:               24103   8792      5749   


LINKER GENERATED COPY TABLES

__TI_cinit_table @ 00008110 records: 3, size/record: 8, table size: 24
	.data: load addr=00007f18, load size=000001d8 bytes, run addr=20000f30, run size=00000446 bytes, compression=lzss
	.bss: load addr=00008100, load size=00000008 bytes, run addr=20000360, run size=00000bd0 bytes, compression=zero_init
	.vecs: load addr=00008108, load size=00000008 bytes, run addr=20000000, run size=00000360 bytes, compression=zero_init


LINKER GENERATED HANDLER TABLE

__TI_handler_table @ 000080f0 records: 3, size/record: 4, table size: 12
	index: 0, handler: __TI_decompress_lzss
	index: 1, handler: __TI_decompress_none
	index: 2, handler: __TI_zero_init


GLOBAL SYMBOLS: SORTED ALPHABETICALLY BY Name 

address   name                                                              
-------   ----                                                              
00005e61  ADCIntClear                                                       
00005379  ADCIntStatus                                                      
000059e5  ADCProcessorTrigger                                               
00004da9  ADCSequenceConfigure                                              
000057d9  ADCSequenceDataGet                                                
00005d41  ADCSequenceDisable                                                
00005d4f  ADCSequenceEnable                                                 
00003ba5  ADCSequenceStepConfigure                                          
000046c5  C$$EXIT                                                           
0000409b  C$$IO$$                                                           
00005dc5  CPUcpsie                                                          
00005459  GPIODirModeSet                                                    
000023e5  GPIOPadConfigSet                                                  
0000499d  GPIOPinConfigure                                                  
00005bbd  GPIOPinTypeADC                                                    
000059fd  GPIOPinTypeGPIOOutput                                             
00005bcf  GPIOPinTypePWM                                                    
00005be1  GPIOPinTypeUART                                                   
00001ac3  GPIOPinWrite                                                      
000045c1  HOSTwrite                                                         
00003f9d  IntEnable                                                         
00005c4d  IntMasterEnable                                                   
00000db9  PID_start                                                         
00005649  PWMGenConfigure                                                   
00005dd1  PWMGenEnable                                                      
00005c5d  PWMGenPeriodSet                                                   
00005bf3  PWMOutputState                                                    
000057f7  PWMPulseWidthSet                                                  
UNDEFED   SHT$$INIT_ARRAY$$Base                                             
UNDEFED   SHT$$INIT_ARRAY$$Limit                                            
0000262d  SysCtlClockGet                                                    
00002d19  SysCtlClockSet                                                    
000022ab  SysCtlDelay                                                       
00005b09  SysCtlPWMClockSet                                                 
00004fc1  SysCtlPeripheralDisable                                           
00004ff5  SysCtlPeripheralEnable                                            
0000426d  TimerConfigure                                                    
00005d5d  TimerEnable                                                       
00005e89  TimerIntEnable                                                    
00005c05  TimerLoadSet                                                      
00005d6b  UARTCharGetNonBlocking                                            
00005d79  UARTCharPutNonBlocking                                            
00005ddd  UARTCharsAvail                                                    
00004c61  UARTConfigSetExpClk                                               
00005835  UARTDisable                                                       
00005b1d  UARTEnable                                                        
00000aed  UARTIntClear                                                      
00005e91  UARTIntEnable                                                     
00005e6b  UARTIntStatus                                                     
00000000  __ASM__                                                           
20000cc0  __CIOBUF_                                                         
00000053  __ISA__                                                           
00000066  __PLAT__                                                          
20001678  __STACK_END                                                       
00000300  __STACK_SIZE                                                      
00000087  __TARG__                                                          
00008110  __TI_CINIT_Base                                                   
00008128  __TI_CINIT_Limit                                                  
000080f0  __TI_Handler_Table_Base                                           
000080fc  __TI_Handler_Table_Limit                                          
000034b1  __TI_auto_init                                                    
200012e4  __TI_cleanup_ptr                                                  
00004005  __TI_decompress_lzss                                              
00005d87  __TI_decompress_none                                              
200012e8  __TI_dtors_ptr                                                    
200012ec  __TI_enable_exit_profile_output                                   
ffffffff  __TI_pprof_out_hndl                                               
ffffffff  __TI_prof_data_size                                               
ffffffff  __TI_prof_data_start                                              
0000409f  __TI_readmsg                                                      
00007f18  __TI_static_base__                                                
0000406d  __TI_writemsg                                                     
00005de9  __TI_zero_init                                                    
000000ad  __TRDR__                                                          
00003a11  __aeabi_cdcmpeq                                                   
00003a11  __aeabi_cdcmple                                                   
00003d09  __aeabi_d2f                                                       
00001917  __aeabi_dadd                                                      
00002175  __aeabi_ddiv                                                      
00002939  __aeabi_dmul                                                      
0000190d  __aeabi_dsub                                                      
00004ea5  __aeabi_f2d                                                       
000037c7  __aeabi_idiv0                                                     
00003c1f  __aeabi_memclr                                                    
00003c1f  __aeabi_memclr4                                                   
00003c1f  __aeabi_memclr8                                                   
000035f1  __aeabi_memcpy                                                    
000035f1  __aeabi_memcpy4                                                   
000035f1  __aeabi_memcpy8                                                   
00003c21  __aeabi_memset                                                    
00003c21  __aeabi_memset4                                                   
00003c21  __aeabi_memset8                                                   
00004d25  __aeabi_uidiv                                                     
00004d25  __aeabi_uidivmod                                                  
ffffffff  __binit__                                                         
ffffffff  __c_args__                                                        
20001378  __stack                                                           
00005a15  _args_main                                                        
00004569  _c_int00                                                          
0000777a  _ctypes_                                                          
20001308  _lock                                                             
00005b53  _nop                                                              
00005b4b  _register_lock                                                    
00005b45  _register_unlock                                                  
2000130c  _unlock                                                           
000046c9  abort                                                             
000038f5  adc_init                                                          
00005c17  atof                                                              
ffffffff  binit                                                             
20000de0  comms                                                             
00004861  copy_in                                                           
200011dc  count                                                             
00004ca5  distFront                                                         
00004ce5  distRight                                                         
20001358  errno                                                             
200011bc  error_prior                                                       
000046d1  exit                                                              
00001da5  hard_initB                                                        
200011c4  i                                                                 
200011b8  i16ToggleCount                                                    
200011c0  integral                                                          
200011d0  kd                                                                
200011cc  ki                                                                
200011c8  kp                                                                
0000413d  ledToggle                                                         
00004671  main                                                              
2000135c  main_func_sp                                                      
000035f1  memcpy                                                            
00003c27  memset                                                            
00003a99  motorMove                                                         
00005b31  motorStop                                                         
20000f28  parmbuf                                                           
200011d4  result                                                            
200011d8  result1                                                           
200011e0  stopper                                                           
00005b59  strlen                                                            
000014d1  strtod                                                            
000014d1  strtold                                                           
00007d88  ti_catalog_arm_cortexm4_tiva_ce_Boot_A_mustUseEnhancedClockMode__C
00007d8c  ti_catalog_arm_cortexm4_tiva_ce_Boot_Module__diagsEnabled__C      
00007d90  ti_catalog_arm_cortexm4_tiva_ce_Boot_Module__diagsIncluded__C     
00007d94  ti_catalog_arm_cortexm4_tiva_ce_Boot_Module__diagsMask__C         
00007ef8  ti_catalog_arm_cortexm4_tiva_ce_Boot_Module__id__C                
00005db9  ti_catalog_arm_cortexm4_tiva_ce_Boot_init__I                      
00002739  ti_catalog_arm_cortexm4_tiva_ce_Boot_sysCtlClockSetI__I           
000037c9  ti_catalog_arm_cortexm4_tiva_ce_Boot_sysCtlClockSet__E            
0000566b  ti_catalog_arm_cortexm4_tiva_ce_Boot_sysCtlDelayI__I              
20001274  ti_sysbios_BIOS_Module__state__V                                  
00005949  ti_sysbios_BIOS_RtsGateProxy_Handle__label__S                     
000055b5  ti_sysbios_BIOS_RtsGateProxy_Object__delete__S                    
0000102d  ti_sysbios_BIOS_RtsGateProxy_enter__E                             
0000170d  ti_sysbios_BIOS_RtsGateProxy_leave__E                             
00005ee9  ti_sysbios_BIOS_RtsGateProxy_query__E                             
00005135  ti_sysbios_BIOS_atExitFunc__I                                     
00005525  ti_sysbios_BIOS_errorRaiseHook__I                                 
00005af1  ti_sysbios_BIOS_exitFunc__I                                       
00003a97  ti_sysbios_BIOS_nullFunc__I                                       
00005549  ti_sysbios_BIOS_registerRTSLock__I                                
0000556d  ti_sysbios_BIOS_removeRTSLock__I                                  
000056b5  ti_sysbios_BIOS_rtsLock__I                                        
00005a2d  ti_sysbios_BIOS_rtsUnlock__I                                      
00005c71  ti_sysbios_BIOS_setThreadType__E                                  
00005591  ti_sysbios_BIOS_startFunc__I                                      
00005c81  ti_sysbios_BIOS_start__E                                          
200011e8  ti_sysbios_family_arm_lm4_Timer_Module_State_0_device__A          
200012b4  ti_sysbios_family_arm_lm4_Timer_Module_State_0_handles__A         
00005a45  ti_sysbios_family_arm_lm4_Timer_Module__startupDone__F            
00005a45  ti_sysbios_family_arm_lm4_Timer_Module__startupDone__S            
200012f0  ti_sysbios_family_arm_lm4_Timer_Module__state__V                  
000041a1  ti_sysbios_family_arm_lm4_Timer_Module_startup__E                 
20001108  ti_sysbios_family_arm_lm4_Timer_Object__table__V                  
00007d98  ti_sysbios_family_arm_lm4_Timer_enableFunc__C                     
00003361  ti_sysbios_family_arm_lm4_Timer_enableTimers__I                   
000032b1  ti_sysbios_family_arm_lm4_Timer_enableTiva__I                     
00005df9  ti_sysbios_family_arm_lm4_Timer_getMaxTicks__E                    
000042d1  ti_sysbios_family_arm_lm4_Timer_isrStub__E                        
00005e99  ti_sysbios_family_arm_lm4_Timer_masterDisable__I                  
00001c3d  ti_sysbios_family_arm_lm4_Timer_masterEnable__I                   
00007d9c  ti_sysbios_family_arm_lm4_Timer_numTimerDevices__C                
000022b1  ti_sysbios_family_arm_lm4_Timer_start__E                          
00007da0  ti_sysbios_family_arm_lm4_Timer_startupNeeded__C                  
00004d69  ti_sysbios_family_arm_lm4_Timer_startup__E                        
00005169  ti_sysbios_family_arm_lm4_Timer_stop__E                           
00005671  ti_sysbios_family_arm_lm4_Timer_write__I                          
00007da4  ti_sysbios_family_arm_m3_Hwi_E_NMI__C                             
00007da8  ti_sysbios_family_arm_m3_Hwi_E_busFault__C                        
00007dac  ti_sysbios_family_arm_m3_Hwi_E_debugMon__C                        
00007db0  ti_sysbios_family_arm_m3_Hwi_E_hardFault__C                       
00007db4  ti_sysbios_family_arm_m3_Hwi_E_memFault__C                        
00007db8  ti_sysbios_family_arm_m3_Hwi_E_noIsr__C                           
00007dbc  ti_sysbios_family_arm_m3_Hwi_E_reserved__C                        
00007dc0  ti_sysbios_family_arm_m3_Hwi_E_svCall__C                          
00007dc4  ti_sysbios_family_arm_m3_Hwi_E_usageFault__C                      
00005915  ti_sysbios_family_arm_m3_Hwi_Handle__label__S                     
200011e6  ti_sysbios_family_arm_m3_Hwi_Module_State_0_excActive__A          
20001360  ti_sysbios_family_arm_m3_Hwi_Module_State_0_excContext__A         
20001364  ti_sysbios_family_arm_m3_Hwi_Module_State_0_excStack__A           
00007efa  ti_sysbios_family_arm_m3_Hwi_Module__id__C                        
00005a5d  ti_sysbios_family_arm_m3_Hwi_Module__startupDone__F               
00005a5d  ti_sysbios_family_arm_m3_Hwi_Module__startupDone__S               
[...]
00005d21  xdc_runtime_System_vsnprintf__E                                   
00005d31  xdc_runtime_Text_visitRope__I                                     
00005d41  ADCSequenceDisable                                                
00005d4f  ADCSequenceEnable                                                 
00005d5d  TimerEnable                                                       
00005d6b  UARTCharGetNonBlocking                                            
00005d79  UARTCharPutNonBlocking                                            
00005d87  __TI_decompress_none                                              
00005d99  ti_sysbios_knl_Idle_loop__E                                       
00005da9  ti_sysbios_knl_Queue_empty__E                                     
00005db9  ti_catalog_arm_cortexm4_tiva_ce_Boot_init__I                      
00005dc5  CPUcpsie                                                          
00005dd1  PWMGenEnable                                                      
00005ddd  UARTCharsAvail                                                    
00005de9  __TI_zero_init                                                    
00005df9  ti_sysbios_family_arm_lm4_Timer_getMaxTicks__E                    
00005e09  ti_sysbios_family_arm_m3_TaskSupport_checkStack__E                
00005e09  ti_sysbios_knl_Task_SupportProxy_checkStack__E                    
00005e19  ti_sysbios_gates_GateHwi_enter__E                                 
00005e25  ti_sysbios_knl_Queue_Object__get__S                               
00005e31  xdc_runtime_Error_init__E                                         
00005e3d  xdc_runtime_Gate_enterSystem__E                                   
00005e49  xdc_runtime_Memory_calloc__E                                      
00005e55  xdc_runtime_Memory_getMaxDefaultTypeAlign__E                      
00005e61  ADCIntClear                                                       
00005e6b  UARTIntStatus                                                     
00005e75  xdc_runtime_Memory_HeapProxy_alloc__E                             
00005e7f  xdc_runtime_Memory_HeapProxy_free__E                              
00005e89  TimerIntEnable                                                    
00005e91  UARTIntEnable                                                     
00005e99  ti_sysbios_family_arm_lm4_Timer_masterDisable__I                  
00005ea1  ti_sysbios_family_arm_m3_Hwi_doSwiRestore__I                      
00005ea9  ti_sysbios_family_arm_m3_Hwi_startup__E                           
00005ea9  ti_sysbios_hal_Hwi_HwiProxy_startup__E                            
00005eb1  ti_sysbios_family_arm_m3_Hwi_doTaskRestore__I                     
00005eb9  ti_sysbios_gates_GateHwi_leave__E                                 
00005ec1  ti_sysbios_heaps_HeapMem_isBlocking__E                            
00005ec9  ti_sysbios_knl_Queue_Instance_init__E                             
00005ed1  ti_sysbios_knl_Swi_startup__E                                     
00005ed7  xdc_runtime_System_Module_startup__E                              
00005ee1  ti_sysbios_gates_GateHwi_query__E                                 
00005ee1  xdc_runtime_Main_Module_GateProxy_query__E                        
00005ee1  xdc_runtime_System_Module_GateProxy_query__E                      
00005ee9  ti_sysbios_BIOS_RtsGateProxy_query__E                             
00005ee9  ti_sysbios_gates_GateMutex_query__E                               
00005ee9  ti_sysbios_heaps_HeapMem_Module_GateProxy_query__E                
00005ef1  ti_sysbios_knl_Task_startup__E                                    
00005ef9  ti_sysbios_gates_GateHwi_Instance_init__E                         
00005f01  ti_sysbios_knl_Clock_logTick__E                                   
00005f08  xdc_runtime_Text_charTab__A                                       
0000777a  _ctypes_                                                          
0000787b  xdc_runtime_Error_policy__C                                       
0000787c  xdc_runtime_Text_nodeTab__A                                       
00007b84  ti_sysbios_heaps_HeapMem_Module__FXNS__C                          
00007bac  ti_sysbios_gates_GateHwi_Module__FXNS__C                          
00007bd0  ti_sysbios_gates_GateMutex_Module__FXNS__C                        
00007bf4  ti_sysbios_heaps_HeapMem_Object__PARAMS__C                        
00007c18  ti_sysbios_knl_Semaphore_Object__PARAMS__C                        
00007c3c  ti_sysbios_gates_GateHwi_Object__DESC__C                          
00007c5c  ti_sysbios_gates_GateMutex_Object__DESC__C                        
00007c7c  ti_sysbios_heaps_HeapMem_Object__DESC__C                          
00007c9c  ti_sysbios_knl_Queue_Object__DESC__C                              
00007cbc  ti_sysbios_knl_Semaphore_Object__DESC__C                          
00007cdc  xdc_runtime_Startup_sfxnTab__A                                    
00007cfc  ti_sysbios_gates_GateHwi_Object__PARAMS__C                        
00007d14  ti_sysbios_gates_GateMutex_Object__PARAMS__C                      
00007d2c  ti_sysbios_knl_Queue_Object__PARAMS__C                            
00007d44  xdc_runtime_Startup_firstFxns__A                                  
00007d58  xdc_runtime_Startup_sfxnRts__A                                    
00007d68  ti_sysbios_family_arm_m3_Hwi_excHookFuncs__A                      
00007d70  ti_sysbios_knl_Idle_funcList__C                                   
00007d78  xdc_runtime_Startup_firstFxns__C                                  
00007d80  xdc_runtime_Startup_lastFxns__C                                   
00007d88  ti_catalog_arm_cortexm4_tiva_ce_Boot_A_mustUseEnhancedClockMode__C
00007d8c  ti_catalog_arm_cortexm4_tiva_ce_Boot_Module__diagsEnabled__C      
00007d90  ti_catalog_arm_cortexm4_tiva_ce_Boot_Module__diagsIncluded__C     
00007d94  ti_catalog_arm_cortexm4_tiva_ce_Boot_Module__diagsMask__C         
00007d98  ti_sysbios_family_arm_lm4_Timer_enableFunc__C                     
00007d9c  ti_sysbios_family_arm_lm4_Timer_numTimerDevices__C                
00007da0  ti_sysbios_family_arm_lm4_Timer_startupNeeded__C                  
00007da4  ti_sysbios_family_arm_m3_Hwi_E_NMI__C                             
00007da8  ti_sysbios_family_arm_m3_Hwi_E_busFault__C                        
00007dac  ti_sysbios_family_arm_m3_Hwi_E_debugMon__C                        
00007db0  ti_sysbios_family_arm_m3_Hwi_E_hardFault__C                       
00007db4  ti_sysbios_family_arm_m3_Hwi_E_memFault__C                        
00007db8  ti_sysbios_family_arm_m3_Hwi_E_noIsr__C                           
00007dbc  ti_sysbios_family_arm_m3_Hwi_E_reserved__C                        
00007dc0  ti_sysbios_family_arm_m3_Hwi_E_svCall__C                          
00007dc4  ti_sysbios_family_arm_m3_Hwi_E_usageFault__C                      
00007dc8  ti_sysbios_family_arm_m3_Hwi_NUM_INTERRUPTS__C                    
00007dcc  ti_sysbios_family_arm_m3_Hwi_Object__count__C                     
00007dd0  ti_sysbios_family_arm_m3_Hwi_ccr__C                               
00007dd4  ti_sysbios_family_arm_m3_Hwi_excHandlerFunc__C                    
00007dd8  ti_sysbios_family_arm_m3_Hwi_excHookFuncs__C                      
00007ddc  ti_sysbios_family_arm_m3_Hwi_nullIsrFunc__C                       
00007de0  ti_sysbios_family_arm_m3_Hwi_priGroup__C                          
00007de4  ti_sysbios_gates_GateMutex_A_badContext__C                        
00007de8  ti_sysbios_gates_GateMutex_Instance_State_sem__O                  
00007dec  ti_sysbios_gates_GateMutex_Module__diagsEnabled__C                
00007df0  ti_sysbios_gates_GateMutex_Module__diagsIncluded__C               
00007df4  ti_sysbios_gates_GateMutex_Module__diagsMask__C                   
00007df8  ti_sysbios_hal_Hwi_E_stackOverflow__C                             
00007dfc  ti_sysbios_heaps_HeapMem_A_align__C                               
00007e00  ti_sysbios_heaps_HeapMem_A_heapSize__C                            
00007e04  ti_sysbios_heaps_HeapMem_A_invalidFree__C                         
00007e08  ti_sysbios_heaps_HeapMem_A_zeroBlock__C                           
00007e0c  ti_sysbios_heaps_HeapMem_E_memory__C                              
00007e10  ti_sysbios_heaps_HeapMem_Module__diagsEnabled__C                  
00007e14  ti_sysbios_heaps_HeapMem_Module__diagsIncluded__C                 
00007e18  ti_sysbios_heaps_HeapMem_Module__diagsMask__C                     
00007e1c  ti_sysbios_heaps_HeapMem_Module__gateObj__C                       
00007e20  ti_sysbios_heaps_HeapMem_Object__count__C                         
00007e24  ti_sysbios_heaps_HeapMem_reqAlign__C                              
00007e28  ti_sysbios_knl_Clock_Module_State_clockQ__O                       
00007e2c  ti_sysbios_knl_Idle_funcList__A                                   
00007e30  ti_sysbios_knl_Semaphore_A_badContext__C                          
00007e34  ti_sysbios_knl_Semaphore_A_noEvents__C                            
00007e38  ti_sysbios_knl_Semaphore_A_overflow__C                            
00007e3c  ti_sysbios_knl_Semaphore_A_pendTaskDisabled__C                    
00007e40  ti_sysbios_knl_Semaphore_Instance_State_pendQ__O                  
00007e44  ti_sysbios_knl_Semaphore_Module__diagsEnabled__C                  
00007e48  ti_sysbios_knl_Semaphore_Module__diagsIncluded__C                 
00007e4c  ti_sysbios_knl_Semaphore_Module__diagsMask__C                     
00007e50  ti_sysbios_knl_Swi_Object__count__C                               
00007e54  ti_sysbios_knl_Task_E_spOutOfBounds__C                            
00007e58  ti_sysbios_knl_Task_E_stackOverflow__C                            
00007e5c  ti_sysbios_knl_Task_Module_State_inactiveQ__O                     
00007e60  ti_sysbios_knl_Task_Object__count__C                              
00007e64  ti_sysbios_knl_Task_allBlockedFunc__C                             
00007e68  ti_sysbios_knl_Task_numConstructedTasks__C                        
00007e6c  xdc_runtime_Assert_E_assertFailed__C                              
00007e70  xdc_runtime_Core_A_initializedParams__C                           
00007e74  xdc_runtime_Core_Module__diagsEnabled__C                          
00007e78  xdc_runtime_Core_Module__diagsIncluded__C                         
00007e7c  xdc_runtime_Core_Module__diagsMask__C                             
00007e80  xdc_runtime_Error_E_memory__C                                     
00007e84  xdc_runtime_Error_Module__diagsEnabled__C                         
00007e88  xdc_runtime_Error_Module__diagsIncluded__C                        
00007e8c  xdc_runtime_Error_Module__diagsMask__C                            
00007e90  xdc_runtime_Error_Module__loggerFxn8__C                           
00007e94  xdc_runtime_Error_Module__loggerObj__C                            
00007e98  xdc_runtime_Error_policyFxn__C                                    
00007e9c  xdc_runtime_Error_raiseHook__C                                    
00007ea0  xdc_runtime_IGateProvider_Interface__BASE__C                      
00007ea4  xdc_runtime_IHeap_Interface__BASE__C                              
00007ea8  xdc_runtime_IModule_Interface__BASE__C                            
00007eac  xdc_runtime_Log_L_error__C                                        
00007eb0  xdc_runtime_Memory_defaultHeapInstance__C                         
00007eb4  xdc_runtime_Startup_execImpl__C                                   
00007eb8  xdc_runtime_Startup_maxPasses__C                                  
00007ebc  xdc_runtime_Startup_sfxnRts__C                                    
00007ec0  xdc_runtime_Startup_sfxnTab__C                                    
00007ec4  xdc_runtime_SysMin_bufSize__C                                     
00007ec8  xdc_runtime_SysMin_outputFunc__C                                  
00007ecc  xdc_runtime_System_Module__gateObj__C                             
00007ed0  xdc_runtime_System_abortFxn__C                                    
00007ed4  xdc_runtime_System_exitFxn__C                                     
00007ed8  xdc_runtime_System_extendFxn__C                                   
00007edc  xdc_runtime_System_maxAtexitHandlers__C                           
00007ee0  xdc_runtime_Text_charTab__C                                       
00007ee4  xdc_runtime_Text_nameEmpty__C                                     
00007ee8  xdc_runtime_Text_nameStatic__C                                    
00007eec  xdc_runtime_Text_nameUnknown__C                                   
00007ef0  xdc_runtime_Text_nodeTab__C                                       
00007ef4  xdc_runtime_Text_visitRopeFxn__C                                  
00007ef8  ti_catalog_arm_cortexm4_tiva_ce_Boot_Module__id__C                
00007efa  ti_sysbios_family_arm_m3_Hwi_Module__id__C                        
00007efc  ti_sysbios_gates_GateMutex_Module__id__C                          
00007efe  ti_sysbios_hal_Hwi_Module__id__C                                  
00007f00  ti_sysbios_heaps_HeapMem_Module__id__C                            
00007f02  ti_sysbios_knl_Semaphore_Module__id__C                            
00007f04  ti_sysbios_knl_Task_Module__id__C                                 
00007f06  xdc_runtime_Core_Module__id__C                                    
00007f08  xdc_runtime_Error_Module__loggerDefined__C                        
00007f0a  xdc_runtime_Error_maxDepth__C                                     
00007f0c  xdc_runtime_Memory_Module__id__C                                  
00007f0e  xdc_runtime_SysMin_flushAtExit__C                                 
00007f10  xdc_runtime_Text_charCnt__C                                       
00007f12  xdc_runtime_Text_isLoaded__C                                      
00007f14  xdc_runtime_Text_registryModsLastId__C                            
00007f16  xdc_runtime_Text_unnamedModsLastId__C                             
00007f18  __TI_static_base__                                                
000080f0  __TI_Handler_Table_Base                                           
000080fc  __TI_Handler_Table_Limit                                          
00008110  __TI_CINIT_Base                                                   
00008128  __TI_CINIT_Limit                                                  
20000000  ti_sysbios_family_arm_m3_Hwi_ramVectors                           
20000360  ti_sysbios_heaps_HeapMem_Instance_State_0_buf__A                  
20000760  ti_sysbios_family_arm_m3_Hwi_dispatchTable                        
20000ac0  ti_sysbios_knl_Task_Instance_State_0_stack__A                     
20000cc0  __CIOBUF_                                                         
20000de0  comms                                                             
20000ea8  xdc_runtime_SysMin_Module_State_0_outbuf__A                       
20000f28  parmbuf                                                           
20000f30  ti_sysbios_knl_Swi_Module_State_0_readyQ__A                       
20000fb0  ti_sysbios_knl_Task_Module_State_0_readyQ__A                      
20001030  ti_sysbios_knl_Task_Object__table__V                              
2000107c  ti_sysbios_family_arm_m3_Hwi_Object__table__V                     
200010c4  ti_sysbios_knl_Task_Module__state__V                              
20001108  ti_sysbios_family_arm_lm4_Timer_Object__table__V                  
20001148  ti_sysbios_gates_GateMutex_Object__table__V                       
20001180  ti_sysbios_family_arm_m3_Hwi_Module__state__V                     
200011b8  i16ToggleCount                                                    
200011bc  error_prior                                                       
200011c0  integral                                                          
200011c4  i                                                                 
200011c8  kp                                                                
200011cc  ki                                                                
200011d0  kd                                                                
200011d4  result                                                            
200011d8  result1                                                           
200011dc  count                                                             
200011e0  stopper                                                           
200011e6  ti_sysbios_family_arm_m3_Hwi_Module_State_0_excActive__A          
200011e8  ti_sysbios_family_arm_lm4_Timer_Module_State_0_device__A          
20001218  ti_sysbios_knl_Swi_Object__table__V                               
20001248  ti_sysbios_knl_Clock_Module__state__V                             
20001274  ti_sysbios_BIOS_Module__state__V                                  
20001298  ti_sysbios_knl_Swi_Module__state__V                               
200012b4  ti_sysbios_family_arm_lm4_Timer_Module_State_0_handles__A         
200012cc  ti_sysbios_heaps_HeapMem_Object__table__V                         
200012e4  __TI_cleanup_ptr                                                  
200012e8  __TI_dtors_ptr                                                    
200012ec  __TI_enable_exit_profile_output                                   
200012f0  ti_sysbios_family_arm_lm4_Timer_Module__state__V                  
200012fc  xdc_runtime_SysMin_Module__state__V                               
20001308  _lock                                                             
2000130c  _unlock                                                           
20001310  ti_sysbios_gates_GateHwi_Module__root__V                          
20001318  ti_sysbios_gates_GateMutex_Module__root__V                        
20001320  ti_sysbios_heaps_HeapMem_Module__root__V                          
20001328  ti_sysbios_knl_Queue_Module__root__V                              
20001330  ti_sysbios_knl_Semaphore_Module__root__V                          
20001338  xdc_runtime_Registry_Module__state__V                             
20001340  xdc_runtime_Startup_Module__state__V                              
20001348  xdc_runtime_System_Module_State_0_atexitHandlers__A               
20001350  xdc_runtime_System_Module__state__V                               
20001358  errno                                                             
2000135c  main_func_sp                                                      
20001360  ti_sysbios_family_arm_m3_Hwi_Module_State_0_excContext__A         
20001364  ti_sysbios_family_arm_m3_Hwi_Module_State_0_excStack__A           
20001368  ti_sysbios_gates_GateHwi_Object__table__V                         
2000136c  ti_sysbios_knl_Task_Module_State_0_idleTask__A                    
20001370  xdc_runtime_Memory_Module__state__V                               
20001374  xdc_runtime_Error_Module__state__V                                
20001378  __stack                                                           
20001678  __STACK_END                                                       
e000e000  ti_sysbios_family_arm_m3_Hwi_nvic                                 
ffffffff  __TI_pprof_out_hndl                                               
ffffffff  __TI_prof_data_size                                               
ffffffff  __TI_prof_data_start                                              
ffffffff  __binit__                                                         
ffffffff  __c_args__                                                        
ffffffff  binit                                                             
UNDEFED   SHT$$INIT_ARRAY$$Base                                             
UNDEFED   SHT$$INIT_ARRAY$$Limit                                            

[556 symbols]
