******************************************************************************
                  TI ARM Linker PC v16.9.4                     
******************************************************************************
>> Linked Fri Oct 06 17:39:32 2017

OUTPUT FILE NAME:   <bluetoothMile.out>
ENTRY POINT SYMBOL: "_c_int00"  address: 00002c71


MEMORY CONFIGURATION

         name            origin    length      used     unused   attr    fill
----------------------  --------  ---------  --------  --------  ----  --------
  FLASH                 00000000   00040000  000063cf  00039c31  R  X
  SRAM                  20000000   00008000  000012fe  00006d02  RW X


SEGMENT ALLOCATION MAP

run origin  load origin   length   init length attrs members
----------  ----------- ---------- ----------- ----- -------
00000000    00000000    000063d8   000063d8    r-x
  00000000    00000000    0000003c   0000003c    r-- .resetVecs
  00000040    00000040    00004452   00004452    r-x .text
  00004494    00004494    00001d79   00001d79    r-- .const
  00006210    00006210    000001c8   000001c8    r-- .cinit
20000000    20000000    00001300   00000000    rw-
  20000000    20000000    00000360   00000000    rw- .vecs
  20000360    20000360    00000908   00000000    rw- .bss
  20000c68    20000c68    00000396   00000000    rw- .data
  20001000    20001000    00000300   00000000    rw- .stack


SECTION ALLOCATION MAP

 output                                  attributes/
section   page    origin      length       input sections
--------  ----  ----------  ----------   ----------------
.text      0    00000040    00004452     
                  00000040    00000430     sysbios.aem4f : BIOS.obj (.text:ti_sysbios_family_arm_m3_Hwi_excDumpRegs__I)
                  00000470    0000034c     ti.targets.arm.rtsarm.aem4f : System.oem4f (.text:xdc_runtime_System_doPrint__I)
                  000007bc    00000004     bluetooth_pem4f.oem4f (.text:ti_sysbios_BIOS_RtsGateProxy_enter__E)
                  000007c0    000001fc     sysbios.aem4f : BIOS.obj (.text:ti_sysbios_family_arm_m3_Hwi_excHandlerMax__I)
                  000009bc    00000004     bluetooth_pem4f.oem4f (.text:ti_sysbios_BIOS_RtsGateProxy_leave__E)
                  000009c0    00000174     sysbios.aem4f : BIOS.obj (.text:ti_sysbios_family_arm_m3_Hwi_excBusFault__I)
                  00000b34    00000004                   : BIOS.obj (.text:ti_sysbios_family_arm_lm4_Timer_masterEnable__I)
                  00000b38    00000164                   : BIOS.obj (.text:ti_sysbios_family_arm_m3_Hwi_excUsageFault__I)
                  00000c9c    00000004     bluetooth_pem4f.oem4f (.text:ti_sysbios_family_arm_m3_TaskSupport_Module__startupDone__S)
                  00000ca0    00000154     sysbios.aem4f : BIOS.obj (.text:ti_sysbios_knl_Semaphore_pend__E)
                  00000df4    00000004     bluetooth_pem4f.oem4f (.text:ti_sysbios_heaps_HeapMem_Module_GateProxy_enter__E)
                  00000df8    00000148     sysbios.aem4f : BIOS.obj (.text:ti_sysbios_family_arm_m3_Hwi_excMemFault__I)
                  00000f40    00000130     driverlib.lib : gpio.obj (.text:GPIOPadConfigSet)
                  00001070    00000128     bluetooth.obj (.text:main)
                  00001198    00000118     ti.targets.arm.rtsarm.aem4f : Error.oem4f (.text:xdc_runtime_Error_policyDefault__E)
                  000012b0    0000010c     driverlib.lib : sysctl.obj (.text:SysCtlClockGet)
                  000013bc    00000004     bluetooth_pem4f.oem4f (.text:ti_sysbios_heaps_HeapMem_Module_GateProxy_leave__E)
                  000013c0    00000108     sysbios.aem4f : BIOS.obj (.text:ti_sysbios_family_arm_lm4_Timer_start__E)
                  000014c8    00000100     Boot.aem4f : Boot_sysctl.oem4f (.text:ti_catalog_arm_cortexm4_tiva_ce_Boot_sysCtlClockSetI__I)
                  000015c8    00000100     ti.targets.arm.rtsarm.aem4f : Core-mem.oem4f (.text:xdc_runtime_Core_createObject__I)
                  000016c8    000000f8                                 : Startup.oem4f (.text:xdc_runtime_Startup_startMods__I)
                  000017c0    000000f8     bluetooth_pem4f.oem4f (.text:xdc_runtime_System_printfExtend__I)
                  000018b8    000000f4     sysbios.aem4f : m3_Hwi_asm.obj (.text:ti_sysbios_family_arm_m3_Hwi_dispatch__I)
                  000019ac    000000f0     driverlib.lib : sysctl.obj (.text:SysCtlClockSet)
                  00001a9c    00000004     bluetooth_pem4f.oem4f (.text:ti_sysbios_knl_Clock_TimerProxy_getMaxTicks__E)
                  00001aa0    000000cc     sysbios.aem4f : BIOS.obj (.text:ti_sysbios_heaps_HeapMem_alloc__E)
                  00001b6c    000000cc     ti.targets.arm.rtsarm.aem4f : Core-smem.oem4f (.text:xdc_runtime_Core_constructObject__I)
                  00001c38    000000bc     sysbios.aem4f : BIOS.obj (.text:ti_sysbios_family_arm_m3_Hwi_excDebugMon__I)
                  00001cf4    00000004     bluetooth_pem4f.oem4f (.text:ti_sysbios_knl_Queue_destruct)
                  00001cf8    000000bc     sysbios.aem4f : BIOS.obj (.text:ti_sysbios_family_arm_m3_Hwi_excHardFault__I)
                  00001db4    00000004     bluetooth_pem4f.oem4f (.text:ti_sysbios_knl_Semaphore_destruct)
                  00001db8    000000ac     sysbios.aem4f : BIOS.obj (.text:ti_sysbios_family_arm_lm4_Timer_enableTiva__I)
                  00001e64    000000a0     auto_init.aem4f : auto_init.oem4f (.text)
                  00001f04    000000a0     ti.targets.arm.rtsarm.aem4f : Text.oem4f (.text:xdc_runtime_Text_putMod__E)
                  00001fa4    0000009c     rtsv7M4_T_le_v4SPD16_eabi.lib : memcpy_t2.obj (.text)
                  00002040    0000009c     sysbios.aem4f : BIOS.obj (.text:ti_sysbios_knl_Task_postInit__I)
                  000020dc    0000009a     ti.targets.arm.rtsarm.aem4f : Text.oem4f (.text:xdc_runtime_Text_putSite__E)
                  00002176    00000002     rtsv7M4_T_le_v4SPD16_eabi.lib : i_div0.obj (.text)
                  00002178    00000098     Boot.aem4f : Boot.oem4f (.text:ti_catalog_arm_cortexm4_tiva_ce_Boot_sysCtlClockSet__E)
                  00002210    00000094     sysbios.aem4f : BIOS.obj (.text:ti_sysbios_family_arm_m3_Hwi_initNVIC__E)
                  000022a4    0000008c                   : m3_TaskSupport_asm.obj (.text:ti_sysbios_family_arm_m3_TaskSupport_buildTaskStack)
                  00002330    00000084                   : BIOS.obj (.text:ti_sysbios_family_arm_m3_Hwi_postInit__I)
                  000023b4    00000004     ti.targets.arm.rtsarm.aem4f : Error.oem4f (.text:xdc_runtime_Error_getSite__E)
                  000023b8    0000007c     sysbios.aem4f : BIOS.obj (.text:ti_sysbios_heaps_HeapMem_free__E)
                  00002434    0000007a     rtsv7M4_T_le_v4SPD16_eabi.lib : memset_t2.obj (.text)
                  000024ae    00000002     bluetooth_pem4f.oem4f (.text:ti_sysbios_BIOS_nullFunc__I)
                  000024b0    00000078     bluetooth.obj (.text:hard_initB)
                  00002528    00000070     sysbios.aem4f : BIOS.obj (.text:ti_sysbios_knl_Semaphore_post__E)
                  00002598    00000070                   : BIOS.obj (.text:ti_sysbios_knl_Task_exit__E)
                  00002608    0000006d     ti.targets.arm.rtsarm.aem4f : System.oem4f (.text:xdc_runtime_System_formatNum__I)
                  00002675    00000001     --HOLE-- [fill = 0]
                  00002676    00000002     bluetooth_pem4f.oem4f (.text:xdc_runtime_Startup_reset__I)
                  00002678    0000006c     sysbios.aem4f : BIOS.obj (.text:ti_sysbios_knl_Clock_workFunc__E)
                  000026e4    00000004     bluetooth_pem4f.oem4f (.text:xdc_runtime_System_Module_GateProxy_enter__E)
                  000026e8    0000006c     sysbios.aem4f : BIOS.obj (.text:ti_sysbios_knl_Swi_restoreHwi__E)
                  00002754    0000006c     ti.targets.arm.rtsarm.aem4f : Error.oem4f (.text:xdc_runtime_Error_print__E)
                  000027c0    0000006c                                 : Memory.oem4f (.text:xdc_runtime_Memory_alloc__E)
                  0000282c    00000068     rtsv7M4_T_le_v4SPD16_eabi.lib : copy_decompress_lzss.obj (.text:decompress:lzss)
                  00002894    00000068                                   : trgmsg.obj (.text)
                  000028fc    00000066     ti.targets.arm.rtsarm.aem4f : Core-mem.oem4f (.text:xdc_runtime_Core_deleteObject__I)
                  00002962    00000002     --HOLE-- [fill = 0]
                  00002964    00000064     bluetooth.obj (.text:ledToggle)
                  000029c8    00000064     sysbios.aem4f : BIOS.obj (.text:ti_sysbios_family_arm_lm4_Timer_Module_startup__E)
                  00002a2c    00000004     bluetooth_pem4f.oem4f (.text:xdc_runtime_System_Module_GateProxy_leave__E)
                  00002a30    00000064     sysbios.aem4f : BIOS.obj (.text:ti_sysbios_family_arm_m3_Hwi_dispatchC__I)
                  00002a94    00000004     ti.targets.arm.rtsarm.aem4f : System.oem4f (.text:xdc_runtime_System_aprintf_va__F)
                  00002a98    0000005c     sysbios.aem4f : BIOS.obj (.text:ti_sysbios_knl_Swi_run__I)
                  00002af4    00000004     ti.targets.arm.rtsarm.aem4f : System.oem4f (.text:xdc_runtime_System_printf_va__F)
                  00002af8    0000005c     sysbios.aem4f : BIOS.obj (.text:ti_sysbios_knl_Swi_schedule__I)
                  00002b54    00000004     --HOLE-- [fill = 0]
                  00002b58    0000005c                   : BIOS.obj (.text:ti_sysbios_knl_Task_Module_startup__E)
                  00002bb4    00000004     --HOLE-- [fill = 0]
                  00002bb8    0000005c                   : BIOS.obj (.text:ti_sysbios_knl_Task_startCore__E)
                  00002c14    0000005b     ti.targets.arm.rtsarm.aem4f : Text.oem4f (.text:xdc_runtime_Text_putLab__E)
                  00002c6f    00000001     --HOLE-- [fill = 0]
                  00002c70    00000058     boot.aem4f : boot.oem4f (.text)
                  00002cc8    00000058     rtsv7M4_T_le_v4SPD16_eabi.lib : hostwrite.obj (.text)
                  00002d20    00000058     sysbios.aem4f : m3_Hwi_asm_switch.obj (.text:ti_sysbios_family_arm_m3_Hwi_initStacks__E)
                  00002d78    00000054     rtsv7M4_T_le_v4SPD16_eabi.lib : exit.obj (.text)
                  00002dcc    00000004     --HOLE-- [fill = 0]
                  00002dd0    00000054     sysbios.aem4f : BIOS.obj (.text:ti_sysbios_family_arm_lm4_Timer_initDevice__I)
                  00002e24    00000054     ti.targets.arm.rtsarm.aem4f : Assert.oem4f (.text:xdc_runtime_Assert_raise__I)
                  00002e78    00000050     sysbios.aem4f : BIOS.obj (.text:ti_sysbios_family_arm_m3_Hwi_Module_startup__E)
                  00002ec8    00000050     ti.targets.arm.rtsarm.aem4f : Startup.oem4f (.text:xdc_runtime_Startup_exec__E)
                  00002f18    00000050                                 : Text.oem4f (.text:xdc_runtime_Text_visitRope2__I)
                  00002f68    0000004c     rtsv7M4_T_le_v4SPD16_eabi.lib : cpy_tbl.obj (.text)
                  00002fb4    00000004     --HOLE-- [fill = 0]
                  00002fb8    0000004c     sysbios.aem4f : BIOS.obj (.text:ti_sysbios_heaps_HeapMem_getStats__E)
                  00003004    00000004     --HOLE-- [fill = 0]
                  00003008    0000004c                   : BIOS.obj (.text:ti_sysbios_knl_Swi_runLoop__I)
                  00003054    00000004     --HOLE-- [fill = 0]
                  00003058    0000004c                   : BIOS.obj (.text:ti_sysbios_knl_Task_allBlockedFunction__I)
                  000030a4    00000004     --HOLE-- [fill = 0]
                  000030a8    0000004c                   : BIOS.obj (.text:ti_sysbios_knl_Task_schedule__I)
                  000030f4    00000048     driverlib.lib : gpio.obj (.text:GPIOPinConfigure)
                  0000313c    00000004     --HOLE-- [fill = 0]
                  00003140    00000048     sysbios.aem4f : BIOS.obj (.text:ti_sysbios_family_arm_lm4_Timer_enableTimers__I)
                  00003188    00000048                   : BIOS.obj (.text:ti_sysbios_family_arm_m3_Hwi_disableInterrupt__E)
                  000031d0    00000048                   : BIOS.obj (.text:ti_sysbios_family_arm_m3_Hwi_enableInterrupt__E)
                  00003218    00000048                   : BIOS.obj (.text:ti_sysbios_family_arm_m3_Hwi_excReserved__I)
                  00003260    00000046     ti.targets.arm.rtsarm.aem4f : Core-params.oem4f (.text:xdc_runtime_Core_assignParams__I)
                  000032a6    00000002     --HOLE-- [fill = 0]
                  000032a8    00000044     sysbios.aem4f : BIOS.obj (.text:ti_sysbios_family_arm_lm4_Timer_isrStub__E)
                  000032ec    00000004     --HOLE-- [fill = 0]
                  000032f0    00000044                   : BIOS.obj (.text:ti_sysbios_family_arm_m3_Hwi_getStackInfo__E)
                  00003334    00000004     --HOLE-- [fill = 0]
                  00003338    00000044                   : BIOS.obj (.text:ti_sysbios_knl_Swi_post__E)
                  0000337c    00000044     ti.targets.arm.rtsarm.aem4f : Error.oem4f (.text:xdc_runtime_Error_setX__E)
                  000033c0    00000044                                 : SysMin.oem4f (.text:xdc_runtime_SysMin_flush__E)
                  00003404    00000044                                 : Text.oem4f (.text:xdc_runtime_Text_xprintf__I)
                  00003448    00000042     driverlib.lib : uart.obj (.text:UARTConfigSetExpClk)
                  0000348a    00000040     rtsv7M4_T_le_v4SPD16_eabi.lib : u_divt2.obj (.text)
                  000034ca    00000006     driverlib.lib : gpio.obj (.text:GPIOPinWrite)
                  000034d0    00000040     sysbios.aem4f : BIOS.obj (.text:ti_sysbios_family_arm_lm4_Timer_startup__E)
                  00003510    00000040                   : BIOS.obj (.text:ti_sysbios_heaps_HeapMem_Instance_init__E)
                  00003550    0000003c                   : BIOS.obj (.text:ti_sysbios_family_arm_m3_Hwi_excSvCall__I)
                  0000358c    00000004     --HOLE-- [fill = 0]
                  00003590    0000003c                   : BIOS.obj (.text:ti_sysbios_heaps_HeapMem_init__I)
                  000035cc    00000004     --HOLE-- [fill = 0]
                  000035d0    0000003c                   : BIOS.obj (.text:ti_sysbios_knl_Swi_restore__E)
                  0000360c    00000004     --HOLE-- [fill = 0]
                  00003610    00000038                   : BIOS.obj (.text:ti_sysbios_family_arm_m3_Hwi_excNoIsr__I)
                  00003648    00000038                   : BIOS.obj (.text:ti_sysbios_knl_Task_processVitalTaskFlag__I)
                  00003680    00000038     ti.targets.arm.rtsarm.aem4f : SysMin.oem4f (.text:xdc_runtime_SysMin_putch__E)
                  000036b8    00000038                                 : System.oem4f (.text:xdc_runtime_System_atexit__E)
                  000036f0    00000034     driverlib.lib : sysctl.obj (.text:SysCtlPeripheralEnable)
                  00003724    00000004     --HOLE-- [fill = 0]
                  00003728    00000034     sysbios.aem4f : BIOS.obj (.text:ti_sysbios_family_arm_m3_Hwi_excNmi__I)
                  0000375c    00000034     ti.targets.arm.rtsarm.aem4f : Core-label.oem4f (.text:xdc_runtime_Core_assignLabel__I)
                  00003790    00000033                                 : Text.oem4f (.text:xdc_runtime_Text_printVisFxn__I)
                  000037c3    00000005     --HOLE-- [fill = 0]
                  000037c8    00000032     sysbios.aem4f : BIOS.obj (.text:ti_sysbios_hal_Hwi_initStack)
                  000037fa    00000002     --HOLE-- [fill = 0]
                  000037fc    00000030     bluetooth_pem4f.oem4f (.text:ti_sysbios_BIOS_atExitFunc__I)
                  0000382c    00000004     --HOLE-- [fill = 0]
                  00003830    00000030     sysbios.aem4f : BIOS.obj (.text:ti_sysbios_family_arm_lm4_Timer_stop__E)
                  00003860    00000030                   : BIOS.obj (.text:ti_sysbios_family_arm_m3_TaskSupport_start__E)
                  00003890    00000030     bluetooth_pem4f.oem4f (.text:ti_sysbios_gates_GateHwi_Object__create__S)
                  000038c0    00000030     bluetooth_pem4f.oem4f (.text:ti_sysbios_gates_GateMutex_Object__create__S)
                  000038f0    00000030     sysbios.aem4f : BIOS.obj (.text:ti_sysbios_gates_GateMutex_enter__E)
                  00003920    00000030     bluetooth_pem4f.oem4f (.text:ti_sysbios_heaps_HeapMem_Object__create__S)
                  00003950    00000030     bluetooth_pem4f.oem4f (.text:ti_sysbios_knl_Semaphore_construct)
                  00003980    00000030     sysbios.aem4f : BIOS.obj (.text:ti_sysbios_knl_Semaphore_pendTimeout__I)
                  000039b0    00000030                   : BIOS.obj (.text:ti_sysbios_knl_Task_unblockI__E)
                  000039e0    00000030     bluetooth.obj (.text:writeStringToUart1)
                  00003a10    00000030     ti.targets.arm.rtsarm.aem4f : SysMin.oem4f (.text:xdc_runtime_SysMin_abort__E)
                  00003a40    00000030                                 : System.oem4f (.text:xdc_runtime_System_processAtExit__E)
                  00003a70    0000002e     bluetooth_pem4f.oem4f (.text:malloc)
                  00003a9e    00000002     --HOLE-- [fill = 0]
                  00003aa0    0000002c     bluetooth_pem4f.oem4f (.text:ti_sysbios_knl_Clock_doTick__I)
                  00003acc    0000002c     bluetooth_pem4f.oem4f (.text:ti_sysbios_knl_Queue_construct)
                  00003af8    0000002c     sysbios.aem4f : BIOS.obj (.text:ti_sysbios_knl_Task_restore__E)
                  00003b24    0000002c     ti.targets.arm.rtsarm.aem4f : Text.oem4f (.text:xdc_runtime_Text_cordText__E)
                  00003b50    0000002a     driverlib.lib : gpio.obj (.text:GPIODirModeSet)
                  00003b7a    0000002a     ti.targets.arm.rtsarm.aem4f : System.oem4f (.text:xdc_runtime_System_putchar__I)
                  00003ba4    00000004     --HOLE-- [fill = 0]
                  00003ba8    00000028     sysbios.aem4f : BIOS.obj (.text:ti_sysbios_knl_Swi_Module_startup__E)
                  00003bd0    00000026                   : m3_Hwi_asm.obj (.text:ti_sysbios_family_arm_m3_Hwi_pendSV__I)
                  00003bf6    00000026     ti.targets.arm.rtsarm.aem4f : System.oem4f (.text:xdc_runtime_System_avprintf__E)
                  00003c1c    00000024     bluetooth_pem4f.oem4f (.text:ti_sysbios_BIOS_errorRaiseHook__I)
                  00003c40    00000024     bluetooth_pem4f.oem4f (.text:ti_sysbios_BIOS_registerRTSLock__I)
                  00003c64    00000024     bluetooth_pem4f.oem4f (.text:ti_sysbios_BIOS_removeRTSLock__I)
                  00003c88    00000024     bluetooth_pem4f.oem4f (.text:ti_sysbios_BIOS_startFunc__I)
                  00003cac    00000024     bluetooth_pem4f.oem4f (.text:ti_sysbios_gates_GateMutex_Object__delete__S)
                  00003cd0    00000024     sysbios.aem4f : BIOS.obj (.text:ti_sysbios_knl_Clock_Module_startup__E)
                  00003cf4    00000004     --HOLE-- [fill = 0]
                  00003cf8    00000024                   : BIOS.obj (.text:ti_sysbios_knl_Semaphore_Instance_init__E)
                  00003d1c    00000004     --HOLE-- [fill = 0]
                  00003d20    00000024                   : BIOS.obj (.text:ti_sysbios_knl_Task_restoreHwi__E)
                  00003d44    00000024     ti.targets.arm.rtsarm.aem4f : System.oem4f (.text:xdc_runtime_System_vprintf__E)
                  00003d68    00000022     sysbios.aem4f : BIOS.obj (.text:ti_sysbios_family_arm_lm4_Timer_write__I)
                  00003d8a    00000022     bluetooth_pem4f.oem4f (.text:xdc_runtime_SysMin_output__I)
                  00003dac    00000020     bluetooth_pem4f.oem4f (.text:ti_sysbios_BIOS_rtsLock__I)
                  00003dcc    00000020     sysbios.aem4f : m3_Hwi_asm.obj (.text:ti_sysbios_family_arm_m3_Hwi_excHandlerAsm__I)
                  00003dec    00000004     --HOLE-- [fill = 0]
                  00003df0    00000020                   : BIOS.obj (.text:ti_sysbios_family_arm_m3_Hwi_excHandler__I)
                  00003e10    00000020     bluetooth_pem4f.oem4f (.text:ti_sysbios_gates_GateHwi_Object__delete__S)
                  00003e30    00000020     bluetooth_pem4f.oem4f (.text:ti_sysbios_heaps_HeapMem_Object__delete__S)
                  00003e50    00000020     sysbios.aem4f : BIOS.obj (.text:ti_sysbios_knl_Idle_run__E)
                  00003e70    00000020     bluetooth_pem4f.oem4f (.text:ti_sysbios_knl_Semaphore_Object__destruct__S)
                  00003e90    00000020     ti.targets.arm.rtsarm.aem4f : Registry.oem4f (.text:xdc_runtime_Registry_findById__E)
                  00003eb0    00000020                                 : SysMin.oem4f (.text:xdc_runtime_SysMin_Module_startup__E)
                  00003ed0    0000001e     sysbios.aem4f : m3_Hwi_asm_switch.obj (.text:ti_sysbios_family_xxx_Hwi_switchAndRunFunc)
                  00003eee    00000002     --HOLE-- [fill = 0]
                  00003ef0    0000001c     driverlib.lib : uart.obj (.text:UARTDisable)
                  00003f0c    00000004     --HOLE-- [fill = 0]
                  00003f10    0000001c     sysbios.aem4f : BIOS.obj (.text:ti_sysbios_gates_GateMutex_Instance_init__E)
                  00003f2c    0000001c     bluetooth_pem4f.oem4f (.text:ti_sysbios_knl_Queue_Object__destruct__S)
                  00003f48    0000001c     sysbios.aem4f : BIOS.obj (.text:ti_sysbios_knl_Queue_put__E)
                  00003f64    00000004     --HOLE-- [fill = 0]
                  00003f68    0000001c                   : BIOS.obj (.text:ti_sysbios_knl_Task_enter__I)
                  00003f84    0000001c     ti.targets.arm.rtsarm.aem4f : Error.oem4f (.text:xdc_runtime_Error_raiseX__E)
                  00003fa0    0000001c                                 : Memory.oem4f (.text:xdc_runtime_Memory_valloc__E)
                  00003fbc    0000001c                                 : SysMin.oem4f (.text:xdc_runtime_SysMin_exit__E)
                  00003fd8    0000001c                                 : System.oem4f (.text:xdc_runtime_System_abort__E)
                  00003ff4    0000001a     bluetooth_pem4f.oem4f (.text:ti_sysbios_family_arm_m3_Hwi_Handle__label__S)
                  0000400e    0000001a     bluetooth_pem4f.oem4f (.text:ti_sysbios_gates_GateHwi_Handle__label__S)
                  00004028    0000001a     bluetooth_pem4f.oem4f (.text:ti_sysbios_gates_GateMutex_Handle__label__S)
                  00004042    0000001a     bluetooth_pem4f.oem4f (.text:ti_sysbios_heaps_HeapMem_Handle__label__S)
                  0000405c    0000001a     bluetooth_pem4f.oem4f (.text:ti_sysbios_knl_Swi_Handle__label__S)
                  00004076    0000001a     bluetooth_pem4f.oem4f (.text:ti_sysbios_knl_Task_Handle__label__S)
                  00004090    0000001a     bluetooth_pem4f.oem4f (.text:xdc_runtime_System_aprintf__E)
                  000040aa    0000001a     bluetooth_pem4f.oem4f (.text:xdc_runtime_System_printf__E)
                  000040c4    00000018     driverlib.lib : gpio.obj (.text:GPIOPinTypeGPIOOutput)
                  000040dc    00000018     rtsv7M4_T_le_v4SPD16_eabi.lib : args_main.obj (.text)
                  000040f4    00000018     bluetooth_pem4f.oem4f (.text:ti_sysbios_BIOS_rtsUnlock__I)
                  0000410c    00000018     bluetooth_pem4f.oem4f (.text:ti_sysbios_family_arm_lm4_Timer_Module__startupDone__F)
                  00004124    00000018     bluetooth_pem4f.oem4f (.text:ti_sysbios_family_arm_m3_Hwi_Module__startupDone__F)
                  0000413c    00000018     sysbios.aem4f : m3_TaskSupport_asm.obj (.text:ti_sysbios_family_arm_m3_TaskSupport_swap__E)
                  00004154    00000004     --HOLE-- [fill = 0]
                  00004158    00000018                   : BIOS.obj (.text:ti_sysbios_gates_GateMutex_leave__E)
                  00004170    00000018     ti.targets.arm.rtsarm.aem4f : Error.oem4f (.text:xdc_runtime_Error_check__E)
                  00004188    00000018                                 : System.oem4f (.text:xdc_runtime_System_exit__E)
                  000041a0    00000018                                 : Text.oem4f (.text:xdc_runtime_Text_ropeText__E)
                  000041b8    00000016     bluetooth_pem4f.oem4f (.text:ti_sysbios_BIOS_exitFunc__I)
                  000041ce    00000014     driverlib.lib : uart.obj (.text:UARTEnable)
                  000041e2    00000002     --HOLE-- [fill = 0]
                  000041e4    00000014     rtsv7M4_T_le_v4SPD16_eabi.lib : _lock.obj (.text)
                  000041f8    00000014                                   : strlen.obj (.text)
                  0000420c    00000014     bluetooth_pem4f.oem4f (.text:ti_sysbios_family_arm_m3_Hwi_Object__get__S)
                  00004220    00000014     sysbios.aem4f : BIOS.obj (.text:ti_sysbios_family_arm_m3_Hwi_switchFromBootStack__E)
                  00004234    00000014     bluetooth_pem4f.oem4f (.text:ti_sysbios_heaps_HeapMem_Object__get__S)
                  00004248    00000014     bluetooth_pem4f.oem4f (.text:ti_sysbios_knl_Swi_Object__get__S)
                  0000425c    00000012     driverlib.lib : gpio.obj (.text:GPIOPinTypeUART)
                  0000426e    00000002     --HOLE-- [fill = 0]
                  00004270    00000012     sysbios.aem4f : BIOS.obj (.text:ti_sysbios_hal_Hwi_Module_startup__E)
                  00004282    00000012     bluetooth_pem4f.oem4f (.text:xdc_runtime_Startup_exec__I)
                  00004294    00000004     --HOLE-- [fill = 0]
                  00004298    00000010     sysbios.aem4f : BIOS.obj (.text:ti_sysbios_BIOS_setThreadType__E)
                  000042a8    00000010                   : m3_TaskSupport_asm.obj (.text:ti_sysbios_family_arm_m3_TaskSupport_glue)
                  000042b8    00000010                   : BIOS.obj (.text:ti_sysbios_gates_GateMutex_Instance_finalize__E)
                  000042c8    00000010                   : BIOS.obj (.text:ti_sysbios_knl_Semaphore_Instance_finalize__E)
                  000042d8    00000010                   : BIOS.obj (.text:ti_sysbios_knl_Swi_disable__E)
                  000042e8    00000010                   : BIOS.obj (.text:ti_sysbios_knl_Task_disable__E)
                  000042f8    00000010     ti.targets.arm.rtsarm.aem4f : Gate.oem4f (.text:xdc_runtime_Gate_leaveSystem__E)
                  00004308    00000010                                 : Memory.oem4f (.text:xdc_runtime_Memory_free__E)
                  00004318    00000010                                 : SysMin.oem4f (.text:xdc_runtime_SysMin_ready__E)
                  00004328    00000010                                 : System.oem4f (.text:xdc_runtime_System_vsnprintf__E)
                  00004338    00000010     bluetooth_pem4f.oem4f (.text:xdc_runtime_Text_visitRope__I)
                  00004348    0000000e     rtsv7M4_T_le_v4SPD16_eabi.lib : copy_decompress_none.obj (.text:decompress:none)
                  00004356    00000002     --HOLE-- [fill = 0]
                  00004358    0000000e     sysbios.aem4f : BIOS.obj (.text:ti_sysbios_knl_Queue_empty__E)
                  00004366    0000000e     bluetooth_pem4f.oem4f (.text:ti_sysbios_knl_Task_Object__get__S)
                  00004374    0000000c     bluetooth_pem4f.oem4f (.text:.bootCodeSection:ti_catalog_arm_cortexm4_tiva_ce_Boot_init__I)
                  00004380    0000000c     driverlib.lib : uart.obj (.text:UARTCharsAvail)
                  0000438c    0000000c     rtsv7M4_T_le_v4SPD16_eabi.lib : copy_zero_init.obj (.text:decompress:ZI)
                  00004398    0000000c     sysbios.aem4f : BIOS.obj (.text:ti_sysbios_family_arm_lm4_Timer_getMaxTicks__E)
                  000043a4    00000004     --HOLE-- [fill = 0]
                  000043a8    0000000c                   : BIOS.obj (.text:ti_sysbios_gates_GateHwi_enter__E)
                  000043b4    0000000c     bluetooth_pem4f.oem4f (.text:ti_sysbios_knl_Queue_Object__get__S)
                  000043c0    0000000c     ti.targets.arm.rtsarm.aem4f : Error.oem4f (.text:xdc_runtime_Error_init__E)
                  000043cc    0000000c                                 : Gate.oem4f (.text:xdc_runtime_Gate_enterSystem__E)
                  000043d8    0000000c                                 : Memory.oem4f (.text:xdc_runtime_Memory_calloc__E)
                  000043e4    0000000c                                 : Memory.oem4f (.text:xdc_runtime_Memory_getMaxDefaultTypeAlign__E)
                  000043f0    0000000a     driverlib.lib : uart.obj (.text:UARTCharGet)
                  000043fa    0000000a                   : uart.obj (.text:UARTCharPut)
                  00004404    0000000a     bluetooth_pem4f.oem4f (.text:xdc_runtime_IHeap_alloc)
                  0000440e    0000000a     bluetooth_pem4f.oem4f (.text:xdc_runtime_IHeap_free)
                  00004418    00000008     sysbios.aem4f : BIOS.obj (.text:ti_sysbios_family_arm_lm4_Timer_masterDisable__I)
                  00004420    00000008                   : BIOS.obj (.text:ti_sysbios_family_arm_m3_Hwi_doSwiRestore__I)
                  00004428    00000008                   : BIOS.obj (.text:ti_sysbios_family_arm_m3_Hwi_startup__E)
                  00004430    00000006     driverlib.lib : sysctl.obj (.text:SysCtlDelay)
                  00004436    00000006     Boot.aem4f : Boot_sysctl.oem4f (.text:ti_catalog_arm_cortexm4_tiva_ce_Boot_sysCtlDelayI__I)
                  0000443c    00000004     --HOLE-- [fill = 0]
                  00004440    00000006     sysbios.aem4f : BIOS.obj (.text:ti_sysbios_family_arm_m3_Hwi_doTaskRestore__I)
                  00004446    00000002     --HOLE-- [fill = 0]
                  00004448    00000006                   : BIOS.obj (.text:ti_sysbios_gates_GateHwi_leave__E)
                  0000444e    00000002     --HOLE-- [fill = 0]
                  00004450    00000006                   : BIOS.obj (.text:ti_sysbios_heaps_HeapMem_isBlocking__E)
                  00004456    00000002     --HOLE-- [fill = 0]
                  00004458    00000006                   : BIOS.obj (.text:ti_sysbios_knl_Queue_Instance_init__E)
                  0000445e    00000002     --HOLE-- [fill = 0]
                  00004460    00000006                   : BIOS.obj (.text:ti_sysbios_knl_Swi_startup__E)
                  00004466    00000006     ti.targets.arm.rtsarm.aem4f : System.oem4f (.text:xdc_runtime_System_Module_startup__E)
                  0000446c    00000004     --HOLE-- [fill = 0]
                  00004470    00000004     sysbios.aem4f : BIOS.obj (.text:ti_sysbios_gates_GateHwi_query__E)
                  00004474    00000004     --HOLE-- [fill = 0]
                  00004478    00000004                   : BIOS.obj (.text:ti_sysbios_gates_GateMutex_query__E)
                  0000447c    00000004     --HOLE-- [fill = 0]
                  00004480    00000004                   : BIOS.obj (.text:ti_sysbios_knl_Task_startup__E)
                  00004484    00000004     --HOLE-- [fill = 0]
                  00004488    00000002                   : BIOS.obj (.text:ti_sysbios_gates_GateHwi_Instance_init__E)
                  0000448a    00000006     --HOLE-- [fill = 0]
                  00004490    00000002                   : BIOS.obj (.text:ti_sysbios_knl_Clock_logTick__E)

.const     0    00004494    00001d79     
                  00004494    00001844     bluetooth_pem4f.oem4f (.const:xdc_runtime_Text_charTab__A)
                  00005cd8    000000bc     bluetooth_pem4f.oem4f (.const:xdc_runtime_Text_nodeTab__A)
                  00005d94    00000090     driverlib.lib : gpio.obj (.const:g_pui32GPIOBaseAddrs)
                  00005e24    0000006c                   : sysctl.obj (.const:g_pui32Xtals)
                  00005e90    00000048     bluetooth_pem4f.oem4f (.const:.string)
                  00005ed8    00000028     bluetooth_pem4f.oem4f (.const:ti_sysbios_heaps_HeapMem_Module__FXNS__C)
                  00005f00    00000024     bluetooth_pem4f.oem4f (.const:ti_sysbios_gates_GateHwi_Module__FXNS__C)
                  00005f24    00000024     bluetooth_pem4f.oem4f (.const:ti_sysbios_gates_GateMutex_Module__FXNS__C)
                  00005f48    00000024     bluetooth_pem4f.oem4f (.const:ti_sysbios_heaps_HeapMem_Object__PARAMS__C)
                  00005f6c    00000024     bluetooth_pem4f.oem4f (.const:ti_sysbios_knl_Semaphore_Object__PARAMS__C)
                  00005f90    00000020     bluetooth_pem4f.oem4f (.const:ti_sysbios_gates_GateHwi_Object__DESC__C)
                  00005fb0    00000020     bluetooth_pem4f.oem4f (.const:ti_sysbios_gates_GateMutex_Object__DESC__C)
                  00005fd0    00000020     bluetooth_pem4f.oem4f (.const:ti_sysbios_heaps_HeapMem_Object__DESC__C)
                  00005ff0    00000020     bluetooth_pem4f.oem4f (.const:ti_sysbios_knl_Queue_Object__DESC__C)
                  00006010    00000020     bluetooth_pem4f.oem4f (.const:ti_sysbios_knl_Semaphore_Object__DESC__C)
                  00006030    00000020     bluetooth_pem4f.oem4f (.const:xdc_runtime_Startup_sfxnTab__A)
                  00006050    00000018     bluetooth_pem4f.oem4f (.const:ti_sysbios_gates_GateHwi_Object__PARAMS__C)
                  00006068    00000018     bluetooth_pem4f.oem4f (.const:ti_sysbios_gates_GateMutex_Object__PARAMS__C)
                  00006080    00000018     bluetooth_pem4f.oem4f (.const:ti_sysbios_knl_Queue_Object__PARAMS__C)
                  00006098    00000014     bluetooth_pem4f.oem4f (.const:xdc_runtime_Startup_firstFxns__A)
                  000060ac    00000010     bluetooth_pem4f.oem4f (.const:xdc_runtime_Startup_sfxnRts__A)
                  000060bc    00000008     bluetooth_pem4f.oem4f (.const:ti_sysbios_family_arm_m3_Hwi_excHookFuncs__A)
                  000060c4    00000008     bluetooth_pem4f.oem4f (.const:ti_sysbios_knl_Idle_funcList__C)
                  000060cc    00000008     bluetooth_pem4f.oem4f (.const:xdc_runtime_Startup_firstFxns__C)
                  000060d4    00000008     bluetooth_pem4f.oem4f (.const:xdc_runtime_Startup_lastFxns__C)
                  000060dc    00000004     bluetooth_pem4f.oem4f (.const:ti_catalog_arm_cortexm4_tiva_ce_Boot_A_mustUseEnhancedClockMode__C)
                  000060e0    00000004     bluetooth_pem4f.oem4f (.const:ti_catalog_arm_cortexm4_tiva_ce_Boot_Module__diagsEnabled__C)
                  000060e4    00000004     bluetooth_pem4f.oem4f (.const:ti_catalog_arm_cortexm4_tiva_ce_Boot_Module__diagsIncluded__C)
                  000060e8    00000004     bluetooth_pem4f.oem4f (.const:ti_catalog_arm_cortexm4_tiva_ce_Boot_Module__diagsMask__C)
                  000060ec    00000004     bluetooth_pem4f.oem4f (.const:ti_sysbios_family_arm_lm4_Timer_enableFunc__C)
                  000060f0    00000004     bluetooth_pem4f.oem4f (.const:ti_sysbios_family_arm_lm4_Timer_numTimerDevices__C)
                  000060f4    00000004     bluetooth_pem4f.oem4f (.const:ti_sysbios_family_arm_lm4_Timer_startupNeeded__C)
                  000060f8    00000004     bluetooth_pem4f.oem4f (.const:ti_sysbios_family_arm_m3_Hwi_E_NMI__C)
                  000060fc    00000004     bluetooth_pem4f.oem4f (.const:ti_sysbios_family_arm_m3_Hwi_E_busFault__C)
                  00006100    00000004     bluetooth_pem4f.oem4f (.const:ti_sysbios_family_arm_m3_Hwi_E_debugMon__C)
                  00006104    00000004     bluetooth_pem4f.oem4f (.const:ti_sysbios_family_arm_m3_Hwi_E_hardFault__C)
                  00006108    00000004     bluetooth_pem4f.oem4f (.const:ti_sysbios_family_arm_m3_Hwi_E_memFault__C)
                  0000610c    00000004     bluetooth_pem4f.oem4f (.const:ti_sysbios_family_arm_m3_Hwi_E_noIsr__C)
                  00006110    00000004     bluetooth_pem4f.oem4f (.const:ti_sysbios_family_arm_m3_Hwi_E_reserved__C)
                  00006114    00000004     bluetooth_pem4f.oem4f (.const:ti_sysbios_family_arm_m3_Hwi_E_svCall__C)
                  00006118    00000004     bluetooth_pem4f.oem4f (.const:ti_sysbios_family_arm_m3_Hwi_E_usageFault__C)
                  0000611c    00000004     bluetooth_pem4f.oem4f (.const:ti_sysbios_family_arm_m3_Hwi_NUM_INTERRUPTS__C)
                  00006120    00000004     bluetooth_pem4f.oem4f (.const:ti_sysbios_family_arm_m3_Hwi_Object__count__C)
                  00006124    00000004     bluetooth_pem4f.oem4f (.const:ti_sysbios_family_arm_m3_Hwi_ccr__C)
                  00006128    00000004     bluetooth_pem4f.oem4f (.const:ti_sysbios_family_arm_m3_Hwi_excHandlerFunc__C)
                  0000612c    00000004     bluetooth_pem4f.oem4f (.const:ti_sysbios_family_arm_m3_Hwi_excHookFuncs__C)
                  00006130    00000004     bluetooth_pem4f.oem4f (.const:ti_sysbios_family_arm_m3_Hwi_nullIsrFunc__C)
                  00006134    00000004     bluetooth_pem4f.oem4f (.const:ti_sysbios_family_arm_m3_Hwi_priGroup__C)
                  00006138    00000004     bluetooth_pem4f.oem4f (.const:ti_sysbios_gates_GateMutex_Instance_State_sem__O)
                  0000613c    00000004     bluetooth_pem4f.oem4f (.const:ti_sysbios_heaps_HeapMem_E_memory__C)
                  00006140    00000004     bluetooth_pem4f.oem4f (.const:ti_sysbios_heaps_HeapMem_Module__gateObj__C)
                  00006144    00000004     bluetooth_pem4f.oem4f (.const:ti_sysbios_heaps_HeapMem_Object__count__C)
                  00006148    00000004     bluetooth_pem4f.oem4f (.const:ti_sysbios_heaps_HeapMem_reqAlign__C)
                  0000614c    00000004     bluetooth_pem4f.oem4f (.const:ti_sysbios_knl_Clock_Module_State_clockQ__O)
                  00006150    00000004     bluetooth_pem4f.oem4f (.const:ti_sysbios_knl_Semaphore_Instance_State_pendQ__O)
                  00006154    00000004     bluetooth_pem4f.oem4f (.const:ti_sysbios_knl_Swi_Object__count__C)
                  00006158    00000004     bluetooth_pem4f.oem4f (.const:ti_sysbios_knl_Task_Module_State_inactiveQ__O)
                  0000615c    00000004     bluetooth_pem4f.oem4f (.const:ti_sysbios_knl_Task_Object__count__C)
                  00006160    00000004     bluetooth_pem4f.oem4f (.const:ti_sysbios_knl_Task_allBlockedFunc__C)
                  00006164    00000004     bluetooth_pem4f.oem4f (.const:ti_sysbios_knl_Task_numConstructedTasks__C)
                  00006168    00000004     bluetooth_pem4f.oem4f (.const:xdc_runtime_Assert_E_assertFailed__C)
                  0000616c    00000004     bluetooth_pem4f.oem4f (.const:xdc_runtime_Core_A_initializedParams__C)
                  00006170    00000004     bluetooth_pem4f.oem4f (.const:xdc_runtime_Core_Module__diagsEnabled__C)
                  00006174    00000004     bluetooth_pem4f.oem4f (.const:xdc_runtime_Core_Module__diagsIncluded__C)
                  00006178    00000004     bluetooth_pem4f.oem4f (.const:xdc_runtime_Core_Module__diagsMask__C)
                  0000617c    00000004     bluetooth_pem4f.oem4f (.const:xdc_runtime_Error_E_memory__C)
                  00006180    00000004     bluetooth_pem4f.oem4f (.const:xdc_runtime_Error_Module__diagsEnabled__C)
                  00006184    00000004     bluetooth_pem4f.oem4f (.const:xdc_runtime_Error_Module__diagsIncluded__C)
                  00006188    00000004     bluetooth_pem4f.oem4f (.const:xdc_runtime_Error_Module__diagsMask__C)
                  0000618c    00000004     bluetooth_pem4f.oem4f (.const:xdc_runtime_Error_Module__loggerFxn8__C)
                  00006190    00000004     bluetooth_pem4f.oem4f (.const:xdc_runtime_Error_Module__loggerObj__C)
                  00006194    00000004     bluetooth_pem4f.oem4f (.const:xdc_runtime_Error_policyFxn__C)
                  00006198    00000004     bluetooth_pem4f.oem4f (.const:xdc_runtime_Error_raiseHook__C)
                  0000619c    00000004     bluetooth_pem4f.oem4f (.const:xdc_runtime_IGateProvider_Interface__BASE__C)
                  000061a0    00000004     bluetooth_pem4f.oem4f (.const:xdc_runtime_IHeap_Interface__BASE__C)
                  000061a4    00000004     bluetooth_pem4f.oem4f (.const:xdc_runtime_IModule_Interface__BASE__C)
                  000061a8    00000004     bluetooth_pem4f.oem4f (.const:xdc_runtime_Log_L_error__C)
                  000061ac    00000004     bluetooth_pem4f.oem4f (.const:xdc_runtime_Memory_defaultHeapInstance__C)
                  000061b0    00000004     bluetooth_pem4f.oem4f (.const:xdc_runtime_Startup_execImpl__C)
                  000061b4    00000004     bluetooth_pem4f.oem4f (.const:xdc_runtime_Startup_maxPasses__C)
                  000061b8    00000004     bluetooth_pem4f.oem4f (.const:xdc_runtime_Startup_sfxnRts__C)
                  000061bc    00000004     bluetooth_pem4f.oem4f (.const:xdc_runtime_Startup_sfxnTab__C)
                  000061c0    00000004     bluetooth_pem4f.oem4f (.const:xdc_runtime_SysMin_bufSize__C)
                  000061c4    00000004     bluetooth_pem4f.oem4f (.const:xdc_runtime_SysMin_outputFunc__C)
                  000061c8    00000004     bluetooth_pem4f.oem4f (.const:xdc_runtime_System_Module__gateObj__C)
                  000061cc    00000004     bluetooth_pem4f.oem4f (.const:xdc_runtime_System_abortFxn__C)
                  000061d0    00000004     bluetooth_pem4f.oem4f (.const:xdc_runtime_System_exitFxn__C)
                  000061d4    00000004     bluetooth_pem4f.oem4f (.const:xdc_runtime_System_extendFxn__C)
                  000061d8    00000004     bluetooth_pem4f.oem4f (.const:xdc_runtime_System_maxAtexitHandlers__C)
                  000061dc    00000004     bluetooth_pem4f.oem4f (.const:xdc_runtime_Text_charTab__C)
                  000061e0    00000004     bluetooth_pem4f.oem4f (.const:xdc_runtime_Text_nameEmpty__C)
                  000061e4    00000004     bluetooth_pem4f.oem4f (.const:xdc_runtime_Text_nameStatic__C)
                  000061e8    00000004     bluetooth_pem4f.oem4f (.const:xdc_runtime_Text_nameUnknown__C)
                  000061ec    00000004     bluetooth_pem4f.oem4f (.const:xdc_runtime_Text_nodeTab__C)
                  000061f0    00000004     bluetooth_pem4f.oem4f (.const:xdc_runtime_Text_visitRopeFxn__C)
                  000061f4    00000002     bluetooth_pem4f.oem4f (.const:ti_catalog_arm_cortexm4_tiva_ce_Boot_Module__id__C)
                  000061f6    00000002     bluetooth_pem4f.oem4f (.const:ti_sysbios_family_arm_m3_Hwi_Module__id__C)
                  000061f8    00000002     bluetooth_pem4f.oem4f (.const:ti_sysbios_heaps_HeapMem_Module__id__C)
                  000061fa    00000002     bluetooth_pem4f.oem4f (.const:xdc_runtime_Core_Module__id__C)
                  000061fc    00000002     bluetooth_pem4f.oem4f (.const:xdc_runtime_Error_Module__loggerDefined__C)
                  000061fe    00000002     bluetooth_pem4f.oem4f (.const:xdc_runtime_Error_maxDepth__C)
                  00006200    00000002     bluetooth_pem4f.oem4f (.const:xdc_runtime_Memory_Module__id__C)
                  00006202    00000002     bluetooth_pem4f.oem4f (.const:xdc_runtime_SysMin_flushAtExit__C)
                  00006204    00000002     bluetooth_pem4f.oem4f (.const:xdc_runtime_Text_charCnt__C)
                  00006206    00000002     bluetooth_pem4f.oem4f (.const:xdc_runtime_Text_isLoaded__C)
                  00006208    00000002     bluetooth_pem4f.oem4f (.const:xdc_runtime_Text_registryModsLastId__C)
                  0000620a    00000002     bluetooth_pem4f.oem4f (.const:xdc_runtime_Text_unnamedModsLastId__C)
                  0000620c    00000001     bluetooth_pem4f.oem4f (.const:xdc_runtime_Error_policy__C)

.cinit     0    00006210    000001c8     
                  00006210    0000018f     (.cinit..data.load) [load image, compression = lzss]
                  0000639f    00000001     --HOLE-- [fill = 0]
                  000063a0    0000000c     (__TI_handler_table)
                  000063ac    00000004     --HOLE-- [fill = 0]
                  000063b0    00000008     (.cinit..bss.load) [load image, compression = zero_init]
                  000063b8    00000008     (.cinit..vecs.load) [load image, compression = zero_init]
                  000063c0    00000018     (__TI_cinit_table)

.init_array 
*          0    00000000    00000000     UNINITIALIZED

.resetVecs 
*          0    00000000    0000003c     
                  00000000    0000003c     bluetooth_pem4f.oem4f (.resetVecs)

.vecs      0    20000000    00000360     UNINITIALIZED
                  20000000    00000360     bluetooth_pem4f.oem4f (.vecs)

.bss       0    20000360    00000908     UNINITIALIZED
                  20000360    00000400     (.common:ti_sysbios_heaps_HeapMem_Instance_State_0_buf__A)
                  20000760    00000360     (.common:ti_sysbios_family_arm_m3_Hwi_dispatchTable)
                  20000ac0    00000120     rtsv7M4_T_le_v4SPD16_eabi.lib : trgmsg.obj (.bss:_CIOBUF_)
                  20000be0    00000080     (.common:xdc_runtime_SysMin_Module_State_0_outbuf__A)
                  20000c60    00000008     (.common:parmbuf)

.data      0    20000c68    00000396     UNINITIALIZED
                  20000c68    00000080     bluetooth_pem4f.oem4f (.data:ti_sysbios_knl_Swi_Module_State_0_readyQ__A)
                  20000ce8    00000080     bluetooth_pem4f.oem4f (.data:ti_sysbios_knl_Task_Module_State_0_readyQ__A)
                  20000d68    00000044     bluetooth_pem4f.oem4f (.data:ti_sysbios_knl_Task_Module__state__V)
                  20000dac    00000040     bluetooth_pem4f.oem4f (.data:ti_sysbios_family_arm_lm4_Timer_Object__table__V)
                  20000dec    00000038     bluetooth_pem4f.oem4f (.data:ti_sysbios_gates_GateMutex_Object__table__V)
                  20000e24    00000034     bluetooth_pem4f.oem4f (.data:ti_sysbios_family_arm_m3_Hwi_Module__state__V)
                  20000e58    00000030     bluetooth_pem4f.oem4f (.data:ti_sysbios_family_arm_lm4_Timer_Module_State_0_device__A)
                  20000e88    00000030     bluetooth_pem4f.oem4f (.data:ti_sysbios_knl_Swi_Object__table__V)
                  20000eb8    0000002c     bluetooth_pem4f.oem4f (.data:ti_sysbios_knl_Clock_Module__state__V)
                  20000ee4    00000024     bluetooth_pem4f.oem4f (.data:ti_sysbios_BIOS_Module__state__V)
                  20000f08    0000001c     bluetooth_pem4f.oem4f (.data:ti_sysbios_knl_Swi_Module__state__V)
                  20000f24    00000018     bluetooth_pem4f.oem4f (.data:ti_sysbios_family_arm_lm4_Timer_Module_State_0_handles__A)
                  20000f3c    00000018     bluetooth_pem4f.oem4f (.data:ti_sysbios_family_arm_m3_Hwi_Object__table__V)
                  20000f54    00000018     bluetooth_pem4f.oem4f (.data:ti_sysbios_heaps_HeapMem_Object__table__V)
                  20000f6c    0000000c     rtsv7M4_T_le_v4SPD16_eabi.lib : exit.obj (.data:$O1$$)
                  20000f78    0000000c     bluetooth_pem4f.oem4f (.data:ti_sysbios_family_arm_lm4_Timer_Module__state__V)
                  20000f84    0000000c     bluetooth_pem4f.oem4f (.data:xdc_runtime_SysMin_Module__state__V)
                  20000f90    00000008     rtsv7M4_T_le_v4SPD16_eabi.lib : _lock.obj (.data:$O1$$)
                  20000f98    00000008     bluetooth_pem4f.oem4f (.data:ti_sysbios_gates_GateHwi_Module__root__V)
                  20000fa0    00000008     bluetooth_pem4f.oem4f (.data:ti_sysbios_gates_GateMutex_Module__root__V)
                  20000fa8    00000008     bluetooth_pem4f.oem4f (.data:ti_sysbios_heaps_HeapMem_Module__root__V)
                  20000fb0    00000008     bluetooth_pem4f.oem4f (.data:ti_sysbios_knl_Queue_Module__root__V)
                  20000fb8    00000008     bluetooth_pem4f.oem4f (.data:ti_sysbios_knl_Semaphore_Module__root__V)
                  20000fc0    00000008     bluetooth_pem4f.oem4f (.data:xdc_runtime_Registry_Module__state__V)
                  20000fc8    00000008     bluetooth_pem4f.oem4f (.data:xdc_runtime_Startup_Module__state__V)
                  20000fd0    00000008     bluetooth_pem4f.oem4f (.data:xdc_runtime_System_Module_State_0_atexitHandlers__A)
                  20000fd8    00000008     bluetooth_pem4f.oem4f (.data:xdc_runtime_System_Module__state__V)
                  20000fe0    00000004     rtsv7M4_T_le_v4SPD16_eabi.lib : stkdepth_vars.obj (.data)
                  20000fe4    00000004     bluetooth_pem4f.oem4f (.data:ti_sysbios_family_arm_m3_Hwi_Module_State_0_excContext__A)
                  20000fe8    00000004     bluetooth_pem4f.oem4f (.data:ti_sysbios_family_arm_m3_Hwi_Module_State_0_excStack__A)
                  20000fec    00000004     bluetooth_pem4f.oem4f (.data:ti_sysbios_gates_GateHwi_Object__table__V)
                  20000ff0    00000004     bluetooth_pem4f.oem4f (.data:ti_sysbios_knl_Task_Module_State_0_idleTask__A)
                  20000ff4    00000004     bluetooth_pem4f.oem4f (.data:xdc_runtime_Memory_Module__state__V)
                  20000ff8    00000002     bluetooth.obj (.data)
                  20000ffa    00000002     bluetooth_pem4f.oem4f (.data:ti_sysbios_family_arm_m3_Hwi_Module_State_0_excActive__A)
                  20000ffc    00000002     bluetooth_pem4f.oem4f (.data:xdc_runtime_Error_Module__state__V)

.stack     0    20001000    00000300     UNINITIALIZED
                  20001000    00000300     --HOLE--

.bootVecs 
*          0    00000000    00000008     DSECT
                  00000000    00000008     boot.aem4f : boot.oem4f (.bootVecs)

xdc.meta   0    00000000    000000e7     COPY SECTION
                  00000000    000000e7     bluetooth_pem4f.oem4f (xdc.meta)

MODULE SUMMARY

       Module                     code    ro data   rw data
       ------                     ----    -------   -------
    .\
       bluetooth.obj              564     0         2      
    +--+--------------------------+-------+---------+---------+
       Total:                     564     0         2      
                                                           
    C:\Users\Aurash\workspace_v7\bluetoothMile\Debug\configPkg\package\cfg\
       bluetooth_pem4f.oem4f      1490    7353      3772   
    +--+--------------------------+-------+---------+---------+
       Total:                     1490    7353      3772   
                                                           
    C:/ti/tirtos_tivac_2_16_00_08/products/TivaWare_C_Series-2.1.1.71b/driverlib/ccs/Debug/driverlib.lib
       sysctl.obj                 566     108       0      
       gpio.obj                   466     144       0      
       uart.obj                   146     0         0      
    +--+--------------------------+-------+---------+---------+
       Total:                     1178    252       0      
                                                           
    C:\Users\Aurash\workspace_v7\bluetoothMile\src\sysbios\sysbios.aem4f
       BIOS.obj                   7910    0         0      
       m3_Hwi_asm.obj             314     0         0      
       m3_TaskSupport_asm.obj     180     0         0      
       m3_Hwi_asm_switch.obj      118     0         0      
    +--+--------------------------+-------+---------+---------+
       Total:                     8522    0         0      
                                                           
    C:\ti\ccsv7\tools\compiler\ti-cgt-arm_16.9.4.LTS\lib\rtsv7M4_T_le_v4SPD16_eabi.lib
       trgmsg.obj                 104     0         288    
       memcpy_t2.obj              156     0         0      
       memset_t2.obj              122     0         0      
       copy_decompress_lzss.obj   104     0         0      
       exit.obj                   84      0         12     
       hostwrite.obj              88      0         0      
       cpy_tbl.obj                76      0         0      
       u_divt2.obj                64      0         0      
       _lock.obj                  20      0         8      
       args_main.obj              24      0         0      
       strlen.obj                 20      0         0      
       copy_decompress_none.obj   14      0         0      
       copy_zero_init.obj         12      0         0      
       hostopen.obj               0       0         8      
       stkdepth_vars.obj          0       0         4      
       i_div0.obj                 2       0         0      
    +--+--------------------------+-------+---------+---------+
       Total:                     890     0         320    
                                                           
    C:\ti\tirtos_tivac_2_16_00_08\products\bios_6_45_01_29\packages\ti\catalog\arm\cortexm4\tiva\ce\lib\Boot.aem4f
       Boot_sysctl.oem4f          262     0         0      
       Boot.oem4f                 152     0         0      
    +--+--------------------------+-------+---------+---------+
       Total:                     414     0         0      
                                                           
    C:\ti\tirtos_tivac_2_16_00_08\products\bios_6_45_01_29\packages\ti\targets\arm\rtsarm\lib\auto_init.aem4f
       auto_init.oem4f            160     0         0      
    +--+--------------------------+-------+---------+---------+
       Total:                     160     0         0      
                                                           
    C:\ti\tirtos_tivac_2_16_00_08\products\bios_6_45_01_29\packages\ti\targets\arm\rtsarm\lib\boot.aem4f
       boot.oem4f                 88      0         0      
    +--+--------------------------+-------+---------+---------+
       Total:                     88      0         0      
                                                           
    C:\ti\tirtos_tivac_2_16_00_08\products\bios_6_45_01_29\packages\ti\targets\arm\rtsarm\lib\ti.targets.arm.rtsarm.aem4f
       System.oem4f               1255    0         0      
       Text.oem4f                 672     0         0      
       Error.oem4f                524     0         0      
       Core-mem.oem4f             358     0         0      
       Startup.oem4f              328     0         0      
       SysMin.oem4f               248     0         0      
       Core-smem.oem4f            204     0         0      
       Memory.oem4f               176     0         0      
       Assert.oem4f               84      0         0      
       Core-params.oem4f          70      0         0      
       Core-label.oem4f           52      0         0      
       Registry.oem4f             32      0         0      
       Gate.oem4f                 28      0         0      
    +--+--------------------------+-------+---------+---------+
       Total:                     4031    0         0      
                                                           
       Stack:                     0       0         768    
       Linker Generated:          0       451       0      
    +--+--------------------------+-------+---------+---------+
       Grand Total:               17337   8056      4862   


LINKER GENERATED COPY TABLES

__TI_cinit_table @ 000063c0 records: 3, size/record: 8, table size: 24
	.data: load addr=00006210, load size=0000018f bytes, run addr=20000c68, run size=00000396 bytes, compression=lzss
	.bss: load addr=000063b0, load size=00000008 bytes, run addr=20000360, run size=00000908 bytes, compression=zero_init
	.vecs: load addr=000063b8, load size=00000008 bytes, run addr=20000000, run size=00000360 bytes, compression=zero_init


LINKER GENERATED HANDLER TABLE

__TI_handler_table @ 000063a0 records: 3, size/record: 4, table size: 12
	index: 0, handler: __TI_decompress_lzss
	index: 1, handler: __TI_decompress_none
	index: 2, handler: __TI_zero_init


GLOBAL SYMBOLS: SORTED ALPHABETICALLY BY Name 

address   name                                                              
-------   ----                                                              
00002d79  C$$EXIT                                                           
000028c3  C$$IO$$                                                           
00003b51  GPIODirModeSet                                                    
00000f41  GPIOPadConfigSet                                                  
000030f5  GPIOPinConfigure                                                  
000040c5  GPIOPinTypeGPIOOutput                                             
0000425d  GPIOPinTypeUART                                                   
000034cb  GPIOPinWrite                                                      
00002cc9  HOSTwrite                                                         
UNDEFED   SHT$$INIT_ARRAY$$Base                                             
UNDEFED   SHT$$INIT_ARRAY$$Limit                                            
000012b1  SysCtlClockGet                                                    
000019ad  SysCtlClockSet                                                    
00004431  SysCtlDelay                                                       
000036f1  SysCtlPeripheralEnable                                            
000043f1  UARTCharGet                                                       
000043fb  UARTCharPut                                                       
00004381  UARTCharsAvail                                                    
00003449  UARTConfigSetExpClk                                               
00003ef1  UARTDisable                                                       
000041cf  UARTEnable                                                        
00000000  __ASM__                                                           
20000ac0  __CIOBUF_                                                         
00000065  __ISA__                                                           
00000078  __PLAT__                                                          
20001300  __STACK_END                                                       
00000300  __STACK_SIZE                                                      
00000099  __TARG__                                                          
000063c0  __TI_CINIT_Base                                                   
000063d8  __TI_CINIT_Limit                                                  
000063a0  __TI_Handler_Table_Base                                           
000063ac  __TI_Handler_Table_Limit                                          
00001e65  __TI_auto_init                                                    
20000f6c  __TI_cleanup_ptr                                                  
0000282d  __TI_decompress_lzss                                              
00004349  __TI_decompress_none                                              
20000f70  __TI_dtors_ptr                                                    
20000f74  __TI_enable_exit_profile_output                                   
ffffffff  __TI_pprof_out_hndl                                               
ffffffff  __TI_prof_data_size                                               
ffffffff  __TI_prof_data_start                                              
000028c7  __TI_readmsg                                                      
00006210  __TI_static_base__                                                
00002895  __TI_writemsg                                                     
0000438d  __TI_zero_init                                                    
000000bf  __TRDR__                                                          
00002177  __aeabi_idiv0                                                     
00002435  __aeabi_memclr                                                    
00002435  __aeabi_memclr4                                                   
00002435  __aeabi_memclr8                                                   
00001fa5  __aeabi_memcpy                                                    
00001fa5  __aeabi_memcpy4                                                   
00001fa5  __aeabi_memcpy8                                                   
00002437  __aeabi_memset                                                    
00002437  __aeabi_memset4                                                   
00002437  __aeabi_memset8                                                   
0000348b  __aeabi_uidiv                                                     
0000348b  __aeabi_uidivmod                                                  
ffffffff  __binit__                                                         
ffffffff  __c_args__                                                        
20001000  __stack                                                           
000040dd  _args_main                                                        
00002c71  _c_int00                                                          
20000f90  _lock                                                             
000041f3  _nop                                                              
000041eb  _register_lock                                                    
000041e5  _register_unlock                                                  
20000f94  _unlock                                                           
00002d7d  abort                                                             
ffffffff  binit                                                             
00002f69  copy_in                                                           
00002d85  exit                                                              
00003a71  ff_memalloc                                                       
000024b1  hard_initB                                                        
20000ff8  i16ToggleCount                                                    
00002965  ledToggle                                                         
00001071  main                                                              
20000fe0  main_func_sp                                                      
00003a71  malloc                                                            
00001fa5  memcpy                                                            
0000243d  memset                                                            
000042e9  osi_TaskDisable                                                   
20000c60  parmbuf                                                           
000041f9  strlen                                                            
000060dc  ti_catalog_arm_cortexm4_tiva_ce_Boot_A_mustUseEnhancedClockMode__C
000060e0  ti_catalog_arm_cortexm4_tiva_ce_Boot_Module__diagsEnabled__C      
000060e4  ti_catalog_arm_cortexm4_tiva_ce_Boot_Module__diagsIncluded__C     
000060e8  ti_catalog_arm_cortexm4_tiva_ce_Boot_Module__diagsMask__C         
000061f4  ti_catalog_arm_cortexm4_tiva_ce_Boot_Module__id__C                
00004375  ti_catalog_arm_cortexm4_tiva_ce_Boot_init__I                      
000014c9  ti_catalog_arm_cortexm4_tiva_ce_Boot_sysCtlClockSetI__I           
00002179  ti_catalog_arm_cortexm4_tiva_ce_Boot_sysCtlClockSet__E            
00004437  ti_catalog_arm_cortexm4_tiva_ce_Boot_sysCtlDelayI__I              
20000ee4  ti_sysbios_BIOS_Module__state__V                                  
00004029  ti_sysbios_BIOS_RtsGateProxy_Handle__label__S                     
00003cad  ti_sysbios_BIOS_RtsGateProxy_Object__delete__S                    
000007bd  ti_sysbios_BIOS_RtsGateProxy_enter__E                             
000009bd  ti_sysbios_BIOS_RtsGateProxy_leave__E                             
00004479  ti_sysbios_BIOS_RtsGateProxy_query__E                             
000037fd  ti_sysbios_BIOS_atExitFunc__I                                     
00003c1d  ti_sysbios_BIOS_errorRaiseHook__I                                 
000041b9  ti_sysbios_BIOS_exitFunc__I                                       
000024af  ti_sysbios_BIOS_nullFunc__I                                       
00003c41  ti_sysbios_BIOS_registerRTSLock__I                                
00003c65  ti_sysbios_BIOS_removeRTSLock__I                                  
00003dad  ti_sysbios_BIOS_rtsLock__I                                        
000040f5  ti_sysbios_BIOS_rtsUnlock__I                                      
00004299  ti_sysbios_BIOS_setThreadType__E                                  
00003c89  ti_sysbios_BIOS_startFunc__I                                      
20000e58  ti_sysbios_family_arm_lm4_Timer_Module_State_0_device__A          
20000f24  ti_sysbios_family_arm_lm4_Timer_Module_State_0_handles__A         
0000410d  ti_sysbios_family_arm_lm4_Timer_Module__startupDone__F            
0000410d  ti_sysbios_family_arm_lm4_Timer_Module__startupDone__S            
20000f78  ti_sysbios_family_arm_lm4_Timer_Module__state__V                  
000029c9  ti_sysbios_family_arm_lm4_Timer_Module_startup__E                 
20000dac  ti_sysbios_family_arm_lm4_Timer_Object__table__V                  
000060ec  ti_sysbios_family_arm_lm4_Timer_enableFunc__C                     
00003141  ti_sysbios_family_arm_lm4_Timer_enableTimers__I                   
00001db9  ti_sysbios_family_arm_lm4_Timer_enableTiva__I                     
00004399  ti_sysbios_family_arm_lm4_Timer_getMaxTicks__E                    
00002dd1  ti_sysbios_family_arm_lm4_Timer_initDevice__I                     
000032a9  ti_sysbios_family_arm_lm4_Timer_isrStub__E                        
00004419  ti_sysbios_family_arm_lm4_Timer_masterDisable__I                  
00000b35  ti_sysbios_family_arm_lm4_Timer_masterEnable__I                   
000060f0  ti_sysbios_family_arm_lm4_Timer_numTimerDevices__C                
000013c1  ti_sysbios_family_arm_lm4_Timer_start__E                          
000060f4  ti_sysbios_family_arm_lm4_Timer_startupNeeded__C                  
000034d1  ti_sysbios_family_arm_lm4_Timer_startup__E                        
00003831  ti_sysbios_family_arm_lm4_Timer_stop__E                           
00003d69  ti_sysbios_family_arm_lm4_Timer_write__I                          
000060f8  ti_sysbios_family_arm_m3_Hwi_E_NMI__C                             
000060fc  ti_sysbios_family_arm_m3_Hwi_E_busFault__C                        
00006100  ti_sysbios_family_arm_m3_Hwi_E_debugMon__C                        
00006104  ti_sysbios_family_arm_m3_Hwi_E_hardFault__C                       
00006108  ti_sysbios_family_arm_m3_Hwi_E_memFault__C                        
0000610c  ti_sysbios_family_arm_m3_Hwi_E_noIsr__C                           
00006110  ti_sysbios_family_arm_m3_Hwi_E_reserved__C                        
00006114  ti_sysbios_family_arm_m3_Hwi_E_svCall__C                          
00006118  ti_sysbios_family_arm_m3_Hwi_E_usageFault__C                      
00003ff5  ti_sysbios_family_arm_m3_Hwi_Handle__label__S                     
20000ffa  ti_sysbios_family_arm_m3_Hwi_Module_State_0_excActive__A          
20000fe4  ti_sysbios_family_arm_m3_Hwi_Module_State_0_excContext__A         
20000fe8  ti_sysbios_family_arm_m3_Hwi_Module_State_0_excStack__A           
000061f6  ti_sysbios_family_arm_m3_Hwi_Module__id__C                        
00004125  ti_sysbios_family_arm_m3_Hwi_Module__startupDone__F               
00004125  ti_sysbios_family_arm_m3_Hwi_Module__startupDone__S               
20000e24  ti_sysbios_family_arm_m3_Hwi_Module__state__V                     
00002e79  ti_sysbios_family_arm_m3_Hwi_Module_startup__E                    
0000611c  ti_sysbios_family_arm_m3_Hwi_NUM_INTERRUPTS__C                    
00006120  ti_sysbios_family_arm_m3_Hwi_Object__count__C                     
0000420d  ti_sysbios_family_arm_m3_Hwi_Object__get__S                       
20000f3c  ti_sysbios_family_arm_m3_Hwi_Object__table__V                     
00006124  ti_sysbios_family_arm_m3_Hwi_ccr__C                               
00003189  ti_sysbios_family_arm_m3_Hwi_disableInterrupt__E                  
00002a31  ti_sysbios_family_arm_m3_Hwi_dispatchC__I                         
20000760  ti_sysbios_family_arm_m3_Hwi_dispatchTable                        
000018b9  ti_sysbios_family_arm_m3_Hwi_dispatch__I                          
00004421  ti_sysbios_family_arm_m3_Hwi_doSwiRestore__I                      
00004441  ti_sysbios_family_arm_m3_Hwi_doTaskRestore__I                     
000031d1  ti_sysbios_family_arm_m3_Hwi_enableInterrupt__E                   
000009c1  ti_sysbios_family_arm_m3_Hwi_excBusFault__I                       
00001c39  ti_sysbios_family_arm_m3_Hwi_excDebugMon__I                       
00000041  ti_sysbios_family_arm_m3_Hwi_excDumpRegs__I                       
00003dcd  ti_sysbios_family_arm_m3_Hwi_excHandlerAsm__I                     
00006128  ti_sysbios_family_arm_m3_Hwi_excHandlerFunc__C                    
000007c1  ti_sysbios_family_arm_m3_Hwi_excHandlerMax__I                     
00003df1  ti_sysbios_family_arm_m3_Hwi_excHandler__I                        
00001cf9  ti_sysbios_family_arm_m3_Hwi_excHardFault__I                      
000060bc  ti_sysbios_family_arm_m3_Hwi_excHookFuncs__A                      
0000612c  ti_sysbios_family_arm_m3_Hwi_excHookFuncs__C                      
00000df9  ti_sysbios_family_arm_m3_Hwi_excMemFault__I                       
00003729  ti_sysbios_family_arm_m3_Hwi_excNmi__I                            
00003611  ti_sysbios_family_arm_m3_Hwi_excNoIsr__I                          
00003219  ti_sysbios_family_arm_m3_Hwi_excReserved__I                       
00003551  ti_sysbios_family_arm_m3_Hwi_excSvCall__I                         
00000b39  ti_sysbios_family_arm_m3_Hwi_excUsageFault__I                     
000032f1  ti_sysbios_family_arm_m3_Hwi_getStackInfo__E                      
00002211  ti_sysbios_family_arm_m3_Hwi_initNVIC__E                          
00002d21  ti_sysbios_family_arm_m3_Hwi_initStacks__E                        
00006130  ti_sysbios_family_arm_m3_Hwi_nullIsrFunc__C                       
e000e000  ti_sysbios_family_arm_m3_Hwi_nvic                                 
00003bd1  ti_sysbios_family_arm_m3_Hwi_pendSV__I                            
00002331  ti_sysbios_family_arm_m3_Hwi_postInit__I                          
00006134  ti_sysbios_family_arm_m3_Hwi_priGroup__C                          
20000000  ti_sysbios_family_arm_m3_Hwi_ramVectors                           
00000000  ti_sysbios_family_arm_m3_Hwi_resetVectors                         
00003bf5  ti_sysbios_family_arm_m3_Hwi_return                               
00004429  ti_sysbios_family_arm_m3_Hwi_startup__E                           
00004221  ti_sysbios_family_arm_m3_Hwi_switchFromBootStack__E               
00000c9d  ti_sysbios_family_arm_m3_TaskSupport_Module__startupDone__S       
000022a5  ti_sysbios_family_arm_m3_TaskSupport_buildTaskStack               
000042a9  ti_sysbios_family_arm_m3_TaskSupport_glue                         
00003861  ti_sysbios_family_arm_m3_TaskSupport_start__E                     
0000413d  ti_sysbios_family_arm_m3_TaskSupport_swap__E                      
00003ed1  ti_sysbios_family_xxx_Hwi_switchAndRunFunc                        
0000400f  ti_sysbios_gates_GateHwi_Handle__label__S                         
00004489  ti_sysbios_gates_GateHwi_Instance_init__E                         
00005f00  ti_sysbios_gates_GateHwi_Module__FXNS__C                          
20000f98  ti_sysbios_gates_GateHwi_Module__root__V                          
00005f90  ti_sysbios_gates_GateHwi_Object__DESC__C                          
00006050  ti_sysbios_gates_GateHwi_Object__PARAMS__C                        
00003891  ti_sysbios_gates_GateHwi_Object__create__S                        
00003e11  ti_sysbios_gates_GateHwi_Object__delete__S                        
20000fec  ti_sysbios_gates_GateHwi_Object__table__V                         
000043a9  ti_sysbios_gates_GateHwi_enter__E                                 
00004449  ti_sysbios_gates_GateHwi_leave__E                                 
00004471  ti_sysbios_gates_GateHwi_query__E                                 
00004029  ti_sysbios_gates_GateMutex_Handle__label__S                       
00006138  ti_sysbios_gates_GateMutex_Instance_State_sem__O                  
000042b9  ti_sysbios_gates_GateMutex_Instance_finalize__E                   
00003f11  ti_sysbios_gates_GateMutex_Instance_init__E                       
00005f24  ti_sysbios_gates_GateMutex_Module__FXNS__C                        
20000fa0  ti_sysbios_gates_GateMutex_Module__root__V                        
00005fb0  ti_sysbios_gates_GateMutex_Object__DESC__C                        
00006068  ti_sysbios_gates_GateMutex_Object__PARAMS__C                      
000038c1  ti_sysbios_gates_GateMutex_Object__create__S                      
00003cad  ti_sysbios_gates_GateMutex_Object__delete__S                      
20000dec  ti_sysbios_gates_GateMutex_Object__table__V                       
000038f1  ti_sysbios_gates_GateMutex_enter__E                               
00004159  ti_sysbios_gates_GateMutex_leave__E                               
00004479  ti_sysbios_gates_GateMutex_query__E                               
00003ff5  ti_sysbios_hal_Hwi_HwiProxy_Handle__label__S                      
00004125  ti_sysbios_hal_Hwi_HwiProxy_Module__startupDone__S                
00003189  ti_sysbios_hal_Hwi_HwiProxy_disableInterrupt__E                   
000031d1  ti_sysbios_hal_Hwi_HwiProxy_enableInterrupt__E                    
000032f1  ti_sysbios_hal_Hwi_HwiProxy_getStackInfo__E                       
00004429  ti_sysbios_hal_Hwi_HwiProxy_startup__E                            
00004221  ti_sysbios_hal_Hwi_HwiProxy_switchFromBootStack__E                
00004271  ti_sysbios_hal_Hwi_Module_startup__E                              
000037c9  ti_sysbios_hal_Hwi_initStack                                      
0000613c  ti_sysbios_heaps_HeapMem_E_memory__C                              
00004043  ti_sysbios_heaps_HeapMem_Handle__label__S                         
20000360  ti_sysbios_heaps_HeapMem_Instance_State_0_buf__A                  
00003511  ti_sysbios_heaps_HeapMem_Instance_init__E                         
00004029  ti_sysbios_heaps_HeapMem_Module_GateProxy_Handle__label__S        
00003cad  ti_sysbios_heaps_HeapMem_Module_GateProxy_Object__delete__S       
00000df5  ti_sysbios_heaps_HeapMem_Module_GateProxy_enter__E                
000013bd  ti_sysbios_heaps_HeapMem_Module_GateProxy_leave__E                
00004479  ti_sysbios_heaps_HeapMem_Module_GateProxy_query__E                
00005ed8  ti_sysbios_heaps_HeapMem_Module__FXNS__C                          
00006140  ti_sysbios_heaps_HeapMem_Module__gateObj__C                       
000061f8  ti_sysbios_heaps_HeapMem_Module__id__C                            
20000fa8  ti_sysbios_heaps_HeapMem_Module__root__V                          
00005fd0  ti_sysbios_heaps_HeapMem_Object__DESC__C                          
00005f48  ti_sysbios_heaps_HeapMem_Object__PARAMS__C                        
00006144  ti_sysbios_heaps_HeapMem_Object__count__C                         
00003921  ti_sysbios_heaps_HeapMem_Object__create__S                        
00003e31  ti_sysbios_heaps_HeapMem_Object__delete__S                        
00004235  ti_sysbios_heaps_HeapMem_Object__get__S                           
20000f54  ti_sysbios_heaps_HeapMem_Object__table__V                         
00001aa1  ti_sysbios_heaps_HeapMem_alloc__E                                 
000023b9  ti_sysbios_heaps_HeapMem_free__E                                  
00002fb9  ti_sysbios_heaps_HeapMem_getStats__E                              
00003591  ti_sysbios_heaps_HeapMem_init__I                                  
00004451  ti_sysbios_heaps_HeapMem_isBlocking__E                            
00006148  ti_sysbios_heaps_HeapMem_reqAlign__C                              
0000614c  ti_sysbios_knl_Clock_Module_State_clockQ__O                       
20000eb8  ti_sysbios_knl_Clock_Module__state__V                             
00003cd1  ti_sysbios_knl_Clock_Module_startup__E                            
0000410d  ti_sysbios_knl_Clock_TimerProxy_Module__startupDone__S            
00001a9d  ti_sysbios_knl_Clock_TimerProxy_getMaxTicks__E                    
000034d1  ti_sysbios_knl_Clock_TimerProxy_startup__E                        
00003aa1  ti_sysbios_knl_Clock_doTick__I                                    
00004491  ti_sysbios_knl_Clock_logTick__E                                   
00002679  ti_sysbios_knl_Clock_workFunc__E                                  
000060c4  ti_sysbios_knl_Idle_funcList__C                                   
00003e51  ti_sysbios_knl_Idle_run__E                                        
00004459  ti_sysbios_knl_Queue_Instance_init__E                             
20000fb0  ti_sysbios_knl_Queue_Module__root__V                              
00005ff0  ti_sysbios_knl_Queue_Object__DESC__C                              
00006080  ti_sysbios_knl_Queue_Object__PARAMS__C                            
00003f2d  ti_sysbios_knl_Queue_Object__destruct__S                          
000043b5  ti_sysbios_knl_Queue_Object__get__S                               
00003acd  ti_sysbios_knl_Queue_construct                                    
00001cf5  ti_sysbios_knl_Queue_destruct                                     
00004359  ti_sysbios_knl_Queue_empty__E                                     
00003f49  ti_sysbios_knl_Queue_put__E                                       
00006150  ti_sysbios_knl_Semaphore_Instance_State_pendQ__O                  
000042c9  ti_sysbios_knl_Semaphore_Instance_finalize__E                     
00003cf9  ti_sysbios_knl_Semaphore_Instance_init__E                         
20000fb8  ti_sysbios_knl_Semaphore_Module__root__V                          
00006010  ti_sysbios_knl_Semaphore_Object__DESC__C                          
00005f6c  ti_sysbios_knl_Semaphore_Object__PARAMS__C                        
00003e71  ti_sysbios_knl_Semaphore_Object__destruct__S                      
00003951  ti_sysbios_knl_Semaphore_construct                                
00001db5  ti_sysbios_knl_Semaphore_destruct                                 
00003981  ti_sysbios_knl_Semaphore_pendTimeout__I                           
00000ca1  ti_sysbios_knl_Semaphore_pend__E                                  
00002529  ti_sysbios_knl_Semaphore_post__E                                  
0000405d  ti_sysbios_knl_Swi_Handle__label__S                               
20000c68  ti_sysbios_knl_Swi_Module_State_0_readyQ__A                       
20000f08  ti_sysbios_knl_Swi_Module__state__V                               
00003ba9  ti_sysbios_knl_Swi_Module_startup__E                              
00006154  ti_sysbios_knl_Swi_Object__count__C                               
00004249  ti_sysbios_knl_Swi_Object__get__S                                 
20000e88  ti_sysbios_knl_Swi_Object__table__V                               
000042d9  ti_sysbios_knl_Swi_disable__E                                     
00003339  ti_sysbios_knl_Swi_post__E                                        
000026e9  ti_sysbios_knl_Swi_restoreHwi__E                                  
000035d1  ti_sysbios_knl_Swi_restore__E                                     
[...]
00004029  ti_sysbios_BIOS_RtsGateProxy_Handle__label__S                     
00004029  ti_sysbios_gates_GateMutex_Handle__label__S                       
00004029  ti_sysbios_heaps_HeapMem_Module_GateProxy_Handle__label__S        
00004043  ti_sysbios_heaps_HeapMem_Handle__label__S                         
00004043  xdc_runtime_Memory_HeapProxy_Handle__label__S                     
0000405d  ti_sysbios_knl_Swi_Handle__label__S                               
00004077  ti_sysbios_knl_Task_Handle__label__S                              
00004091  xdc_runtime_System_aprintf__E                                     
000040ab  xdc_runtime_System_printf__E                                      
000040c5  GPIOPinTypeGPIOOutput                                             
000040dd  _args_main                                                        
000040f5  ti_sysbios_BIOS_rtsUnlock__I                                      
0000410d  ti_sysbios_family_arm_lm4_Timer_Module__startupDone__F            
0000410d  ti_sysbios_family_arm_lm4_Timer_Module__startupDone__S            
0000410d  ti_sysbios_knl_Clock_TimerProxy_Module__startupDone__S            
00004125  ti_sysbios_family_arm_m3_Hwi_Module__startupDone__F               
00004125  ti_sysbios_family_arm_m3_Hwi_Module__startupDone__S               
00004125  ti_sysbios_hal_Hwi_HwiProxy_Module__startupDone__S                
0000413d  ti_sysbios_family_arm_m3_TaskSupport_swap__E                      
0000413d  ti_sysbios_knl_Task_SupportProxy_swap__E                          
00004149  ti_sysbios_knl_Task_swapReturn                                    
00004159  ti_sysbios_gates_GateMutex_leave__E                               
00004171  xdc_runtime_Error_check__E                                        
00004189  xdc_runtime_System_exit__E                                        
000041a1  xdc_runtime_Text_ropeText__E                                      
000041b9  ti_sysbios_BIOS_exitFunc__I                                       
000041cf  UARTEnable                                                        
000041e5  _register_unlock                                                  
000041eb  _register_lock                                                    
000041f3  _nop                                                              
000041f9  strlen                                                            
0000420d  ti_sysbios_family_arm_m3_Hwi_Object__get__S                       
00004221  ti_sysbios_family_arm_m3_Hwi_switchFromBootStack__E               
00004221  ti_sysbios_hal_Hwi_HwiProxy_switchFromBootStack__E                
00004235  ti_sysbios_heaps_HeapMem_Object__get__S                           
00004249  ti_sysbios_knl_Swi_Object__get__S                                 
0000425d  GPIOPinTypeUART                                                   
00004271  ti_sysbios_hal_Hwi_Module_startup__E                              
00004283  xdc_runtime_Startup_exec__I                                       
00004299  ti_sysbios_BIOS_setThreadType__E                                  
000042a9  ti_sysbios_family_arm_m3_TaskSupport_glue                         
000042b9  ti_sysbios_gates_GateMutex_Instance_finalize__E                   
000042c9  ti_sysbios_knl_Semaphore_Instance_finalize__E                     
000042d9  ti_sysbios_knl_Swi_disable__E                                     
000042e9  osi_TaskDisable                                                   
000042e9  ti_sysbios_knl_Task_disable__E                                    
000042f9  xdc_runtime_Gate_leaveSystem__E                                   
00004309  xdc_runtime_Memory_free__E                                        
00004319  xdc_runtime_SysMin_ready__E                                       
00004319  xdc_runtime_System_SupportProxy_ready__E                          
00004329  xdc_runtime_System_vsnprintf__E                                   
00004339  xdc_runtime_Text_visitRope__I                                     
00004349  __TI_decompress_none                                              
00004359  ti_sysbios_knl_Queue_empty__E                                     
00004367  ti_sysbios_knl_Task_Object__get__S                                
00004375  ti_catalog_arm_cortexm4_tiva_ce_Boot_init__I                      
00004381  UARTCharsAvail                                                    
0000438d  __TI_zero_init                                                    
00004399  ti_sysbios_family_arm_lm4_Timer_getMaxTicks__E                    
000043a9  ti_sysbios_gates_GateHwi_enter__E                                 
000043b5  ti_sysbios_knl_Queue_Object__get__S                               
000043c1  xdc_runtime_Error_init__E                                         
000043cd  xdc_runtime_Gate_enterSystem__E                                   
000043d9  xdc_runtime_Memory_calloc__E                                      
000043e5  xdc_runtime_Memory_getMaxDefaultTypeAlign__E                      
000043f1  UARTCharGet                                                       
000043fb  UARTCharPut                                                       
00004405  xdc_runtime_Memory_HeapProxy_alloc__E                             
0000440f  xdc_runtime_Memory_HeapProxy_free__E                              
00004419  ti_sysbios_family_arm_lm4_Timer_masterDisable__I                  
00004421  ti_sysbios_family_arm_m3_Hwi_doSwiRestore__I                      
00004429  ti_sysbios_family_arm_m3_Hwi_startup__E                           
00004429  ti_sysbios_hal_Hwi_HwiProxy_startup__E                            
00004431  SysCtlDelay                                                       
00004437  ti_catalog_arm_cortexm4_tiva_ce_Boot_sysCtlDelayI__I              
00004441  ti_sysbios_family_arm_m3_Hwi_doTaskRestore__I                     
00004449  ti_sysbios_gates_GateHwi_leave__E                                 
00004451  ti_sysbios_heaps_HeapMem_isBlocking__E                            
00004459  ti_sysbios_knl_Queue_Instance_init__E                             
00004461  ti_sysbios_knl_Swi_startup__E                                     
00004467  xdc_runtime_System_Module_startup__E                              
00004471  ti_sysbios_gates_GateHwi_query__E                                 
00004471  xdc_runtime_Main_Module_GateProxy_query__E                        
00004471  xdc_runtime_System_Module_GateProxy_query__E                      
00004479  ti_sysbios_BIOS_RtsGateProxy_query__E                             
00004479  ti_sysbios_gates_GateMutex_query__E                               
00004479  ti_sysbios_heaps_HeapMem_Module_GateProxy_query__E                
00004481  ti_sysbios_knl_Task_startup__E                                    
00004489  ti_sysbios_gates_GateHwi_Instance_init__E                         
00004491  ti_sysbios_knl_Clock_logTick__E                                   
00004494  xdc_runtime_Text_charTab__A                                       
00005cd8  xdc_runtime_Text_nodeTab__A                                       
00005ed8  ti_sysbios_heaps_HeapMem_Module__FXNS__C                          
00005f00  ti_sysbios_gates_GateHwi_Module__FXNS__C                          
00005f24  ti_sysbios_gates_GateMutex_Module__FXNS__C                        
00005f48  ti_sysbios_heaps_HeapMem_Object__PARAMS__C                        
00005f6c  ti_sysbios_knl_Semaphore_Object__PARAMS__C                        
00005f90  ti_sysbios_gates_GateHwi_Object__DESC__C                          
00005fb0  ti_sysbios_gates_GateMutex_Object__DESC__C                        
00005fd0  ti_sysbios_heaps_HeapMem_Object__DESC__C                          
00005ff0  ti_sysbios_knl_Queue_Object__DESC__C                              
00006010  ti_sysbios_knl_Semaphore_Object__DESC__C                          
00006030  xdc_runtime_Startup_sfxnTab__A                                    
00006050  ti_sysbios_gates_GateHwi_Object__PARAMS__C                        
00006068  ti_sysbios_gates_GateMutex_Object__PARAMS__C                      
00006080  ti_sysbios_knl_Queue_Object__PARAMS__C                            
00006098  xdc_runtime_Startup_firstFxns__A                                  
000060ac  xdc_runtime_Startup_sfxnRts__A                                    
000060bc  ti_sysbios_family_arm_m3_Hwi_excHookFuncs__A                      
000060c4  ti_sysbios_knl_Idle_funcList__C                                   
000060cc  xdc_runtime_Startup_firstFxns__C                                  
000060d4  xdc_runtime_Startup_lastFxns__C                                   
000060dc  ti_catalog_arm_cortexm4_tiva_ce_Boot_A_mustUseEnhancedClockMode__C
000060e0  ti_catalog_arm_cortexm4_tiva_ce_Boot_Module__diagsEnabled__C      
000060e4  ti_catalog_arm_cortexm4_tiva_ce_Boot_Module__diagsIncluded__C     
000060e8  ti_catalog_arm_cortexm4_tiva_ce_Boot_Module__diagsMask__C         
000060ec  ti_sysbios_family_arm_lm4_Timer_enableFunc__C                     
000060f0  ti_sysbios_family_arm_lm4_Timer_numTimerDevices__C                
000060f4  ti_sysbios_family_arm_lm4_Timer_startupNeeded__C                  
000060f8  ti_sysbios_family_arm_m3_Hwi_E_NMI__C                             
000060fc  ti_sysbios_family_arm_m3_Hwi_E_busFault__C                        
00006100  ti_sysbios_family_arm_m3_Hwi_E_debugMon__C                        
00006104  ti_sysbios_family_arm_m3_Hwi_E_hardFault__C                       
00006108  ti_sysbios_family_arm_m3_Hwi_E_memFault__C                        
0000610c  ti_sysbios_family_arm_m3_Hwi_E_noIsr__C                           
00006110  ti_sysbios_family_arm_m3_Hwi_E_reserved__C                        
00006114  ti_sysbios_family_arm_m3_Hwi_E_svCall__C                          
00006118  ti_sysbios_family_arm_m3_Hwi_E_usageFault__C                      
0000611c  ti_sysbios_family_arm_m3_Hwi_NUM_INTERRUPTS__C                    
00006120  ti_sysbios_family_arm_m3_Hwi_Object__count__C                     
00006124  ti_sysbios_family_arm_m3_Hwi_ccr__C                               
00006128  ti_sysbios_family_arm_m3_Hwi_excHandlerFunc__C                    
0000612c  ti_sysbios_family_arm_m3_Hwi_excHookFuncs__C                      
00006130  ti_sysbios_family_arm_m3_Hwi_nullIsrFunc__C                       
00006134  ti_sysbios_family_arm_m3_Hwi_priGroup__C                          
00006138  ti_sysbios_gates_GateMutex_Instance_State_sem__O                  
0000613c  ti_sysbios_heaps_HeapMem_E_memory__C                              
00006140  ti_sysbios_heaps_HeapMem_Module__gateObj__C                       
00006144  ti_sysbios_heaps_HeapMem_Object__count__C                         
00006148  ti_sysbios_heaps_HeapMem_reqAlign__C                              
0000614c  ti_sysbios_knl_Clock_Module_State_clockQ__O                       
00006150  ti_sysbios_knl_Semaphore_Instance_State_pendQ__O                  
00006154  ti_sysbios_knl_Swi_Object__count__C                               
00006158  ti_sysbios_knl_Task_Module_State_inactiveQ__O                     
0000615c  ti_sysbios_knl_Task_Object__count__C                              
00006160  ti_sysbios_knl_Task_allBlockedFunc__C                             
00006164  ti_sysbios_knl_Task_numConstructedTasks__C                        
00006168  xdc_runtime_Assert_E_assertFailed__C                              
0000616c  xdc_runtime_Core_A_initializedParams__C                           
00006170  xdc_runtime_Core_Module__diagsEnabled__C                          
00006174  xdc_runtime_Core_Module__diagsIncluded__C                         
00006178  xdc_runtime_Core_Module__diagsMask__C                             
0000617c  xdc_runtime_Error_E_memory__C                                     
00006180  xdc_runtime_Error_Module__diagsEnabled__C                         
00006184  xdc_runtime_Error_Module__diagsIncluded__C                        
00006188  xdc_runtime_Error_Module__diagsMask__C                            
0000618c  xdc_runtime_Error_Module__loggerFxn8__C                           
00006190  xdc_runtime_Error_Module__loggerObj__C                            
00006194  xdc_runtime_Error_policyFxn__C                                    
00006198  xdc_runtime_Error_raiseHook__C                                    
0000619c  xdc_runtime_IGateProvider_Interface__BASE__C                      
000061a0  xdc_runtime_IHeap_Interface__BASE__C                              
000061a4  xdc_runtime_IModule_Interface__BASE__C                            
000061a8  xdc_runtime_Log_L_error__C                                        
000061ac  xdc_runtime_Memory_defaultHeapInstance__C                         
000061b0  xdc_runtime_Startup_execImpl__C                                   
000061b4  xdc_runtime_Startup_maxPasses__C                                  
000061b8  xdc_runtime_Startup_sfxnRts__C                                    
000061bc  xdc_runtime_Startup_sfxnTab__C                                    
000061c0  xdc_runtime_SysMin_bufSize__C                                     
000061c4  xdc_runtime_SysMin_outputFunc__C                                  
000061c8  xdc_runtime_System_Module__gateObj__C                             
000061cc  xdc_runtime_System_abortFxn__C                                    
000061d0  xdc_runtime_System_exitFxn__C                                     
000061d4  xdc_runtime_System_extendFxn__C                                   
000061d8  xdc_runtime_System_maxAtexitHandlers__C                           
000061dc  xdc_runtime_Text_charTab__C                                       
000061e0  xdc_runtime_Text_nameEmpty__C                                     
000061e4  xdc_runtime_Text_nameStatic__C                                    
000061e8  xdc_runtime_Text_nameUnknown__C                                   
000061ec  xdc_runtime_Text_nodeTab__C                                       
000061f0  xdc_runtime_Text_visitRopeFxn__C                                  
000061f4  ti_catalog_arm_cortexm4_tiva_ce_Boot_Module__id__C                
000061f6  ti_sysbios_family_arm_m3_Hwi_Module__id__C                        
000061f8  ti_sysbios_heaps_HeapMem_Module__id__C                            
000061fa  xdc_runtime_Core_Module__id__C                                    
000061fc  xdc_runtime_Error_Module__loggerDefined__C                        
000061fe  xdc_runtime_Error_maxDepth__C                                     
00006200  xdc_runtime_Memory_Module__id__C                                  
00006202  xdc_runtime_SysMin_flushAtExit__C                                 
00006204  xdc_runtime_Text_charCnt__C                                       
00006206  xdc_runtime_Text_isLoaded__C                                      
00006208  xdc_runtime_Text_registryModsLastId__C                            
0000620a  xdc_runtime_Text_unnamedModsLastId__C                             
0000620c  xdc_runtime_Error_policy__C                                       
00006210  __TI_static_base__                                                
000063a0  __TI_Handler_Table_Base                                           
000063ac  __TI_Handler_Table_Limit                                          
000063c0  __TI_CINIT_Base                                                   
000063d8  __TI_CINIT_Limit                                                  
20000000  ti_sysbios_family_arm_m3_Hwi_ramVectors                           
20000360  ti_sysbios_heaps_HeapMem_Instance_State_0_buf__A                  
20000760  ti_sysbios_family_arm_m3_Hwi_dispatchTable                        
20000ac0  __CIOBUF_                                                         
20000be0  xdc_runtime_SysMin_Module_State_0_outbuf__A                       
20000c60  parmbuf                                                           
20000c68  ti_sysbios_knl_Swi_Module_State_0_readyQ__A                       
20000ce8  ti_sysbios_knl_Task_Module_State_0_readyQ__A                      
20000d68  ti_sysbios_knl_Task_Module__state__V                              
20000dac  ti_sysbios_family_arm_lm4_Timer_Object__table__V                  
20000dec  ti_sysbios_gates_GateMutex_Object__table__V                       
20000e24  ti_sysbios_family_arm_m3_Hwi_Module__state__V                     
20000e58  ti_sysbios_family_arm_lm4_Timer_Module_State_0_device__A          
20000e88  ti_sysbios_knl_Swi_Object__table__V                               
20000eb8  ti_sysbios_knl_Clock_Module__state__V                             
20000ee4  ti_sysbios_BIOS_Module__state__V                                  
20000f08  ti_sysbios_knl_Swi_Module__state__V                               
20000f24  ti_sysbios_family_arm_lm4_Timer_Module_State_0_handles__A         
20000f3c  ti_sysbios_family_arm_m3_Hwi_Object__table__V                     
20000f54  ti_sysbios_heaps_HeapMem_Object__table__V                         
20000f6c  __TI_cleanup_ptr                                                  
20000f70  __TI_dtors_ptr                                                    
20000f74  __TI_enable_exit_profile_output                                   
20000f78  ti_sysbios_family_arm_lm4_Timer_Module__state__V                  
20000f84  xdc_runtime_SysMin_Module__state__V                               
20000f90  _lock                                                             
20000f94  _unlock                                                           
20000f98  ti_sysbios_gates_GateHwi_Module__root__V                          
20000fa0  ti_sysbios_gates_GateMutex_Module__root__V                        
20000fa8  ti_sysbios_heaps_HeapMem_Module__root__V                          
20000fb0  ti_sysbios_knl_Queue_Module__root__V                              
20000fb8  ti_sysbios_knl_Semaphore_Module__root__V                          
20000fc0  xdc_runtime_Registry_Module__state__V                             
20000fc8  xdc_runtime_Startup_Module__state__V                              
20000fd0  xdc_runtime_System_Module_State_0_atexitHandlers__A               
20000fd8  xdc_runtime_System_Module__state__V                               
20000fe0  main_func_sp                                                      
20000fe4  ti_sysbios_family_arm_m3_Hwi_Module_State_0_excContext__A         
20000fe8  ti_sysbios_family_arm_m3_Hwi_Module_State_0_excStack__A           
20000fec  ti_sysbios_gates_GateHwi_Object__table__V                         
20000ff0  ti_sysbios_knl_Task_Module_State_0_idleTask__A                    
20000ff4  xdc_runtime_Memory_Module__state__V                               
20000ff8  i16ToggleCount                                                    
20000ffa  ti_sysbios_family_arm_m3_Hwi_Module_State_0_excActive__A          
20000ffc  xdc_runtime_Error_Module__state__V                                
20001000  __stack                                                           
20001300  __STACK_END                                                       
e000e000  ti_sysbios_family_arm_m3_Hwi_nvic                                 
ffffffff  __TI_pprof_out_hndl                                               
ffffffff  __TI_prof_data_size                                               
ffffffff  __TI_prof_data_start                                              
ffffffff  __binit__                                                         
ffffffff  __c_args__                                                        
ffffffff  binit                                                             
UNDEFED   SHT$$INIT_ARRAY$$Base                                             
UNDEFED   SHT$$INIT_ARRAY$$Limit                                            

[469 symbols]
