******************************************************************************
                  TI ARM Linker PC v16.9.4                     
******************************************************************************
>> Linked Fri Nov 17 00:13:59 2017

OUTPUT FILE NAME:   <StatePID.out>
ENTRY POINT SYMBOL: "_c_int00"  address: 00004541


MEMORY CONFIGURATION

         name            origin    length      used     unused   attr    fill
----------------------  --------  ---------  --------  --------  ----  --------
  FLASH                 00000000   00040000  0000816b  00037e95  R  X
  SRAM                  20000000   00008000  00001932  000066ce  RW X


SEGMENT ALLOCATION MAP

run origin  load origin   length   init length attrs members
----------  ----------- ---------- ----------- ----- -------
00000000    00000000    00008178   00008178    r-x
  00000000    00000000    0000003c   0000003c    r-- .resetVecs
  00000040    00000040    00005e9a   00005e9a    r-x .text
  00005ee0    00005ee0    0000203d   0000203d    r-- .const
  00007f20    00007f20    00000258   00000258    r-- .cinit
20000000    20000000    00001934   00000000    rw-
  20000000    20000000    00000360   00000000    rw- .vecs
  20000360    20000360    00000dd0   00000000    rw- .bss
  20001130    20001130    00000502   00000000    rw- .data
  20001634    20001634    00000300   00000000    rw- .stack


SECTION ALLOCATION MAP

 output                                  attributes/
section   page    origin      length       input sections
--------  ----  ----------  ----------   ----------------
.text      0    00000040    00005e9a     
                  00000040    00000430     sysbios.aem4f : BIOS.obj (.text:ti_sysbios_family_arm_m3_Hwi_excDumpRegs__I)
                  00000470    00000354     main.obj (.text:uart1int)
                  000007c4    0000034c     ti.targets.arm.rtsarm.aem4f : System.oem4f (.text:xdc_runtime_System_doPrint__I)
                  00000b10    000002c8     sysbios.aem4f : BIOS.obj (.text:ti_sysbios_knl_Semaphore_pend__E)
                  00000dd8    000002b0     drive.obj (.text:PID_start)
                  00001088    00000258     sysbios.aem4f : BIOS.obj (.text:ti_sysbios_heaps_HeapMem_free__E)
                  000012e0    00000248                   : BIOS.obj (.text:ti_sysbios_heaps_HeapMem_alloc__E)
                  00001528    0000023c     rtsv7M4_T_le_v4SPD16_eabi.lib : strtod.obj (.text)
                  00001764    00000004     driverlib.lib : uart.obj (.text:UARTIntClear)
                  00001768    000001fc     sysbios.aem4f : BIOS.obj (.text:ti_sysbios_family_arm_m3_Hwi_excHandlerMax__I)
                  00001964    000001b6     rtsv7M4_T_le_v4SPD16_eabi.lib : fd_add_t2.obj (.text)
                  00001b1a    00000006     driverlib.lib : gpio.obj (.text:GPIOPinWrite)
                  00001b20    00000174     sysbios.aem4f : BIOS.obj (.text:ti_sysbios_family_arm_m3_Hwi_excBusFault__I)
                  00001c94    00000004     empty_pem4f.oem4f (.text:ti_sysbios_BIOS_RtsGateProxy_enter__E)
                  00001c98    00000164     sysbios.aem4f : BIOS.obj (.text:ti_sysbios_family_arm_m3_Hwi_excUsageFault__I)
                  00001dfc    00000004     empty_pem4f.oem4f (.text:ti_sysbios_BIOS_RtsGateProxy_leave__E)
                  00001e00    00000148     sysbios.aem4f : BIOS.obj (.text:ti_sysbios_family_arm_lm4_Timer_start__E)
                  00001f48    00000148                   : BIOS.obj (.text:ti_sysbios_family_arm_m3_Hwi_excMemFault__I)
                  00002090    0000013c                   : BIOS.obj (.text:ti_sysbios_heaps_HeapMem_Instance_init__E)
                  000021cc    00000136     rtsv7M4_T_le_v4SPD16_eabi.lib : fd_div_t2.obj (.text)
                  00002302    00000130     driverlib.lib : gpio.obj (.text:GPIOPadConfigSet)
                  00002432    00000002     rtsv7M4_T_le_v4SPD16_eabi.lib : i_div0.obj (.text)
                  00002434    00000118     ti.targets.arm.rtsarm.aem4f : Error.oem4f (.text:xdc_runtime_Error_policyDefault__E)
                  0000254c    00000114     main.obj (.text:hard_initB)
                  00002660    0000010c     driverlib.lib : sysctl.obj (.text:SysCtlClockGet)
                  0000276c    00000100     Boot.aem4f : Boot_sysctl.oem4f (.text:ti_catalog_arm_cortexm4_tiva_ce_Boot_sysCtlClockSetI__I)
                  0000286c    00000100     ti.targets.arm.rtsarm.aem4f : Core-mem.oem4f (.text:xdc_runtime_Core_createObject__I)
                  0000296c    000000fc     rtsv7M4_T_le_v4SPD16_eabi.lib : fd_mul_t2.obj (.text)
                  00002a68    000000f8     ti.targets.arm.rtsarm.aem4f : Startup.oem4f (.text:xdc_runtime_Startup_startMods__I)
                  00002b60    000000f8     empty_pem4f.oem4f (.text:xdc_runtime_System_printfExtend__I)
                  00002c58    000000f4     sysbios.aem4f : m3_Hwi_asm.obj (.text:ti_sysbios_family_arm_m3_Hwi_dispatch__I)
                  00002d4c    000000f0     driverlib.lib : sysctl.obj (.text:SysCtlClockSet)
                  00002e3c    00000004     sysbios.aem4f : BIOS.obj (.text:ti_sysbios_family_arm_lm4_Timer_masterEnable__I)
                  00002e40    000000ec                   : BIOS.obj (.text:ti_sysbios_knl_Semaphore_post__E)
                  00002f2c    000000cc     ti.targets.arm.rtsarm.aem4f : Core-smem.oem4f (.text:xdc_runtime_Core_constructObject__I)
                  00002ff8    000000bc     sysbios.aem4f : BIOS.obj (.text:ti_sysbios_family_arm_m3_Hwi_excDebugMon__I)
                  000030b4    00000004     empty_pem4f.oem4f (.text:ti_sysbios_family_arm_m3_TaskSupport_Module__startupDone__S)
                  000030b8    000000bc     sysbios.aem4f : BIOS.obj (.text:ti_sysbios_family_arm_m3_Hwi_excHardFault__I)
                  00003174    00000004     empty_pem4f.oem4f (.text:ti_sysbios_hal_Timer_TimerProxy_start__E)
                  00003178    000000b4     sysbios.aem4f : BIOS.obj (.text:ti_sysbios_gates_GateMutex_enter__E)
                  0000322c    00000004     empty_pem4f.oem4f (.text:ti_sysbios_hal_Timer_TimerProxy_stop__E)
                  00003230    000000b4     sysbios.aem4f : BIOS.obj (.text:ti_sysbios_knl_Task_checkStacks__E)
                  000032e4    00000004     empty_pem4f.oem4f (.text:ti_sysbios_heaps_HeapMem_Module_GateProxy_enter__E)
                  000032e8    000000ac     sysbios.aem4f : BIOS.obj (.text:ti_sysbios_family_arm_lm4_Timer_enableTiva__I)
                  00003394    00000004     empty_pem4f.oem4f (.text:ti_sysbios_heaps_HeapMem_Module_GateProxy_leave__E)
                  00003398    000000a8     sysbios.aem4f : BIOS.obj (.text:ti_sysbios_family_arm_lm4_Timer_enableTimers__I)
                  00003440    000000a8                   : BIOS.obj (.text:ti_sysbios_knl_Task_postInit__I)
                  000034e8    000000a0     auto_init.aem4f : auto_init.oem4f (.text)
                  00003588    000000a0     ti.targets.arm.rtsarm.aem4f : Text.oem4f (.text:xdc_runtime_Text_putMod__E)
                  00003628    0000009c     rtsv7M4_T_le_v4SPD16_eabi.lib : memcpy_t2.obj (.text)
                  000036c4    00000004     empty_pem4f.oem4f (.text:ti_sysbios_knl_Clock_TimerProxy_getMaxTicks__E)
                  000036c8    0000009c     sysbios.aem4f : BIOS.obj (.text:ti_sysbios_knl_Semaphore_Instance_init__E)
                  00003764    0000009a     ti.targets.arm.rtsarm.aem4f : Text.oem4f (.text:xdc_runtime_Text_putSite__E)
                  000037fe    00000002     empty_pem4f.oem4f (.text:ti_sysbios_BIOS_nullFunc__I)
                  00003800    00000098     Boot.aem4f : Boot.oem4f (.text:ti_catalog_arm_cortexm4_tiva_ce_Boot_sysCtlClockSet__E)
                  00003898    00000094     sysbios.aem4f : BIOS.obj (.text:ti_sysbios_family_arm_m3_Hwi_initNVIC__E)
                  0000392c    00000090     main.obj (.text:adc_init)
                  000039bc    0000008c     sysbios.aem4f : m3_TaskSupport_asm.obj (.text:ti_sysbios_family_arm_m3_TaskSupport_buildTaskStack)
                  00003a48    00000086     rtsv7M4_T_le_v4SPD16_eabi.lib : fd_cmp_t2.obj (.text:__aeabi_cdcmple)
                  00003ace    00000002     empty_pem4f.oem4f (.text:xdc_runtime_Startup_reset__I)
                  00003ad0    00000084     drive.obj (.text:motorMove)
                  00003b54    00000004     empty_pem4f.oem4f (.text:ti_sysbios_knl_Queue_destruct)
                  00003b58    00000084     sysbios.aem4f : BIOS.obj (.text:ti_sysbios_family_arm_m3_Hwi_postInit__I)
                  00003bdc    0000007a     driverlib.lib : adc.obj (.text:ADCSequenceStepConfigure)
                  00003c56    0000007a     rtsv7M4_T_le_v4SPD16_eabi.lib : memset_t2.obj (.text)
                  00003cd0    00000070     sysbios.aem4f : BIOS.obj (.text:ti_sysbios_knl_Task_exit__E)
                  00003d40    0000006e     rtsv7M4_T_le_v4SPD16_eabi.lib : fd_tos_t2.obj (.text)
                  00003dae    00000002     --HOLE-- [fill = 0]
                  00003db0    0000006d     ti.targets.arm.rtsarm.aem4f : System.oem4f (.text:xdc_runtime_System_formatNum__I)
                  00003e1d    00000003     --HOLE-- [fill = 0]
                  00003e20    0000006c     sysbios.aem4f : BIOS.obj (.text:ti_sysbios_knl_Clock_workFunc__E)
                  00003e8c    00000004     empty_pem4f.oem4f (.text:ti_sysbios_knl_Semaphore_destruct)
                  00003e90    0000006c     sysbios.aem4f : BIOS.obj (.text:ti_sysbios_knl_Swi_restoreHwi__E)
                  00003efc    0000006c     ti.targets.arm.rtsarm.aem4f : Error.oem4f (.text:xdc_runtime_Error_print__E)
                  00003f68    0000006c                                 : Memory.oem4f (.text:xdc_runtime_Memory_alloc__E)
                  00003fd4    00000068     driverlib.lib : interrupt.obj (.text:IntEnable)
                  0000403c    00000068     rtsv7M4_T_le_v4SPD16_eabi.lib : copy_decompress_lzss.obj (.text:decompress:lzss)
                  000040a4    00000068                                   : trgmsg.obj (.text)
                  0000410c    00000066     ti.targets.arm.rtsarm.aem4f : Core-mem.oem4f (.text:xdc_runtime_Core_deleteObject__I)
                  00004172    00000002     --HOLE-- [fill = 0]
                  00004174    00000064     main.obj (.text:ledToggle)
                  000041d8    00000064     sysbios.aem4f : BIOS.obj (.text:ti_sysbios_family_arm_lm4_Timer_Module_startup__E)
                  0000423c    00000004     ti.targets.arm.rtsarm.aem4f : Error.oem4f (.text:xdc_runtime_Error_getSite__E)
                  00004240    00000064     sysbios.aem4f : BIOS.obj (.text:ti_sysbios_family_arm_m3_Hwi_dispatchC__I)
                  000042a4    00000004     empty_pem4f.oem4f (.text:xdc_runtime_System_Module_GateProxy_enter__E)
                  000042a8    00000060     sysbios.aem4f : BIOS.obj (.text:ti_sysbios_family_arm_lm4_Timer_isrStub__E)
                  00004308    00000060                   : BIOS.obj (.text:ti_sysbios_knl_Task_schedule__I)
                  00004368    0000005c                   : BIOS.obj (.text:ti_sysbios_knl_Swi_run__I)
                  000043c4    00000004     empty_pem4f.oem4f (.text:xdc_runtime_System_Module_GateProxy_leave__E)
                  000043c8    0000005c     sysbios.aem4f : BIOS.obj (.text:ti_sysbios_knl_Swi_schedule__I)
                  00004424    00000004     ti.targets.arm.rtsarm.aem4f : System.oem4f (.text:xdc_runtime_System_aprintf_va__F)
                  00004428    0000005c     sysbios.aem4f : BIOS.obj (.text:ti_sysbios_knl_Task_Module_startup__E)
                  00004484    00000004     ti.targets.arm.rtsarm.aem4f : System.oem4f (.text:xdc_runtime_System_printf_va__F)
                  00004488    0000005c     sysbios.aem4f : BIOS.obj (.text:ti_sysbios_knl_Task_startCore__E)
                  000044e4    0000005b     ti.targets.arm.rtsarm.aem4f : Text.oem4f (.text:xdc_runtime_Text_putLab__E)
                  0000453f    00000001     --HOLE-- [fill = 0]
                  00004540    00000058     boot.aem4f : boot.oem4f (.text)
                  00004598    00000058     rtsv7M4_T_le_v4SPD16_eabi.lib : hostwrite.obj (.text)
                  000045f0    00000058     sysbios.aem4f : m3_Hwi_asm_switch.obj (.text:ti_sysbios_family_arm_m3_Hwi_initStacks__E)
                  00004648    00000054     main.obj (.text:main)
                  0000469c    00000054     rtsv7M4_T_le_v4SPD16_eabi.lib : exit.obj (.text)
                  000046f0    00000054     ti.targets.arm.rtsarm.aem4f : Assert.oem4f (.text:xdc_runtime_Assert_raise__I)
                  00004744    00000004     --HOLE-- [fill = 0]
                  00004748    00000050     sysbios.aem4f : BIOS.obj (.text:ti_sysbios_family_arm_m3_Hwi_Module_startup__E)
                  00004798    00000050     ti.targets.arm.rtsarm.aem4f : Startup.oem4f (.text:xdc_runtime_Startup_exec__E)
                  000047e8    00000050                                 : Text.oem4f (.text:xdc_runtime_Text_visitRope2__I)
                  00004838    0000004c     rtsv7M4_T_le_v4SPD16_eabi.lib : cpy_tbl.obj (.text)
                  00004884    00000004     --HOLE-- [fill = 0]
                  00004888    0000004c     sysbios.aem4f : BIOS.obj (.text:ti_sysbios_heaps_HeapMem_getStats__E)
                  000048d4    00000004     --HOLE-- [fill = 0]
                  000048d8    0000004c                   : BIOS.obj (.text:ti_sysbios_knl_Swi_runLoop__I)
                  00004924    00000004     --HOLE-- [fill = 0]
                  00004928    0000004c                   : BIOS.obj (.text:ti_sysbios_knl_Task_allBlockedFunction__I)
                  00004974    00000048     driverlib.lib : gpio.obj (.text:GPIOPinConfigure)
                  000049bc    00000004     --HOLE-- [fill = 0]
                  000049c0    00000048     sysbios.aem4f : BIOS.obj (.text:ti_sysbios_family_arm_m3_Hwi_disableInterrupt__E)
                  00004a08    00000048                   : BIOS.obj (.text:ti_sysbios_family_arm_m3_Hwi_enableInterrupt__E)
                  00004a50    00000048                   : BIOS.obj (.text:ti_sysbios_family_arm_m3_Hwi_excReserved__I)
                  00004a98    00000046     ti.targets.arm.rtsarm.aem4f : Core-params.oem4f (.text:xdc_runtime_Core_assignParams__I)
                  00004ade    00000002     --HOLE-- [fill = 0]
                  00004ae0    00000044     sysbios.aem4f : BIOS.obj (.text:ti_sysbios_family_arm_lm4_Timer_stop__E)
                  00004b24    00000004     --HOLE-- [fill = 0]
                  00004b28    00000044                   : BIOS.obj (.text:ti_sysbios_family_arm_m3_Hwi_getStackInfo__E)
                  00004b6c    00000004     --HOLE-- [fill = 0]
                  00004b70    00000044                   : BIOS.obj (.text:ti_sysbios_knl_Swi_post__E)
                  00004bb4    00000044     ti.targets.arm.rtsarm.aem4f : Error.oem4f (.text:xdc_runtime_Error_setX__E)
                  00004bf8    00000044                                 : SysMin.oem4f (.text:xdc_runtime_SysMin_flush__E)
                  00004c3c    00000044                                 : Text.oem4f (.text:xdc_runtime_Text_xprintf__I)
                  00004c80    00000042     driverlib.lib : uart.obj (.text:UARTConfigSetExpClk)
                  00004cc2    00000002     --HOLE-- [fill = 0]
                  00004cc4    00000040     drive.obj (.text:distFront)
                  00004d04    00000040     drive.obj (.text:distRight)
                  00004d44    00000040     rtsv7M4_T_le_v4SPD16_eabi.lib : u_divt2.obj (.text)
                  00004d84    00000004     --HOLE-- [fill = 0]
                  00004d88    00000040     sysbios.aem4f : BIOS.obj (.text:ti_sysbios_family_arm_lm4_Timer_startup__E)
                  00004dc8    0000003e     driverlib.lib : adc.obj (.text:ADCSequenceConfigure)
                  00004e06    00000002     --HOLE-- [fill = 0]
                  00004e08    0000003c     sysbios.aem4f : BIOS.obj (.text:ti_sysbios_family_arm_m3_Hwi_excSvCall__I)
                  00004e44    00000004     --HOLE-- [fill = 0]
                  00004e48    0000003c                   : BIOS.obj (.text:ti_sysbios_heaps_HeapMem_init__I)
                  00004e84    00000004     --HOLE-- [fill = 0]
                  00004e88    0000003c                   : BIOS.obj (.text:ti_sysbios_knl_Swi_restore__E)
                  00004ec4    0000003c     main.obj (.text:writeStringToUart1)
                  00004f00    00000038     rtsv7M4_T_le_v4SPD16_eabi.lib : fs_tod_t2.obj (.text)
                  00004f38    00000038     sysbios.aem4f : BIOS.obj (.text:ti_sysbios_family_arm_m3_Hwi_excNoIsr__I)
                  00004f70    00000038                   : BIOS.obj (.text:ti_sysbios_knl_Task_processVitalTaskFlag__I)
                  00004fa8    00000038     ti.targets.arm.rtsarm.aem4f : SysMin.oem4f (.text:xdc_runtime_SysMin_putch__E)
                  00004fe0    00000038                                 : System.oem4f (.text:xdc_runtime_System_atexit__E)
                  00005018    00000034     driverlib.lib : sysctl.obj (.text:SysCtlPeripheralEnable)
                  0000504c    00000004     --HOLE-- [fill = 0]
                  00005050    00000034     sysbios.aem4f : BIOS.obj (.text:ti_sysbios_family_arm_m3_Hwi_excNmi__I)
                  00005084    00000004     --HOLE-- [fill = 0]
                  00005088    00000034                   : BIOS.obj (.text:ti_sysbios_hal_Hwi_checkStack)
                  000050bc    00000034     ti.targets.arm.rtsarm.aem4f : Core-label.oem4f (.text:xdc_runtime_Core_assignLabel__I)
                  000050f0    00000033                                 : Text.oem4f (.text:xdc_runtime_Text_printVisFxn__I)
                  00005123    00000005     --HOLE-- [fill = 0]
                  00005128    00000032     sysbios.aem4f : BIOS.obj (.text:ti_sysbios_hal_Hwi_initStack)
                  0000515a    00000002     --HOLE-- [fill = 0]
                  0000515c    00000030     empty_pem4f.oem4f (.text:ti_sysbios_BIOS_atExitFunc__I)
                  0000518c    00000004     --HOLE-- [fill = 0]
                  00005190    00000030     sysbios.aem4f : BIOS.obj (.text:ti_sysbios_family_arm_m3_TaskSupport_start__E)
                  000051c0    00000030     empty_pem4f.oem4f (.text:ti_sysbios_gates_GateHwi_Object__create__S)
                  000051f0    00000030     empty_pem4f.oem4f (.text:ti_sysbios_gates_GateMutex_Object__create__S)
                  00005220    00000030     empty_pem4f.oem4f (.text:ti_sysbios_heaps_HeapMem_Object__create__S)
                  00005250    00000030     empty_pem4f.oem4f (.text:ti_sysbios_knl_Semaphore_construct)
                  00005280    00000030     sysbios.aem4f : BIOS.obj (.text:ti_sysbios_knl_Semaphore_pendTimeout__I)
                  000052b0    00000030                   : BIOS.obj (.text:ti_sysbios_knl_Task_unblockI__E)
                  000052e0    00000030     ti.targets.arm.rtsarm.aem4f : SysMin.oem4f (.text:xdc_runtime_SysMin_abort__E)
                  00005310    00000030                                 : System.oem4f (.text:xdc_runtime_System_processAtExit__E)
                  00005340    0000002e     driverlib.lib : adc.obj (.text:ADCIntStatus)
                  0000536e    00000002     --HOLE-- [fill = 0]
                  00005370    0000002c     empty_pem4f.oem4f (.text:ti_sysbios_knl_Clock_doTick__I)
                  0000539c    0000002c     empty_pem4f.oem4f (.text:ti_sysbios_knl_Queue_construct)
                  000053c8    0000002c     sysbios.aem4f : BIOS.obj (.text:ti_sysbios_knl_Task_restore__E)
                  000053f4    0000002c     ti.targets.arm.rtsarm.aem4f : Text.oem4f (.text:xdc_runtime_Text_cordText__E)
                  00005420    0000002a     driverlib.lib : gpio.obj (.text:GPIODirModeSet)
                  0000544a    0000002a     ti.targets.arm.rtsarm.aem4f : System.oem4f (.text:xdc_runtime_System_putchar__I)
                  00005474    00000004     --HOLE-- [fill = 0]
                  00005478    00000028     sysbios.aem4f : BIOS.obj (.text:ti_sysbios_knl_Swi_Module_startup__E)
                  000054a0    00000026                   : m3_Hwi_asm.obj (.text:ti_sysbios_family_arm_m3_Hwi_pendSV__I)
                  000054c6    00000026     ti.targets.arm.rtsarm.aem4f : System.oem4f (.text:xdc_runtime_System_avprintf__E)
                  000054ec    00000024     empty_pem4f.oem4f (.text:ti_sysbios_BIOS_errorRaiseHook__I)
                  00005510    00000024     empty_pem4f.oem4f (.text:ti_sysbios_BIOS_registerRTSLock__I)
                  00005534    00000024     empty_pem4f.oem4f (.text:ti_sysbios_BIOS_removeRTSLock__I)
                  00005558    00000024     empty_pem4f.oem4f (.text:ti_sysbios_BIOS_startFunc__I)
                  0000557c    00000024     empty_pem4f.oem4f (.text:ti_sysbios_gates_GateMutex_Object__delete__S)
                  000055a0    00000024     sysbios.aem4f : BIOS.obj (.text:ti_sysbios_knl_Clock_Module_startup__E)
                  000055c4    00000004     --HOLE-- [fill = 0]
                  000055c8    00000024                   : BIOS.obj (.text:ti_sysbios_knl_Task_restoreHwi__E)
                  000055ec    00000024     ti.targets.arm.rtsarm.aem4f : System.oem4f (.text:xdc_runtime_System_vprintf__E)
                  00005610    00000022     driverlib.lib : pwm.obj (.text:PWMGenConfigure)
                  00005632    00000006                   : sysctl.obj (.text:SysCtlDelay)
                  00005638    00000022     sysbios.aem4f : BIOS.obj (.text:ti_sysbios_family_arm_lm4_Timer_write__I)
                  0000565a    00000022     empty_pem4f.oem4f (.text:xdc_runtime_SysMin_output__I)
                  0000567c    00000020     empty_pem4f.oem4f (.text:ti_sysbios_BIOS_rtsLock__I)
                  0000569c    00000020     sysbios.aem4f : m3_Hwi_asm.obj (.text:ti_sysbios_family_arm_m3_Hwi_excHandlerAsm__I)
                  000056bc    00000004     --HOLE-- [fill = 0]
                  000056c0    00000020                   : BIOS.obj (.text:ti_sysbios_family_arm_m3_Hwi_excHandler__I)
                  000056e0    00000020     empty_pem4f.oem4f (.text:ti_sysbios_gates_GateHwi_Object__delete__S)
                  00005700    00000020     empty_pem4f.oem4f (.text:ti_sysbios_heaps_HeapMem_Object__delete__S)
                  00005720    00000020     sysbios.aem4f : BIOS.obj (.text:ti_sysbios_knl_Idle_run__E)
                  00005740    00000020     empty_pem4f.oem4f (.text:ti_sysbios_knl_Semaphore_Object__destruct__S)
                  00005760    00000020     ti.targets.arm.rtsarm.aem4f : Registry.oem4f (.text:xdc_runtime_Registry_findById__E)
                  00005780    00000020                                 : SysMin.oem4f (.text:xdc_runtime_SysMin_Module_startup__E)
                  000057a0    0000001e     driverlib.lib : adc.obj (.text:ADCSequenceDataGet)
                  000057be    0000001e                   : pwm.obj (.text:PWMPulseWidthSet)
                  000057dc    0000001e     sysbios.aem4f : m3_Hwi_asm_switch.obj (.text:ti_sysbios_family_xxx_Hwi_switchAndRunFunc)
                  000057fa    00000002     --HOLE-- [fill = 0]
                  000057fc    0000001c     driverlib.lib : uart.obj (.text:UARTDisable)
                  00005818    0000001c     sysbios.aem4f : BIOS.obj (.text:ti_sysbios_gates_GateMutex_Instance_init__E)
                  00005834    0000001c     empty_pem4f.oem4f (.text:ti_sysbios_knl_Queue_Object__destruct__S)
                  00005850    0000001c     sysbios.aem4f : BIOS.obj (.text:ti_sysbios_knl_Task_enter__I)
                  0000586c    0000001c     ti.targets.arm.rtsarm.aem4f : Error.oem4f (.text:xdc_runtime_Error_raiseX__E)
                  00005888    0000001c                                 : Memory.oem4f (.text:xdc_runtime_Memory_valloc__E)
                  000058a4    0000001c                                 : SysMin.oem4f (.text:xdc_runtime_SysMin_exit__E)
                  000058c0    0000001c                                 : System.oem4f (.text:xdc_runtime_System_abort__E)
                  000058dc    0000001a     empty_pem4f.oem4f (.text:ti_sysbios_family_arm_m3_Hwi_Handle__label__S)
                  000058f6    0000001a     empty_pem4f.oem4f (.text:ti_sysbios_gates_GateHwi_Handle__label__S)
                  00005910    0000001a     empty_pem4f.oem4f (.text:ti_sysbios_gates_GateMutex_Handle__label__S)
                  0000592a    0000001a     empty_pem4f.oem4f (.text:ti_sysbios_heaps_HeapMem_Handle__label__S)
                  00005944    0000001a     empty_pem4f.oem4f (.text:ti_sysbios_knl_Swi_Handle__label__S)
                  0000595e    0000001a     empty_pem4f.oem4f (.text:ti_sysbios_knl_Task_Handle__label__S)
                  00005978    0000001a     empty_pem4f.oem4f (.text:xdc_runtime_System_aprintf__E)
                  00005992    0000001a     empty_pem4f.oem4f (.text:xdc_runtime_System_printf__E)
                  000059ac    00000018     driverlib.lib : adc.obj (.text:ADCProcessorTrigger)
                  000059c4    00000018                   : gpio.obj (.text:GPIOPinTypeGPIOOutput)
                  000059dc    00000018     rtsv7M4_T_le_v4SPD16_eabi.lib : args_main.obj (.text)
                  000059f4    00000018     empty_pem4f.oem4f (.text:ti_sysbios_BIOS_rtsUnlock__I)
                  00005a0c    00000018     empty_pem4f.oem4f (.text:ti_sysbios_family_arm_lm4_Timer_Module__startupDone__F)
                  00005a24    00000018     empty_pem4f.oem4f (.text:ti_sysbios_family_arm_m3_Hwi_Module__startupDone__F)
                  00005a3c    00000018     sysbios.aem4f : m3_TaskSupport_asm.obj (.text:ti_sysbios_family_arm_m3_TaskSupport_swap__E)
                  00005a54    00000004     --HOLE-- [fill = 0]
                  00005a58    00000018                   : BIOS.obj (.text:ti_sysbios_gates_GateMutex_leave__E)
                  00005a70    00000018     ti.targets.arm.rtsarm.aem4f : Error.oem4f (.text:xdc_runtime_Error_check__E)
                  00005a88    00000018                                 : System.oem4f (.text:xdc_runtime_System_exit__E)
                  00005aa0    00000018                                 : Text.oem4f (.text:xdc_runtime_Text_ropeText__E)
                  00005ab8    00000016     empty_pem4f.oem4f (.text:ti_sysbios_BIOS_exitFunc__I)
                  00005ace    00000002     --HOLE-- [fill = 0]
                  00005ad0    00000014     driverlib.lib : sysctl.obj (.text:SysCtlPWMClockSet)
                  00005ae4    00000014                   : uart.obj (.text:UARTEnable)
                  00005af8    00000014     drive.obj (.text:motorStop)
                  00005b0c    00000014     rtsv7M4_T_le_v4SPD16_eabi.lib : _lock.obj (.text)
                  00005b20    00000014                                   : strlen.obj (.text)
                  00005b34    00000014     empty_pem4f.oem4f (.text:ti_sysbios_family_arm_m3_Hwi_Object__get__S)
                  00005b48    00000014     sysbios.aem4f : BIOS.obj (.text:ti_sysbios_family_arm_m3_Hwi_switchFromBootStack__E)
                  00005b5c    00000014     empty_pem4f.oem4f (.text:ti_sysbios_heaps_HeapMem_Object__get__S)
                  00005b70    00000014     empty_pem4f.oem4f (.text:ti_sysbios_knl_Swi_Object__get__S)
                  00005b84    00000012     driverlib.lib : gpio.obj (.text:GPIOPinTypeADC)
                  00005b96    00000012                   : gpio.obj (.text:GPIOPinTypePWM)
                  00005ba8    00000012                   : gpio.obj (.text:GPIOPinTypeUART)
                  00005bba    00000012                   : pwm.obj (.text:PWMOutputState)
                  00005bcc    00000012     rtsv7M4_T_le_v4SPD16_eabi.lib : atof.obj (.text)
                  00005bde    00000002     --HOLE-- [fill = 0]
                  00005be0    00000012     sysbios.aem4f : BIOS.obj (.text:ti_sysbios_hal_Hwi_Module_startup__E)
                  00005bf2    00000006     Boot.aem4f : Boot_sysctl.oem4f (.text:ti_catalog_arm_cortexm4_tiva_ce_Boot_sysCtlDelayI__I)
                  00005bf8    00000012     sysbios.aem4f : BIOS.obj (.text:ti_sysbios_hal_Timer_Module_startup__E)
                  00005c0a    00000012     empty_pem4f.oem4f (.text:xdc_runtime_Startup_exec__I)
                  00005c1c    00000010     main.obj (.text:DriveClockFunc)
                  00005c2c    00000010     driverlib.lib : interrupt.obj (.text:IntMasterEnable)
                  00005c3c    00000010                   : pwm.obj (.text:PWMGenPeriodSet)
                  00005c4c    00000004     --HOLE-- [fill = 0]
                  00005c50    00000010     sysbios.aem4f : BIOS.obj (.text:ti_sysbios_BIOS_setThreadType__E)
                  00005c60    00000010                   : BIOS.obj (.text:ti_sysbios_BIOS_start__E)
                  00005c70    00000010                   : m3_TaskSupport_asm.obj (.text:ti_sysbios_family_arm_m3_TaskSupport_glue)
                  00005c80    00000010                   : BIOS.obj (.text:ti_sysbios_gates_GateMutex_Instance_finalize__E)
                  00005c90    00000010                   : BIOS.obj (.text:ti_sysbios_knl_Semaphore_Instance_finalize__E)
                  00005ca0    00000010                   : BIOS.obj (.text:ti_sysbios_knl_Swi_disable__E)
                  00005cb0    00000010     empty_pem4f.oem4f (.text:ti_sysbios_knl_Task_Object__get__S)
                  00005cc0    00000010     sysbios.aem4f : BIOS.obj (.text:ti_sysbios_knl_Task_disable__E)
                  00005cd0    00000010     ti.targets.arm.rtsarm.aem4f : Gate.oem4f (.text:xdc_runtime_Gate_leaveSystem__E)
                  00005ce0    00000010                                 : Memory.oem4f (.text:xdc_runtime_Memory_free__E)
                  00005cf0    00000010                                 : SysMin.oem4f (.text:xdc_runtime_SysMin_ready__E)
                  00005d00    00000010                                 : System.oem4f (.text:xdc_runtime_System_vsnprintf__E)
                  00005d10    00000010     empty_pem4f.oem4f (.text:xdc_runtime_Text_visitRope__I)
                  00005d20    0000000e     driverlib.lib : adc.obj (.text:ADCSequenceDisable)
                  00005d2e    0000000e                   : adc.obj (.text:ADCSequenceEnable)
                  00005d3c    0000000e                   : uart.obj (.text:UARTCharGetNonBlocking)
                  00005d4a    0000000e                   : uart.obj (.text:UARTCharPutNonBlocking)
                  00005d58    0000000e     rtsv7M4_T_le_v4SPD16_eabi.lib : copy_decompress_none.obj (.text:decompress:none)
                  00005d66    00000002     --HOLE-- [fill = 0]
                  00005d68    0000000e     sysbios.aem4f : BIOS.obj (.text:ti_sysbios_knl_Idle_loop__E)
                  00005d76    00000002     --HOLE-- [fill = 0]
                  00005d78    0000000e                   : BIOS.obj (.text:ti_sysbios_knl_Queue_empty__E)
                  00005d86    00000002     --HOLE-- [fill = 0]
                  00005d88    0000000c     empty_pem4f.oem4f (.text:.bootCodeSection:ti_catalog_arm_cortexm4_tiva_ce_Boot_init__I)
                  00005d94    0000000c     driverlib.lib : cpu.obj (.text:CPUcpsie)
                  00005da0    0000000c                   : pwm.obj (.text:PWMGenEnable)
                  00005dac    0000000c                   : uart.obj (.text:UARTCharsAvail)
                  00005db8    0000000c     rtsv7M4_T_le_v4SPD16_eabi.lib : copy_zero_init.obj (.text:decompress:ZI)
                  00005dc4    00000004     --HOLE-- [fill = 0]
                  00005dc8    0000000c     sysbios.aem4f : BIOS.obj (.text:ti_sysbios_family_arm_lm4_Timer_getMaxTicks__E)
                  00005dd4    00000004     --HOLE-- [fill = 0]
                  00005dd8    0000000c                   : BIOS.obj (.text:ti_sysbios_family_arm_m3_TaskSupport_checkStack__E)
                  00005de4    00000004     --HOLE-- [fill = 0]
                  00005de8    0000000c                   : BIOS.obj (.text:ti_sysbios_gates_GateHwi_enter__E)
                  00005df4    0000000c     empty_pem4f.oem4f (.text:ti_sysbios_knl_Queue_Object__get__S)
                  00005e00    0000000c     ti.targets.arm.rtsarm.aem4f : Error.oem4f (.text:xdc_runtime_Error_init__E)
                  00005e0c    0000000c                                 : Gate.oem4f (.text:xdc_runtime_Gate_enterSystem__E)
                  00005e18    0000000c                                 : Memory.oem4f (.text:xdc_runtime_Memory_calloc__E)
                  00005e24    0000000c                                 : Memory.oem4f (.text:xdc_runtime_Memory_getMaxDefaultTypeAlign__E)
                  00005e30    0000000a     driverlib.lib : adc.obj (.text:ADCIntClear)
                  00005e3a    0000000a                   : uart.obj (.text:UARTIntStatus)
                  00005e44    0000000a     empty_pem4f.oem4f (.text:xdc_runtime_IHeap_alloc)
                  00005e4e    0000000a     empty_pem4f.oem4f (.text:xdc_runtime_IHeap_free)
                  00005e58    00000008     driverlib.lib : uart.obj (.text:UARTIntEnable)
                  00005e60    00000008     sysbios.aem4f : BIOS.obj (.text:ti_sysbios_family_arm_lm4_Timer_masterDisable__I)
                  00005e68    00000008                   : BIOS.obj (.text:ti_sysbios_family_arm_m3_Hwi_doSwiRestore__I)
                  00005e70    00000008                   : BIOS.obj (.text:ti_sysbios_family_arm_m3_Hwi_startup__E)
                  00005e78    00000006                   : BIOS.obj (.text:ti_sysbios_family_arm_m3_Hwi_doTaskRestore__I)
                  00005e7e    00000002     --HOLE-- [fill = 0]
                  00005e80    00000006                   : BIOS.obj (.text:ti_sysbios_gates_GateHwi_leave__E)
                  00005e86    00000002     --HOLE-- [fill = 0]
                  00005e88    00000006                   : BIOS.obj (.text:ti_sysbios_hal_Timer_start__E)
                  00005e8e    00000002     --HOLE-- [fill = 0]
                  00005e90    00000006                   : BIOS.obj (.text:ti_sysbios_hal_Timer_stop__E)
                  00005e96    00000002     --HOLE-- [fill = 0]
                  00005e98    00000006                   : BIOS.obj (.text:ti_sysbios_heaps_HeapMem_isBlocking__E)
                  00005e9e    00000002     --HOLE-- [fill = 0]
                  00005ea0    00000006                   : BIOS.obj (.text:ti_sysbios_knl_Queue_Instance_init__E)
                  00005ea6    00000002     --HOLE-- [fill = 0]
                  00005ea8    00000006                   : BIOS.obj (.text:ti_sysbios_knl_Swi_startup__E)
                  00005eae    00000006     ti.targets.arm.rtsarm.aem4f : System.oem4f (.text:xdc_runtime_System_Module_startup__E)
                  00005eb4    00000004     --HOLE-- [fill = 0]
                  00005eb8    00000004     sysbios.aem4f : BIOS.obj (.text:ti_sysbios_gates_GateHwi_query__E)
                  00005ebc    00000004     --HOLE-- [fill = 0]
                  00005ec0    00000004                   : BIOS.obj (.text:ti_sysbios_gates_GateMutex_query__E)
                  00005ec4    00000004     --HOLE-- [fill = 0]
                  00005ec8    00000004                   : BIOS.obj (.text:ti_sysbios_knl_Task_startup__E)
                  00005ecc    00000004     --HOLE-- [fill = 0]
                  00005ed0    00000002                   : BIOS.obj (.text:ti_sysbios_gates_GateHwi_Instance_init__E)
                  00005ed2    00000006     --HOLE-- [fill = 0]
                  00005ed8    00000002                   : BIOS.obj (.text:ti_sysbios_knl_Clock_logTick__E)

.const     0    00005ee0    0000203d     
                  00005ee0    00001885     empty_pem4f.oem4f (.const:xdc_runtime_Text_charTab__A)
                  00007765    00000101     rtsv7M4_T_le_v4SPD16_eabi.lib : ctype.obj (.const:.string:_ctypes_)
                  00007866    000000c0     empty_pem4f.oem4f (.const:xdc_runtime_Text_nodeTab__A)
                  00007926    00000002     empty_pem4f.oem4f (.const:ti_catalog_arm_cortexm4_tiva_ce_Boot_Module__id__C)
                  00007928    00000098     rtsv7M4_T_le_v4SPD16_eabi.lib : strtod.obj (.const:$O1$$)
                  000079c0    00000090     driverlib.lib : gpio.obj (.const:g_pui32GPIOBaseAddrs)
                  00007a50    00000070                   : interrupt.obj (.const)
                  00007ac0    0000006c                   : sysctl.obj (.const:g_pui32Xtals)
                  00007b2c    00000048     empty_pem4f.oem4f (.const:.string)
                  00007b74    00000028     empty_pem4f.oem4f (.const:ti_sysbios_heaps_HeapMem_Module__FXNS__C)
                  00007b9c    00000024     empty_pem4f.oem4f (.const:ti_sysbios_gates_GateHwi_Module__FXNS__C)
                  00007bc0    00000024     empty_pem4f.oem4f (.const:ti_sysbios_gates_GateMutex_Module__FXNS__C)
                  00007be4    00000024     empty_pem4f.oem4f (.const:ti_sysbios_heaps_HeapMem_Object__PARAMS__C)
                  00007c08    00000024     empty_pem4f.oem4f (.const:ti_sysbios_knl_Semaphore_Object__PARAMS__C)
                  00007c2c    00000024     empty_pem4f.oem4f (.const:xdc_runtime_Startup_sfxnTab__A)
                  00007c50    00000020     empty_pem4f.oem4f (.const:ti_sysbios_gates_GateHwi_Object__DESC__C)
                  00007c70    00000020     empty_pem4f.oem4f (.const:ti_sysbios_gates_GateMutex_Object__DESC__C)
                  00007c90    00000020     empty_pem4f.oem4f (.const:ti_sysbios_heaps_HeapMem_Object__DESC__C)
                  00007cb0    00000020     empty_pem4f.oem4f (.const:ti_sysbios_knl_Queue_Object__DESC__C)
                  00007cd0    00000020     empty_pem4f.oem4f (.const:ti_sysbios_knl_Semaphore_Object__DESC__C)
                  00007cf0    00000018     empty_pem4f.oem4f (.const:ti_sysbios_gates_GateHwi_Object__PARAMS__C)
                  00007d08    00000018     empty_pem4f.oem4f (.const:ti_sysbios_gates_GateMutex_Object__PARAMS__C)
                  00007d20    00000018     empty_pem4f.oem4f (.const:ti_sysbios_knl_Queue_Object__PARAMS__C)
                  00007d38    00000014     empty_pem4f.oem4f (.const:xdc_runtime_Startup_firstFxns__A)
                  00007d4c    00000012     empty_pem4f.oem4f (.const:xdc_runtime_Startup_sfxnRts__A)
                  00007d5e    00000002     empty_pem4f.oem4f (.const:ti_sysbios_family_arm_m3_Hwi_Module__id__C)
                  00007d60    00000010     empty_pem4f.oem4f (.const)
                  00007d70    00000008     empty_pem4f.oem4f (.const:ti_sysbios_family_arm_m3_Hwi_excHookFuncs__A)
                  00007d78    00000008     empty_pem4f.oem4f (.const:ti_sysbios_knl_Idle_funcList__C)
                  00007d80    00000008     empty_pem4f.oem4f (.const:xdc_runtime_Startup_firstFxns__C)
                  00007d88    00000008     empty_pem4f.oem4f (.const:xdc_runtime_Startup_lastFxns__C)
                  00007d90    00000004     empty_pem4f.oem4f (.const:ti_catalog_arm_cortexm4_tiva_ce_Boot_A_mustUseEnhancedClockMode__C)
                  00007d94    00000004     empty_pem4f.oem4f (.const:ti_catalog_arm_cortexm4_tiva_ce_Boot_Module__diagsEnabled__C)
                  00007d98    00000004     empty_pem4f.oem4f (.const:ti_catalog_arm_cortexm4_tiva_ce_Boot_Module__diagsIncluded__C)
                  00007d9c    00000004     empty_pem4f.oem4f (.const:ti_catalog_arm_cortexm4_tiva_ce_Boot_Module__diagsMask__C)
                  00007da0    00000004     empty_pem4f.oem4f (.const:ti_sysbios_family_arm_lm4_Timer_enableFunc__C)
                  00007da4    00000004     empty_pem4f.oem4f (.const:ti_sysbios_family_arm_lm4_Timer_numTimerDevices__C)
                  00007da8    00000004     empty_pem4f.oem4f (.const:ti_sysbios_family_arm_lm4_Timer_startupNeeded__C)
                  00007dac    00000004     empty_pem4f.oem4f (.const:ti_sysbios_family_arm_m3_Hwi_E_NMI__C)
                  00007db0    00000004     empty_pem4f.oem4f (.const:ti_sysbios_family_arm_m3_Hwi_E_busFault__C)
                  00007db4    00000004     empty_pem4f.oem4f (.const:ti_sysbios_family_arm_m3_Hwi_E_debugMon__C)
                  00007db8    00000004     empty_pem4f.oem4f (.const:ti_sysbios_family_arm_m3_Hwi_E_hardFault__C)
                  00007dbc    00000004     empty_pem4f.oem4f (.const:ti_sysbios_family_arm_m3_Hwi_E_memFault__C)
                  00007dc0    00000004     empty_pem4f.oem4f (.const:ti_sysbios_family_arm_m3_Hwi_E_noIsr__C)
                  00007dc4    00000004     empty_pem4f.oem4f (.const:ti_sysbios_family_arm_m3_Hwi_E_reserved__C)
                  00007dc8    00000004     empty_pem4f.oem4f (.const:ti_sysbios_family_arm_m3_Hwi_E_svCall__C)
                  00007dcc    00000004     empty_pem4f.oem4f (.const:ti_sysbios_family_arm_m3_Hwi_E_usageFault__C)
                  00007dd0    00000004     empty_pem4f.oem4f (.const:ti_sysbios_family_arm_m3_Hwi_NUM_INTERRUPTS__C)
                  00007dd4    00000004     empty_pem4f.oem4f (.const:ti_sysbios_family_arm_m3_Hwi_Object__count__C)
                  00007dd8    00000004     empty_pem4f.oem4f (.const:ti_sysbios_family_arm_m3_Hwi_ccr__C)
                  00007ddc    00000004     empty_pem4f.oem4f (.const:ti_sysbios_family_arm_m3_Hwi_excHandlerFunc__C)
                  00007de0    00000004     empty_pem4f.oem4f (.const:ti_sysbios_family_arm_m3_Hwi_excHookFuncs__C)
                  00007de4    00000004     empty_pem4f.oem4f (.const:ti_sysbios_family_arm_m3_Hwi_nullIsrFunc__C)
                  00007de8    00000004     empty_pem4f.oem4f (.const:ti_sysbios_family_arm_m3_Hwi_priGroup__C)
                  00007dec    00000004     empty_pem4f.oem4f (.const:ti_sysbios_gates_GateMutex_A_badContext__C)
                  00007df0    00000004     empty_pem4f.oem4f (.const:ti_sysbios_gates_GateMutex_Instance_State_sem__O)
                  00007df4    00000004     empty_pem4f.oem4f (.const:ti_sysbios_gates_GateMutex_Module__diagsEnabled__C)
                  00007df8    00000004     empty_pem4f.oem4f (.const:ti_sysbios_gates_GateMutex_Module__diagsIncluded__C)
                  00007dfc    00000004     empty_pem4f.oem4f (.const:ti_sysbios_gates_GateMutex_Module__diagsMask__C)
                  00007e00    00000004     empty_pem4f.oem4f (.const:ti_sysbios_hal_Hwi_E_stackOverflow__C)
                  00007e04    00000004     empty_pem4f.oem4f (.const:ti_sysbios_heaps_HeapMem_A_align__C)
                  00007e08    00000004     empty_pem4f.oem4f (.const:ti_sysbios_heaps_HeapMem_A_heapSize__C)
                  00007e0c    00000004     empty_pem4f.oem4f (.const:ti_sysbios_heaps_HeapMem_A_invalidFree__C)
                  00007e10    00000004     empty_pem4f.oem4f (.const:ti_sysbios_heaps_HeapMem_A_zeroBlock__C)
                  00007e14    00000004     empty_pem4f.oem4f (.const:ti_sysbios_heaps_HeapMem_E_memory__C)
                  00007e18    00000004     empty_pem4f.oem4f (.const:ti_sysbios_heaps_HeapMem_Module__diagsEnabled__C)
                  00007e1c    00000004     empty_pem4f.oem4f (.const:ti_sysbios_heaps_HeapMem_Module__diagsIncluded__C)
                  00007e20    00000004     empty_pem4f.oem4f (.const:ti_sysbios_heaps_HeapMem_Module__diagsMask__C)
                  00007e24    00000004     empty_pem4f.oem4f (.const:ti_sysbios_heaps_HeapMem_Module__gateObj__C)
                  00007e28    00000004     empty_pem4f.oem4f (.const:ti_sysbios_heaps_HeapMem_Object__count__C)
                  00007e2c    00000004     empty_pem4f.oem4f (.const:ti_sysbios_heaps_HeapMem_reqAlign__C)
                  00007e30    00000004     empty_pem4f.oem4f (.const:ti_sysbios_knl_Clock_Module_State_clockQ__O)
                  00007e34    00000004     empty_pem4f.oem4f (.const:ti_sysbios_knl_Idle_funcList__A)
                  00007e38    00000004     empty_pem4f.oem4f (.const:ti_sysbios_knl_Semaphore_A_badContext__C)
                  00007e3c    00000004     empty_pem4f.oem4f (.const:ti_sysbios_knl_Semaphore_A_noEvents__C)
                  00007e40    00000004     empty_pem4f.oem4f (.const:ti_sysbios_knl_Semaphore_A_overflow__C)
                  00007e44    00000004     empty_pem4f.oem4f (.const:ti_sysbios_knl_Semaphore_A_pendTaskDisabled__C)
                  00007e48    00000004     empty_pem4f.oem4f (.const:ti_sysbios_knl_Semaphore_Instance_State_pendQ__O)
                  00007e4c    00000004     empty_pem4f.oem4f (.const:ti_sysbios_knl_Semaphore_Module__diagsEnabled__C)
                  00007e50    00000004     empty_pem4f.oem4f (.const:ti_sysbios_knl_Semaphore_Module__diagsIncluded__C)
                  00007e54    00000004     empty_pem4f.oem4f (.const:ti_sysbios_knl_Semaphore_Module__diagsMask__C)
                  00007e58    00000004     empty_pem4f.oem4f (.const:ti_sysbios_knl_Swi_Object__count__C)
                  00007e5c    00000004     empty_pem4f.oem4f (.const:ti_sysbios_knl_Task_E_spOutOfBounds__C)
                  00007e60    00000004     empty_pem4f.oem4f (.const:ti_sysbios_knl_Task_E_stackOverflow__C)
                  00007e64    00000004     empty_pem4f.oem4f (.const:ti_sysbios_knl_Task_Module_State_inactiveQ__O)
                  00007e68    00000004     empty_pem4f.oem4f (.const:ti_sysbios_knl_Task_Object__count__C)
                  00007e6c    00000004     empty_pem4f.oem4f (.const:ti_sysbios_knl_Task_allBlockedFunc__C)
                  00007e70    00000004     empty_pem4f.oem4f (.const:ti_sysbios_knl_Task_numConstructedTasks__C)
                  00007e74    00000004     empty_pem4f.oem4f (.const:xdc_runtime_Assert_E_assertFailed__C)
                  00007e78    00000004     empty_pem4f.oem4f (.const:xdc_runtime_Core_A_initializedParams__C)
                  00007e7c    00000004     empty_pem4f.oem4f (.const:xdc_runtime_Core_Module__diagsEnabled__C)
                  00007e80    00000004     empty_pem4f.oem4f (.const:xdc_runtime_Core_Module__diagsIncluded__C)
                  00007e84    00000004     empty_pem4f.oem4f (.const:xdc_runtime_Core_Module__diagsMask__C)
                  00007e88    00000004     empty_pem4f.oem4f (.const:xdc_runtime_Error_E_memory__C)
                  00007e8c    00000004     empty_pem4f.oem4f (.const:xdc_runtime_Error_Module__diagsEnabled__C)
                  00007e90    00000004     empty_pem4f.oem4f (.const:xdc_runtime_Error_Module__diagsIncluded__C)
                  00007e94    00000004     empty_pem4f.oem4f (.const:xdc_runtime_Error_Module__diagsMask__C)
                  00007e98    00000004     empty_pem4f.oem4f (.const:xdc_runtime_Error_Module__loggerFxn8__C)
                  00007e9c    00000004     empty_pem4f.oem4f (.const:xdc_runtime_Error_Module__loggerObj__C)
                  00007ea0    00000004     empty_pem4f.oem4f (.const:xdc_runtime_Error_policyFxn__C)
                  00007ea4    00000004     empty_pem4f.oem4f (.const:xdc_runtime_Error_raiseHook__C)
                  00007ea8    00000004     empty_pem4f.oem4f (.const:xdc_runtime_IGateProvider_Interface__BASE__C)
                  00007eac    00000004     empty_pem4f.oem4f (.const:xdc_runtime_IHeap_Interface__BASE__C)
                  00007eb0    00000004     empty_pem4f.oem4f (.const:xdc_runtime_IModule_Interface__BASE__C)
                  00007eb4    00000004     empty_pem4f.oem4f (.const:xdc_runtime_Log_L_error__C)
                  00007eb8    00000004     empty_pem4f.oem4f (.const:xdc_runtime_Memory_defaultHeapInstance__C)
                  00007ebc    00000004     empty_pem4f.oem4f (.const:xdc_runtime_Startup_execImpl__C)
                  00007ec0    00000004     empty_pem4f.oem4f (.const:xdc_runtime_Startup_maxPasses__C)
                  00007ec4    00000004     empty_pem4f.oem4f (.const:xdc_runtime_Startup_sfxnRts__C)
                  00007ec8    00000004     empty_pem4f.oem4f (.const:xdc_runtime_Startup_sfxnTab__C)
                  00007ecc    00000004     empty_pem4f.oem4f (.const:xdc_runtime_SysMin_bufSize__C)
                  00007ed0    00000004     empty_pem4f.oem4f (.const:xdc_runtime_SysMin_outputFunc__C)
                  00007ed4    00000004     empty_pem4f.oem4f (.const:xdc_runtime_System_Module__gateObj__C)
                  00007ed8    00000004     empty_pem4f.oem4f (.const:xdc_runtime_System_abortFxn__C)
                  00007edc    00000004     empty_pem4f.oem4f (.const:xdc_runtime_System_exitFxn__C)
                  00007ee0    00000004     empty_pem4f.oem4f (.const:xdc_runtime_System_extendFxn__C)
                  00007ee4    00000004     empty_pem4f.oem4f (.const:xdc_runtime_System_maxAtexitHandlers__C)
                  00007ee8    00000004     empty_pem4f.oem4f (.const:xdc_runtime_Text_charTab__C)
                  00007eec    00000004     empty_pem4f.oem4f (.const:xdc_runtime_Text_nameEmpty__C)
                  00007ef0    00000004     empty_pem4f.oem4f (.const:xdc_runtime_Text_nameStatic__C)
                  00007ef4    00000004     empty_pem4f.oem4f (.const:xdc_runtime_Text_nameUnknown__C)
                  00007ef8    00000004     empty_pem4f.oem4f (.const:xdc_runtime_Text_nodeTab__C)
                  00007efc    00000004     empty_pem4f.oem4f (.const:xdc_runtime_Text_visitRopeFxn__C)
                  00007f00    00000002     empty_pem4f.oem4f (.const:ti_sysbios_gates_GateMutex_Module__id__C)
                  00007f02    00000002     empty_pem4f.oem4f (.const:ti_sysbios_hal_Hwi_Module__id__C)
                  00007f04    00000002     empty_pem4f.oem4f (.const:ti_sysbios_heaps_HeapMem_Module__id__C)
                  00007f06    00000002     empty_pem4f.oem4f (.const:ti_sysbios_knl_Semaphore_Module__id__C)
                  00007f08    00000002     empty_pem4f.oem4f (.const:ti_sysbios_knl_Task_Module__id__C)
                  00007f0a    00000002     empty_pem4f.oem4f (.const:xdc_runtime_Core_Module__id__C)
                  00007f0c    00000002     empty_pem4f.oem4f (.const:xdc_runtime_Error_Module__loggerDefined__C)
                  00007f0e    00000002     empty_pem4f.oem4f (.const:xdc_runtime_Error_maxDepth__C)
                  00007f10    00000002     empty_pem4f.oem4f (.const:xdc_runtime_Memory_Module__id__C)
                  00007f12    00000002     empty_pem4f.oem4f (.const:xdc_runtime_SysMin_flushAtExit__C)
                  00007f14    00000002     empty_pem4f.oem4f (.const:xdc_runtime_Text_charCnt__C)
                  00007f16    00000002     empty_pem4f.oem4f (.const:xdc_runtime_Text_isLoaded__C)
                  00007f18    00000002     empty_pem4f.oem4f (.const:xdc_runtime_Text_registryModsLastId__C)
                  00007f1a    00000002     empty_pem4f.oem4f (.const:xdc_runtime_Text_unnamedModsLastId__C)
                  00007f1c    00000001     empty_pem4f.oem4f (.const:xdc_runtime_Error_policy__C)

.cinit     0    00007f20    00000258     
                  00007f20    0000021d     (.cinit..data.load) [load image, compression = lzss]
                  0000813d    00000003     --HOLE-- [fill = 0]
                  00008140    0000000c     (__TI_handler_table)
                  0000814c    00000004     --HOLE-- [fill = 0]
                  00008150    00000008     (.cinit..bss.load) [load image, compression = zero_init]
                  00008158    00000008     (.cinit..vecs.load) [load image, compression = zero_init]
                  00008160    00000018     (__TI_cinit_table)

.init_array 
*          0    00000000    00000000     UNINITIALIZED

.resetVecs 
*          0    00000000    0000003c     
                  00000000    0000003c     empty_pem4f.oem4f (.resetVecs)

.vecs      0    20000000    00000360     UNINITIALIZED
                  20000000    00000360     empty_pem4f.oem4f (.vecs)

.bss       0    20000360    00000dd0     UNINITIALIZED
                  20000360    00000400     empty_pem4f.oem4f (.bss:taskStackSection)
                  20000760    00000400     (.common:ti_sysbios_heaps_HeapMem_Instance_State_0_buf__A)
                  20000b60    00000360     (.common:ti_sysbios_family_arm_m3_Hwi_dispatchTable)
                  20000ec0    00000120     rtsv7M4_T_le_v4SPD16_eabi.lib : trgmsg.obj (.bss:_CIOBUF_)
                  20000fe0    000000c8     (.common:comms)
                  200010a8    00000080     (.common:xdc_runtime_SysMin_Module_State_0_outbuf__A)
                  20001128    00000008     (.common:parmbuf)

.data      0    20001130    00000502     UNINITIALIZED
                  20001130    00000098     empty_pem4f.oem4f (.data:ti_sysbios_knl_Task_Object__table__V)
                  200011c8    00000080     empty_pem4f.oem4f (.data:ti_sysbios_family_arm_lm4_Timer_Object__table__V)
                  20001248    00000080     empty_pem4f.oem4f (.data:ti_sysbios_knl_Swi_Module_State_0_readyQ__A)
                  200012c8    00000080     empty_pem4f.oem4f (.data:ti_sysbios_knl_Task_Module_State_0_readyQ__A)
                  20001348    00000048     empty_pem4f.oem4f (.data:ti_sysbios_family_arm_m3_Hwi_Object__table__V)
                  20001390    00000044     empty_pem4f.oem4f (.data:ti_sysbios_knl_Task_Module__state__V)
                  200013d4    00000038     empty_pem4f.oem4f (.data:ti_sysbios_gates_GateMutex_Object__table__V)
                  2000140c    00000034     empty_pem4f.oem4f (.data:ti_sysbios_family_arm_m3_Hwi_Module__state__V)
                  20001440    00000030     drive.obj (.data)
                  20001470    00000030     empty_pem4f.oem4f (.data:ti_sysbios_family_arm_lm4_Timer_Module_State_0_device__A)
                  200014a0    00000030     empty_pem4f.oem4f (.data:ti_sysbios_knl_Swi_Object__table__V)
                  200014d0    0000002c     empty_pem4f.oem4f (.data:ti_sysbios_knl_Clock_Module__state__V)
                  200014fc    00000024     empty_pem4f.oem4f (.data:ti_sysbios_BIOS_Module__state__V)
                  20001520    0000001c     empty_pem4f.oem4f (.data:ti_sysbios_knl_Swi_Module__state__V)
                  2000153c    00000018     empty_pem4f.oem4f (.data:ti_sysbios_family_arm_lm4_Timer_Module_State_0_handles__A)
                  20001554    00000018     empty_pem4f.oem4f (.data:ti_sysbios_heaps_HeapMem_Object__table__V)
                  2000156c    00000014     empty_pem4f.oem4f (.data:ti_sysbios_knl_Semaphore_Object__table__V)
                  20001580    0000000d     main.obj (.data)
                  2000158d    00000001     --HOLE--
                  2000158e    00000002     empty_pem4f.oem4f (.data:ti_sysbios_family_arm_m3_Hwi_Module_State_0_excActive__A)
                  20001590    0000000c     rtsv7M4_T_le_v4SPD16_eabi.lib : exit.obj (.data:$O1$$)
                  2000159c    0000000c     empty_pem4f.oem4f (.data:ti_sysbios_family_arm_lm4_Timer_Module__state__V)
                  200015a8    0000000c     empty_pem4f.oem4f (.data:xdc_runtime_SysMin_Module__state__V)
                  200015b4    00000008     rtsv7M4_T_le_v4SPD16_eabi.lib : _lock.obj (.data:$O1$$)
                  200015bc    00000008     empty_pem4f.oem4f (.data:ti_sysbios_gates_GateHwi_Module__root__V)
                  200015c4    00000008     empty_pem4f.oem4f (.data:ti_sysbios_gates_GateMutex_Module__root__V)
                  200015cc    00000008     empty_pem4f.oem4f (.data:ti_sysbios_hal_Hwi_Object__table__V)
                  200015d4    00000008     empty_pem4f.oem4f (.data:ti_sysbios_hal_Timer_Object__table__V)
                  200015dc    00000008     empty_pem4f.oem4f (.data:ti_sysbios_heaps_HeapMem_Module__root__V)
                  200015e4    00000008     empty_pem4f.oem4f (.data:ti_sysbios_knl_Queue_Module__root__V)
                  200015ec    00000008     empty_pem4f.oem4f (.data:ti_sysbios_knl_Semaphore_Module__root__V)
                  200015f4    00000008     empty_pem4f.oem4f (.data:xdc_runtime_Registry_Module__state__V)
                  200015fc    00000008     empty_pem4f.oem4f (.data:xdc_runtime_Startup_Module__state__V)
                  20001604    00000008     empty_pem4f.oem4f (.data:xdc_runtime_System_Module_State_0_atexitHandlers__A)
                  2000160c    00000008     empty_pem4f.oem4f (.data:xdc_runtime_System_Module__state__V)
                  20001614    00000004     rtsv7M4_T_le_v4SPD16_eabi.lib : errno.obj (.data)
                  20001618    00000004                                   : stkdepth_vars.obj (.data)
                  2000161c    00000004     empty_pem4f.oem4f (.data:ti_sysbios_family_arm_m3_Hwi_Module_State_0_excContext__A)
                  20001620    00000004     empty_pem4f.oem4f (.data:ti_sysbios_family_arm_m3_Hwi_Module_State_0_excStack__A)
                  20001624    00000004     empty_pem4f.oem4f (.data:ti_sysbios_gates_GateHwi_Object__table__V)
                  20001628    00000004     empty_pem4f.oem4f (.data:ti_sysbios_knl_Task_Module_State_0_idleTask__A)
                  2000162c    00000004     empty_pem4f.oem4f (.data:xdc_runtime_Memory_Module__state__V)
                  20001630    00000002     empty_pem4f.oem4f (.data:xdc_runtime_Error_Module__state__V)

.stack     0    20001634    00000300     UNINITIALIZED
                  20001634    00000300     --HOLE--

.bootVecs 
*          0    00000000    00000008     DSECT
                  00000000    00000008     boot.aem4f : boot.oem4f (.bootVecs)

xdc.meta   0    00000000    000000d6     COPY SECTION
                  00000000    000000d6     empty_pem4f.oem4f (xdc.meta)

MODULE SUMMARY

       Module                     code    ro data   rw data
       ------                     ----    -------   -------
    .\
       main.obj                   1532    0         213    
       drive.obj                  968     0         48     
    +--+--------------------------+-------+---------+---------+
       Total:                     2500    0         261    
                                                           
    C:\TI_RTOS\Workspace\StatePID\Debug\configPkg\package\cfg\
       empty_pem4f.oem4f          1454    7540      5096   
    +--+--------------------------+-------+---------+---------+
       Total:                     1454    7540      5096   
                                                           
    C:/ti/tirtos_tivac_2_16_01_14/products/TivaWare_C_Series-2.1.1.71b/driverlib/ccs/Debug/driverlib.lib
       sysctl.obj                 586     108       0      
       gpio.obj                   502     144       0      
       adc.obj                    322     0         0      
       interrupt.obj              120     112       0      
       uart.obj                   176     0         0      
       pwm.obj                    110     0         0      
       cpu.obj                    12      0         0      
    +--+--------------------------+-------+---------+---------+
       Total:                     1828    364       0      
                                                           
    C:\TI_RTOS\Workspace\StatePID\src\sysbios\sysbios.aem4f
       BIOS.obj                   10198   0         0      
       m3_Hwi_asm.obj             314     0         0      
       m3_TaskSupport_asm.obj     180     0         0      
       m3_Hwi_asm_switch.obj      118     0         0      
    +--+--------------------------+-------+---------+---------+
       Total:                     10810   0         0      
                                                           
    C:\ti\ccsv7\tools\compiler\ti-cgt-arm_16.9.4.LTS\lib\rtsv7M4_T_le_v4SPD16_eabi.lib
       strtod.obj                 572     152       0      
       fd_add_t2.obj              438     0         0      
       trgmsg.obj                 104     0         288    
       fd_div_t2.obj              310     0         0      
       ctype.obj                  0       257       0      
       fd_mul_t2.obj              252     0         0      
       memcpy_t2.obj              156     0         0      
       fd_cmp_t2.obj              134     0         0      
       memset_t2.obj              122     0         0      
       fd_tos_t2.obj              110     0         0      
       copy_decompress_lzss.obj   104     0         0      
       exit.obj                   84      0         12     
       hostwrite.obj              88      0         0      
       cpy_tbl.obj                76      0         0      
       u_divt2.obj                64      0         0      
       fs_tod_t2.obj              56      0         0      
       _lock.obj                  20      0         8      
       args_main.obj              24      0         0      
       strlen.obj                 20      0         0      
       atof.obj                   18      0         0      
       copy_decompress_none.obj   14      0         0      
       copy_zero_init.obj         12      0         0      
       hostopen.obj               0       0         8      
       errno.obj                  0       0         4      
       stkdepth_vars.obj          0       0         4      
       i_div0.obj                 2       0         0      
    +--+--------------------------+-------+---------+---------+
       Total:                     2780    409       324    
                                                           
    C:\ti\tirtos_tivac_2_16_01_14\products\bios_6_45_02_31\packages\ti\catalog\arm\cortexm4\tiva\ce\lib\Boot.aem4f
       Boot_sysctl.oem4f          262     0         0      
       Boot.oem4f                 152     0         0      
    +--+--------------------------+-------+---------+---------+
       Total:                     414     0         0      
                                                           
    C:\ti\tirtos_tivac_2_16_01_14\products\bios_6_45_02_31\packages\ti\targets\arm\rtsarm\lib\auto_init.aem4f
       auto_init.oem4f            160     0         0      
    +--+--------------------------+-------+---------+---------+
       Total:                     160     0         0      
                                                           
    C:\ti\tirtos_tivac_2_16_01_14\products\bios_6_45_02_31\packages\ti\targets\arm\rtsarm\lib\boot.aem4f
       boot.oem4f                 88      0         0      
    +--+--------------------------+-------+---------+---------+
       Total:                     88      0         0      
                                                           
    C:\ti\tirtos_tivac_2_16_01_14\products\bios_6_45_02_31\packages\ti\targets\arm\rtsarm\lib\ti.targets.arm.rtsarm.aem4f
       System.oem4f               1255    0         0      
       Text.oem4f                 672     0         0      
       Error.oem4f                524     0         0      
       Core-mem.oem4f             358     0         0      
       Startup.oem4f              328     0         0      
       SysMin.oem4f               248     0         0      
       Core-smem.oem4f            204     0         0      
       Memory.oem4f               176     0         0      
       Assert.oem4f               84      0         0      
       Core-params.oem4f          70      0         0      
       Core-label.oem4f           52      0         0      
       Registry.oem4f             32      0         0      
       Gate.oem4f                 28      0         0      
    +--+--------------------------+-------+---------+---------+
       Total:                     4031    0         0      
                                                           
       Stack:                     0       0         768    
       Linker Generated:          0       593       0      
    +--+--------------------------+-------+---------+---------+
       Grand Total:               24065   8906      6449   


LINKER GENERATED COPY TABLES

__TI_cinit_table @ 00008160 records: 3, size/record: 8, table size: 24
	.data: load addr=00007f20, load size=0000021d bytes, run addr=20001130, run size=00000502 bytes, compression=lzss
	.bss: load addr=00008150, load size=00000008 bytes, run addr=20000360, run size=00000dd0 bytes, compression=zero_init
	.vecs: load addr=00008158, load size=00000008 bytes, run addr=20000000, run size=00000360 bytes, compression=zero_init


LINKER GENERATED HANDLER TABLE

__TI_handler_table @ 00008140 records: 3, size/record: 4, table size: 12
	index: 0, handler: __TI_decompress_lzss
	index: 1, handler: __TI_decompress_none
	index: 2, handler: __TI_zero_init


GLOBAL SYMBOLS: SORTED ALPHABETICALLY BY Name 

address   name                                                              
-------   ----                                                              
00005e31  ADCIntClear                                                       
00005341  ADCIntStatus                                                      
000059ad  ADCProcessorTrigger                                               
00004dc9  ADCSequenceConfigure                                              
000057a1  ADCSequenceDataGet                                                
00005d21  ADCSequenceDisable                                                
00005d2f  ADCSequenceEnable                                                 
00003bdd  ADCSequenceStepConfigure                                          
0000469d  C$$EXIT                                                           
000040d3  C$$IO$$                                                           
00005d95  CPUcpsie                                                          
00007d68  DriveClock                                                        
00005c1d  DriveClockFunc                                                    
00007d64  DriveSema                                                         
00007d60  Drivet                                                            
00005421  GPIODirModeSet                                                    
00002303  GPIOPadConfigSet                                                  
00004975  GPIOPinConfigure                                                  
00005b85  GPIOPinTypeADC                                                    
000059c5  GPIOPinTypeGPIOOutput                                             
00005b97  GPIOPinTypePWM                                                    
00005ba9  GPIOPinTypeUART                                                   
00001b1b  GPIOPinWrite                                                      
00004599  HOSTwrite                                                         
00003fd5  IntEnable                                                         
00005c2d  IntMasterEnable                                                   
00000dd9  PID_start                                                         
00005611  PWMGenConfigure                                                   
00005da1  PWMGenEnable                                                      
00005c3d  PWMGenPeriodSet                                                   
00005bbb  PWMOutputState                                                    
000057bf  PWMPulseWidthSet                                                  
UNDEFED   SHT$$INIT_ARRAY$$Base                                             
UNDEFED   SHT$$INIT_ARRAY$$Limit                                            
00002661  SysCtlClockGet                                                    
00002d4d  SysCtlClockSet                                                    
00005633  SysCtlDelay                                                       
00005ad1  SysCtlPWMClockSet                                                 
00005019  SysCtlPeripheralEnable                                            
00005d3d  UARTCharGetNonBlocking                                            
00005d4b  UARTCharPutNonBlocking                                            
00005dad  UARTCharsAvail                                                    
00004c81  UARTConfigSetExpClk                                               
000057fd  UARTDisable                                                       
00005ae5  UARTEnable                                                        
00001765  UARTIntClear                                                      
00005e59  UARTIntEnable                                                     
00005e3b  UARTIntStatus                                                     
00000000  __ASM__                                                           
20000ec0  __CIOBUF_                                                         
00000054  __ISA__                                                           
00000067  __PLAT__                                                          
20001934  __STACK_END                                                       
00000300  __STACK_SIZE                                                      
00000088  __TARG__                                                          
00008160  __TI_CINIT_Base                                                   
00008178  __TI_CINIT_Limit                                                  
00008140  __TI_Handler_Table_Base                                           
0000814c  __TI_Handler_Table_Limit                                          
000034e9  __TI_auto_init                                                    
20001590  __TI_cleanup_ptr                                                  
0000403d  __TI_decompress_lzss                                              
00005d59  __TI_decompress_none                                              
20001594  __TI_dtors_ptr                                                    
20001598  __TI_enable_exit_profile_output                                   
ffffffff  __TI_pprof_out_hndl                                               
ffffffff  __TI_prof_data_size                                               
ffffffff  __TI_prof_data_start                                              
000040d7  __TI_readmsg                                                      
00007f20  __TI_static_base__                                                
000040a5  __TI_writemsg                                                     
00005db9  __TI_zero_init                                                    
000000ae  __TRDR__                                                          
00003a49  __aeabi_cdcmpeq                                                   
00003a49  __aeabi_cdcmple                                                   
00003d41  __aeabi_d2f                                                       
0000196f  __aeabi_dadd                                                      
000021cd  __aeabi_ddiv                                                      
0000296d  __aeabi_dmul                                                      
00001965  __aeabi_dsub                                                      
00004f01  __aeabi_f2d                                                       
00002433  __aeabi_idiv0                                                     
00003c57  __aeabi_memclr                                                    
00003c57  __aeabi_memclr4                                                   
00003c57  __aeabi_memclr8                                                   
00003629  __aeabi_memcpy                                                    
00003629  __aeabi_memcpy4                                                   
00003629  __aeabi_memcpy8                                                   
00003c59  __aeabi_memset                                                    
00003c59  __aeabi_memset4                                                   
00003c59  __aeabi_memset8                                                   
00004d45  __aeabi_uidiv                                                     
00004d45  __aeabi_uidivmod                                                  
ffffffff  __binit__                                                         
ffffffff  __c_args__                                                        
20001634  __stack                                                           
000059dd  _args_main                                                        
00004541  _c_int00                                                          
00007765  _ctypes_                                                          
200015b4  _lock                                                             
00005b1b  _nop                                                              
00005b13  _register_lock                                                    
00005b0d  _register_unlock                                                  
200015b8  _unlock                                                           
000046a1  abort                                                             
0000392d  adc_init                                                          
00005bcd  atof                                                              
ffffffff  binit                                                             
20000fe0  comms                                                             
00004839  copy_in                                                           
20001588  count                                                             
00004cc5  distFront                                                         
00004d05  distRight                                                         
20001614  errno                                                             
20001440  error_prior                                                       
000046a9  exit                                                              
00007d6c  halHwi0                                                           
0000254d  hard_initB                                                        
20001448  i                                                                 
20001584  i16ToggleCount                                                    
20001444  integral                                                          
20001454  kd                                                                
20001450  ki                                                                
2000144c  kp                                                                
00004175  ledToggle                                                         
00004649  main                                                              
20001618  main_func_sp                                                      
2000146c  max                                                               
00003629  memcpy                                                            
00003c5f  memset                                                            
00003ad1  motorMove                                                         
00005af9  motorStop                                                         
20001128  parmbuf                                                           
20001464  pid_state                                                         
20001458  result                                                            
2000145c  result1                                                           
20001468  spin                                                              
20001460  stopper                                                           
00005b21  strlen                                                            
00001529  strtod                                                            
00001529  strtold                                                           
00007d90  ti_catalog_arm_cortexm4_tiva_ce_Boot_A_mustUseEnhancedClockMode__C
00007d94  ti_catalog_arm_cortexm4_tiva_ce_Boot_Module__diagsEnabled__C      
00007d98  ti_catalog_arm_cortexm4_tiva_ce_Boot_Module__diagsIncluded__C     
00007d9c  ti_catalog_arm_cortexm4_tiva_ce_Boot_Module__diagsMask__C         
00007926  ti_catalog_arm_cortexm4_tiva_ce_Boot_Module__id__C                
00005d89  ti_catalog_arm_cortexm4_tiva_ce_Boot_init__I                      
0000276d  ti_catalog_arm_cortexm4_tiva_ce_Boot_sysCtlClockSetI__I           
00003801  ti_catalog_arm_cortexm4_tiva_ce_Boot_sysCtlClockSet__E            
00005bf3  ti_catalog_arm_cortexm4_tiva_ce_Boot_sysCtlDelayI__I              
200014fc  ti_sysbios_BIOS_Module__state__V                                  
00005911  ti_sysbios_BIOS_RtsGateProxy_Handle__label__S                     
0000557d  ti_sysbios_BIOS_RtsGateProxy_Object__delete__S                    
00001c95  ti_sysbios_BIOS_RtsGateProxy_enter__E                             
00001dfd  ti_sysbios_BIOS_RtsGateProxy_leave__E                             
00005ec1  ti_sysbios_BIOS_RtsGateProxy_query__E                             
0000515d  ti_sysbios_BIOS_atExitFunc__I                                     
000054ed  ti_sysbios_BIOS_errorRaiseHook__I                                 
00005ab9  ti_sysbios_BIOS_exitFunc__I                                       
000037ff  ti_sysbios_BIOS_nullFunc__I                                       
00005511  ti_sysbios_BIOS_registerRTSLock__I                                
00005535  ti_sysbios_BIOS_removeRTSLock__I                                  
0000567d  ti_sysbios_BIOS_rtsLock__I                                        
000059f5  ti_sysbios_BIOS_rtsUnlock__I                                      
00005c51  ti_sysbios_BIOS_setThreadType__E                                  
00005559  ti_sysbios_BIOS_startFunc__I                                      
00005c61  ti_sysbios_BIOS_start__E                                          
20001470  ti_sysbios_family_arm_lm4_Timer_Module_State_0_device__A          
2000153c  ti_sysbios_family_arm_lm4_Timer_Module_State_0_handles__A         
00005a0d  ti_sysbios_family_arm_lm4_Timer_Module__startupDone__F            
00005a0d  ti_sysbios_family_arm_lm4_Timer_Module__startupDone__S            
2000159c  ti_sysbios_family_arm_lm4_Timer_Module__state__V                  
000041d9  ti_sysbios_family_arm_lm4_Timer_Module_startup__E                 
200011c8  ti_sysbios_family_arm_lm4_Timer_Object__table__V                  
00007da0  ti_sysbios_family_arm_lm4_Timer_enableFunc__C                     
00003399  ti_sysbios_family_arm_lm4_Timer_enableTimers__I                   
000032e9  ti_sysbios_family_arm_lm4_Timer_enableTiva__I                     
00005dc9  ti_sysbios_family_arm_lm4_Timer_getMaxTicks__E                    
000042a9  ti_sysbios_family_arm_lm4_Timer_isrStub__E                        
00005e61  ti_sysbios_family_arm_lm4_Timer_masterDisable__I                  
00002e3d  ti_sysbios_family_arm_lm4_Timer_masterEnable__I                   
00007da4  ti_sysbios_family_arm_lm4_Timer_numTimerDevices__C                
00001e01  ti_sysbios_family_arm_lm4_Timer_start__E                          
00007da8  ti_sysbios_family_arm_lm4_Timer_startupNeeded__C                  
00004d89  ti_sysbios_family_arm_lm4_Timer_startup__E                        
00004ae1  ti_sysbios_family_arm_lm4_Timer_stop__E                           
00005639  ti_sysbios_family_arm_lm4_Timer_write__I                          
00007dac  ti_sysbios_family_arm_m3_Hwi_E_NMI__C                             
00007db0  ti_sysbios_family_arm_m3_Hwi_E_busFault__C                        
00007db4  ti_sysbios_family_arm_m3_Hwi_E_debugMon__C                        
[...]
00005da1  PWMGenEnable                                                      
00005dad  UARTCharsAvail                                                    
00005db9  __TI_zero_init                                                    
00005dc9  ti_sysbios_family_arm_lm4_Timer_getMaxTicks__E                    
00005dd9  ti_sysbios_family_arm_m3_TaskSupport_checkStack__E                
00005dd9  ti_sysbios_knl_Task_SupportProxy_checkStack__E                    
00005de9  ti_sysbios_gates_GateHwi_enter__E                                 
00005df5  ti_sysbios_knl_Queue_Object__get__S                               
00005e01  xdc_runtime_Error_init__E                                         
00005e0d  xdc_runtime_Gate_enterSystem__E                                   
00005e19  xdc_runtime_Memory_calloc__E                                      
00005e25  xdc_runtime_Memory_getMaxDefaultTypeAlign__E                      
00005e31  ADCIntClear                                                       
00005e3b  UARTIntStatus                                                     
00005e45  xdc_runtime_Memory_HeapProxy_alloc__E                             
00005e4f  xdc_runtime_Memory_HeapProxy_free__E                              
00005e59  UARTIntEnable                                                     
00005e61  ti_sysbios_family_arm_lm4_Timer_masterDisable__I                  
00005e69  ti_sysbios_family_arm_m3_Hwi_doSwiRestore__I                      
00005e71  ti_sysbios_family_arm_m3_Hwi_startup__E                           
00005e71  ti_sysbios_hal_Hwi_HwiProxy_startup__E                            
00005e79  ti_sysbios_family_arm_m3_Hwi_doTaskRestore__I                     
00005e81  ti_sysbios_gates_GateHwi_leave__E                                 
00005e89  ti_sysbios_hal_Timer_start__E                                     
00005e91  ti_sysbios_hal_Timer_stop__E                                      
00005e99  ti_sysbios_heaps_HeapMem_isBlocking__E                            
00005ea1  ti_sysbios_knl_Queue_Instance_init__E                             
00005ea9  ti_sysbios_knl_Swi_startup__E                                     
00005eaf  xdc_runtime_System_Module_startup__E                              
00005eb9  ti_sysbios_gates_GateHwi_query__E                                 
00005eb9  xdc_runtime_Main_Module_GateProxy_query__E                        
00005eb9  xdc_runtime_System_Module_GateProxy_query__E                      
00005ec1  ti_sysbios_BIOS_RtsGateProxy_query__E                             
00005ec1  ti_sysbios_gates_GateMutex_query__E                               
00005ec1  ti_sysbios_heaps_HeapMem_Module_GateProxy_query__E                
00005ec9  ti_sysbios_knl_Task_startup__E                                    
00005ed1  ti_sysbios_gates_GateHwi_Instance_init__E                         
00005ed9  ti_sysbios_knl_Clock_logTick__E                                   
00005ee0  xdc_runtime_Text_charTab__A                                       
00007765  _ctypes_                                                          
00007866  xdc_runtime_Text_nodeTab__A                                       
00007926  ti_catalog_arm_cortexm4_tiva_ce_Boot_Module__id__C                
00007b74  ti_sysbios_heaps_HeapMem_Module__FXNS__C                          
00007b9c  ti_sysbios_gates_GateHwi_Module__FXNS__C                          
00007bc0  ti_sysbios_gates_GateMutex_Module__FXNS__C                        
00007be4  ti_sysbios_heaps_HeapMem_Object__PARAMS__C                        
00007c08  ti_sysbios_knl_Semaphore_Object__PARAMS__C                        
00007c2c  xdc_runtime_Startup_sfxnTab__A                                    
00007c50  ti_sysbios_gates_GateHwi_Object__DESC__C                          
00007c70  ti_sysbios_gates_GateMutex_Object__DESC__C                        
00007c90  ti_sysbios_heaps_HeapMem_Object__DESC__C                          
00007cb0  ti_sysbios_knl_Queue_Object__DESC__C                              
00007cd0  ti_sysbios_knl_Semaphore_Object__DESC__C                          
00007cf0  ti_sysbios_gates_GateHwi_Object__PARAMS__C                        
00007d08  ti_sysbios_gates_GateMutex_Object__PARAMS__C                      
00007d20  ti_sysbios_knl_Queue_Object__PARAMS__C                            
00007d38  xdc_runtime_Startup_firstFxns__A                                  
00007d4c  xdc_runtime_Startup_sfxnRts__A                                    
00007d5e  ti_sysbios_family_arm_m3_Hwi_Module__id__C                        
00007d60  Drivet                                                            
00007d64  DriveSema                                                         
00007d68  DriveClock                                                        
00007d6c  halHwi0                                                           
00007d70  ti_sysbios_family_arm_m3_Hwi_excHookFuncs__A                      
00007d78  ti_sysbios_knl_Idle_funcList__C                                   
00007d80  xdc_runtime_Startup_firstFxns__C                                  
00007d88  xdc_runtime_Startup_lastFxns__C                                   
00007d90  ti_catalog_arm_cortexm4_tiva_ce_Boot_A_mustUseEnhancedClockMode__C
00007d94  ti_catalog_arm_cortexm4_tiva_ce_Boot_Module__diagsEnabled__C      
00007d98  ti_catalog_arm_cortexm4_tiva_ce_Boot_Module__diagsIncluded__C     
00007d9c  ti_catalog_arm_cortexm4_tiva_ce_Boot_Module__diagsMask__C         
00007da0  ti_sysbios_family_arm_lm4_Timer_enableFunc__C                     
00007da4  ti_sysbios_family_arm_lm4_Timer_numTimerDevices__C                
00007da8  ti_sysbios_family_arm_lm4_Timer_startupNeeded__C                  
00007dac  ti_sysbios_family_arm_m3_Hwi_E_NMI__C                             
00007db0  ti_sysbios_family_arm_m3_Hwi_E_busFault__C                        
00007db4  ti_sysbios_family_arm_m3_Hwi_E_debugMon__C                        
00007db8  ti_sysbios_family_arm_m3_Hwi_E_hardFault__C                       
00007dbc  ti_sysbios_family_arm_m3_Hwi_E_memFault__C                        
00007dc0  ti_sysbios_family_arm_m3_Hwi_E_noIsr__C                           
00007dc4  ti_sysbios_family_arm_m3_Hwi_E_reserved__C                        
00007dc8  ti_sysbios_family_arm_m3_Hwi_E_svCall__C                          
00007dcc  ti_sysbios_family_arm_m3_Hwi_E_usageFault__C                      
00007dd0  ti_sysbios_family_arm_m3_Hwi_NUM_INTERRUPTS__C                    
00007dd4  ti_sysbios_family_arm_m3_Hwi_Object__count__C                     
00007dd8  ti_sysbios_family_arm_m3_Hwi_ccr__C                               
00007ddc  ti_sysbios_family_arm_m3_Hwi_excHandlerFunc__C                    
00007de0  ti_sysbios_family_arm_m3_Hwi_excHookFuncs__C                      
00007de4  ti_sysbios_family_arm_m3_Hwi_nullIsrFunc__C                       
00007de8  ti_sysbios_family_arm_m3_Hwi_priGroup__C                          
00007dec  ti_sysbios_gates_GateMutex_A_badContext__C                        
00007df0  ti_sysbios_gates_GateMutex_Instance_State_sem__O                  
00007df4  ti_sysbios_gates_GateMutex_Module__diagsEnabled__C                
00007df8  ti_sysbios_gates_GateMutex_Module__diagsIncluded__C               
00007dfc  ti_sysbios_gates_GateMutex_Module__diagsMask__C                   
00007e00  ti_sysbios_hal_Hwi_E_stackOverflow__C                             
00007e04  ti_sysbios_heaps_HeapMem_A_align__C                               
00007e08  ti_sysbios_heaps_HeapMem_A_heapSize__C                            
00007e0c  ti_sysbios_heaps_HeapMem_A_invalidFree__C                         
00007e10  ti_sysbios_heaps_HeapMem_A_zeroBlock__C                           
00007e14  ti_sysbios_heaps_HeapMem_E_memory__C                              
00007e18  ti_sysbios_heaps_HeapMem_Module__diagsEnabled__C                  
00007e1c  ti_sysbios_heaps_HeapMem_Module__diagsIncluded__C                 
00007e20  ti_sysbios_heaps_HeapMem_Module__diagsMask__C                     
00007e24  ti_sysbios_heaps_HeapMem_Module__gateObj__C                       
00007e28  ti_sysbios_heaps_HeapMem_Object__count__C                         
00007e2c  ti_sysbios_heaps_HeapMem_reqAlign__C                              
00007e30  ti_sysbios_knl_Clock_Module_State_clockQ__O                       
00007e34  ti_sysbios_knl_Idle_funcList__A                                   
00007e38  ti_sysbios_knl_Semaphore_A_badContext__C                          
00007e3c  ti_sysbios_knl_Semaphore_A_noEvents__C                            
00007e40  ti_sysbios_knl_Semaphore_A_overflow__C                            
00007e44  ti_sysbios_knl_Semaphore_A_pendTaskDisabled__C                    
00007e48  ti_sysbios_knl_Semaphore_Instance_State_pendQ__O                  
00007e4c  ti_sysbios_knl_Semaphore_Module__diagsEnabled__C                  
00007e50  ti_sysbios_knl_Semaphore_Module__diagsIncluded__C                 
00007e54  ti_sysbios_knl_Semaphore_Module__diagsMask__C                     
00007e58  ti_sysbios_knl_Swi_Object__count__C                               
00007e5c  ti_sysbios_knl_Task_E_spOutOfBounds__C                            
00007e60  ti_sysbios_knl_Task_E_stackOverflow__C                            
00007e64  ti_sysbios_knl_Task_Module_State_inactiveQ__O                     
00007e68  ti_sysbios_knl_Task_Object__count__C                              
00007e6c  ti_sysbios_knl_Task_allBlockedFunc__C                             
00007e70  ti_sysbios_knl_Task_numConstructedTasks__C                        
00007e74  xdc_runtime_Assert_E_assertFailed__C                              
00007e78  xdc_runtime_Core_A_initializedParams__C                           
00007e7c  xdc_runtime_Core_Module__diagsEnabled__C                          
00007e80  xdc_runtime_Core_Module__diagsIncluded__C                         
00007e84  xdc_runtime_Core_Module__diagsMask__C                             
00007e88  xdc_runtime_Error_E_memory__C                                     
00007e8c  xdc_runtime_Error_Module__diagsEnabled__C                         
00007e90  xdc_runtime_Error_Module__diagsIncluded__C                        
00007e94  xdc_runtime_Error_Module__diagsMask__C                            
00007e98  xdc_runtime_Error_Module__loggerFxn8__C                           
00007e9c  xdc_runtime_Error_Module__loggerObj__C                            
00007ea0  xdc_runtime_Error_policyFxn__C                                    
00007ea4  xdc_runtime_Error_raiseHook__C                                    
00007ea8  xdc_runtime_IGateProvider_Interface__BASE__C                      
00007eac  xdc_runtime_IHeap_Interface__BASE__C                              
00007eb0  xdc_runtime_IModule_Interface__BASE__C                            
00007eb4  xdc_runtime_Log_L_error__C                                        
00007eb8  xdc_runtime_Memory_defaultHeapInstance__C                         
00007ebc  xdc_runtime_Startup_execImpl__C                                   
00007ec0  xdc_runtime_Startup_maxPasses__C                                  
00007ec4  xdc_runtime_Startup_sfxnRts__C                                    
00007ec8  xdc_runtime_Startup_sfxnTab__C                                    
00007ecc  xdc_runtime_SysMin_bufSize__C                                     
00007ed0  xdc_runtime_SysMin_outputFunc__C                                  
00007ed4  xdc_runtime_System_Module__gateObj__C                             
00007ed8  xdc_runtime_System_abortFxn__C                                    
00007edc  xdc_runtime_System_exitFxn__C                                     
00007ee0  xdc_runtime_System_extendFxn__C                                   
00007ee4  xdc_runtime_System_maxAtexitHandlers__C                           
00007ee8  xdc_runtime_Text_charTab__C                                       
00007eec  xdc_runtime_Text_nameEmpty__C                                     
00007ef0  xdc_runtime_Text_nameStatic__C                                    
00007ef4  xdc_runtime_Text_nameUnknown__C                                   
00007ef8  xdc_runtime_Text_nodeTab__C                                       
00007efc  xdc_runtime_Text_visitRopeFxn__C                                  
00007f00  ti_sysbios_gates_GateMutex_Module__id__C                          
00007f02  ti_sysbios_hal_Hwi_Module__id__C                                  
00007f04  ti_sysbios_heaps_HeapMem_Module__id__C                            
00007f06  ti_sysbios_knl_Semaphore_Module__id__C                            
00007f08  ti_sysbios_knl_Task_Module__id__C                                 
00007f0a  xdc_runtime_Core_Module__id__C                                    
00007f0c  xdc_runtime_Error_Module__loggerDefined__C                        
00007f0e  xdc_runtime_Error_maxDepth__C                                     
00007f10  xdc_runtime_Memory_Module__id__C                                  
00007f12  xdc_runtime_SysMin_flushAtExit__C                                 
00007f14  xdc_runtime_Text_charCnt__C                                       
00007f16  xdc_runtime_Text_isLoaded__C                                      
00007f18  xdc_runtime_Text_registryModsLastId__C                            
00007f1a  xdc_runtime_Text_unnamedModsLastId__C                             
00007f1c  xdc_runtime_Error_policy__C                                       
00007f20  __TI_static_base__                                                
00008140  __TI_Handler_Table_Base                                           
0000814c  __TI_Handler_Table_Limit                                          
00008160  __TI_CINIT_Base                                                   
00008178  __TI_CINIT_Limit                                                  
20000000  ti_sysbios_family_arm_m3_Hwi_ramVectors                           
20000360  ti_sysbios_knl_Task_Instance_State_0_stack__A                     
20000560  ti_sysbios_knl_Task_Instance_State_1_stack__A                     
20000760  ti_sysbios_heaps_HeapMem_Instance_State_0_buf__A                  
20000b60  ti_sysbios_family_arm_m3_Hwi_dispatchTable                        
20000ec0  __CIOBUF_                                                         
20000fe0  comms                                                             
200010a8  xdc_runtime_SysMin_Module_State_0_outbuf__A                       
20001128  parmbuf                                                           
20001130  ti_sysbios_knl_Task_Object__table__V                              
200011c8  ti_sysbios_family_arm_lm4_Timer_Object__table__V                  
20001248  ti_sysbios_knl_Swi_Module_State_0_readyQ__A                       
200012c8  ti_sysbios_knl_Task_Module_State_0_readyQ__A                      
20001348  ti_sysbios_family_arm_m3_Hwi_Object__table__V                     
20001390  ti_sysbios_knl_Task_Module__state__V                              
200013d4  ti_sysbios_gates_GateMutex_Object__table__V                       
2000140c  ti_sysbios_family_arm_m3_Hwi_Module__state__V                     
20001440  error_prior                                                       
20001444  integral                                                          
20001448  i                                                                 
2000144c  kp                                                                
20001450  ki                                                                
20001454  kd                                                                
20001458  result                                                            
2000145c  result1                                                           
20001460  stopper                                                           
20001464  pid_state                                                         
20001468  spin                                                              
2000146c  max                                                               
20001470  ti_sysbios_family_arm_lm4_Timer_Module_State_0_device__A          
200014a0  ti_sysbios_knl_Swi_Object__table__V                               
200014d0  ti_sysbios_knl_Clock_Module__state__V                             
200014fc  ti_sysbios_BIOS_Module__state__V                                  
20001520  ti_sysbios_knl_Swi_Module__state__V                               
2000153c  ti_sysbios_family_arm_lm4_Timer_Module_State_0_handles__A         
20001554  ti_sysbios_heaps_HeapMem_Object__table__V                         
2000156c  ti_sysbios_knl_Semaphore_Object__table__V                         
20001584  i16ToggleCount                                                    
20001588  count                                                             
2000158e  ti_sysbios_family_arm_m3_Hwi_Module_State_0_excActive__A          
20001590  __TI_cleanup_ptr                                                  
20001594  __TI_dtors_ptr                                                    
20001598  __TI_enable_exit_profile_output                                   
2000159c  ti_sysbios_family_arm_lm4_Timer_Module__state__V                  
200015a8  xdc_runtime_SysMin_Module__state__V                               
200015b4  _lock                                                             
200015b8  _unlock                                                           
200015bc  ti_sysbios_gates_GateHwi_Module__root__V                          
200015c4  ti_sysbios_gates_GateMutex_Module__root__V                        
200015cc  ti_sysbios_hal_Hwi_Object__table__V                               
200015d4  ti_sysbios_hal_Timer_Object__table__V                             
200015dc  ti_sysbios_heaps_HeapMem_Module__root__V                          
200015e4  ti_sysbios_knl_Queue_Module__root__V                              
200015ec  ti_sysbios_knl_Semaphore_Module__root__V                          
200015f4  xdc_runtime_Registry_Module__state__V                             
200015fc  xdc_runtime_Startup_Module__state__V                              
20001604  xdc_runtime_System_Module_State_0_atexitHandlers__A               
2000160c  xdc_runtime_System_Module__state__V                               
20001614  errno                                                             
20001618  main_func_sp                                                      
2000161c  ti_sysbios_family_arm_m3_Hwi_Module_State_0_excContext__A         
20001620  ti_sysbios_family_arm_m3_Hwi_Module_State_0_excStack__A           
20001624  ti_sysbios_gates_GateHwi_Object__table__V                         
20001628  ti_sysbios_knl_Task_Module_State_0_idleTask__A                    
2000162c  xdc_runtime_Memory_Module__state__V                               
20001630  xdc_runtime_Error_Module__state__V                                
20001634  __stack                                                           
20001934  __STACK_END                                                       
e000e000  ti_sysbios_family_arm_m3_Hwi_nvic                                 
ffffffff  __TI_pprof_out_hndl                                               
ffffffff  __TI_prof_data_size                                               
ffffffff  __TI_prof_data_start                                              
ffffffff  __binit__                                                         
ffffffff  __c_args__                                                        
ffffffff  binit                                                             
UNDEFED   SHT$$INIT_ARRAY$$Base                                             
UNDEFED   SHT$$INIT_ARRAY$$Limit                                            

[570 symbols]
